 Jpeg9d

 Timestamp is 606f63c3 (Thu Apr  8 17:12:51 2021)

 Preferred load address is 10000000

 Start         Length     Name                   Class
 0001:00000000 0002f760H .textbss                DATA
 0002:00000000 00061494H .text$mn                CODE
 0003:00000000 00000104H .CRT$XCA                DATA
 0003:00000104 00000104H .CRT$XCZ                DATA
 0003:00000208 00000104H .CRT$XIA                DATA
 0003:0000030c 00000104H .CRT$XIZ                DATA
 0003:00000410 00000104H .CRT$XPA                DATA
 0003:00000514 00000104H .CRT$XPZ                DATA
 0003:00000618 00000104H .CRT$XTA                DATA
 0003:0000071c 00000104H .CRT$XTZ                DATA
 0003:00000820 000039e0H .rdata                  DATA
 0003:00004200 00000104H .rdata$CastGuardVftablesA DATA
 0003:00004304 00000104H .rdata$CastGuardVftablesC DATA
 0003:00004408 000001a8H .rdata$zzzdbg           DATA
 0003:000045b0 00000104H .rtc$IAA                DATA
 0003:000046b4 000001dcH .rtc$IMZ                DATA
 0003:00004890 00000104H .rtc$IZZ                DATA
 0003:00004994 00000104H .rtc$TAA                DATA
 0003:00004a98 000001dcH .rtc$TMZ                DATA
 0003:00004c74 00000104H .rtc$TZZ                DATA
 0003:00004d78 000001c8H .xdata$x                DATA
 0003:00004f40 00001621H .edata                  DATA
 0004:00000000 00000138H .data                   DATA
 0004:00000138 0000048cH .bss                    DATA
 0005:00000000 000001b4H .idata$5                DATA
 0005:000001b4 0000003cH .idata$2                DATA
 0005:000001f0 00000014H .idata$3                DATA
 0005:00000204 000001b4H .idata$4                DATA
 0005:000003b8 0000067bH .idata$6                DATA
 0006:00000000 000002a5H .msvcjmc                DATA
 0007:00000000 00000109H .00cfg                  DATA
 0008:00000000 00000170H .rsrc$01                DATA
 0008:00000170 000001b6H .rsrc$02                DATA

  Address         Publics by Value              Rva+Base       Lib:Object

 0000:00000000       ___guard_longjmp_table     00000000     <absolute>
 0000:00000000       ___volatile_metadata       00000000     <absolute>
 0000:00000000       ___arm64x_extra_rfe_table  00000000     <absolute>
 0000:00000000       ___hybrid_auxiliary_iat_copy 00000000     <absolute>
 0000:00000000       ___arm64x_redirection_metadata 00000000     <absolute>
 0000:00000000       ___x64_code_ranges_to_entry_points 00000000     <absolute>
 0000:00000000       ___x64_code_ranges_to_entry_points_count 00000000     <absolute>
 0000:00000000       ___guard_iat_table         00000000     <absolute>
 0000:00000000       ___arm64x_extra_rfe_table_size 00000000     <absolute>
 0000:00000000       ___arm64x_native_entrypoint 00000000     <absolute>
 0000:00000000       ___safe_se_handler_table   00000000     <absolute>
 0000:00000000       ___guard_eh_cont_count     00000000     <absolute>
 0000:00000000       ___guard_eh_cont_table     00000000     <absolute>
 0000:00000000       ___guard_fids_count        00000000     <absolute>
 0000:00000000       ___guard_check_icall_a64n_fptr 00000000     <absolute>
 0000:00000000       ___hybrid_auxiliary_iat    00000000     <absolute>
 0000:00000000       ___enclave_config          00000000     <absolute>
 0000:00000000       ___dynamic_value_reloc_table 00000000     <absolute>
 0000:00000000       ___guard_iat_count         00000000     <absolute>
 0000:00000000       ___hybrid_code_map_count   00000000     <absolute>
 0000:00000000       ___hybrid_code_map         00000000     <absolute>
 0000:00000000       ___arm64x_redirection_metadata_count 00000000     <absolute>
 0000:00000000       ___guard_longjmp_count     00000000     <absolute>
 0000:00000000       ___safe_se_handler_count   00000000     <absolute>
 0000:00000000       ___guard_fids_table        00000000     <absolute>
 0000:00000000       ___AbsoluteZero            00000000     <absolute>
 0000:00000100       ___guard_flags             00000100     <absolute>
 0000:00000000       ___ImageBase               10000000     <linker-defined>
 0001:00000000       __enc$textbss$begin        10001000     <linker-defined>
 0001:0002f760       __enc$textbss$end          10030760     <linker-defined>
 0002:00000d30       _DllMain@12                10031d30 f   dllmain.obj
 0002:00000d90       __JustMyCode_Default       10031d90 f i dllmain.obj
 0002:00000da0       _jpeg_CreateCompress       10031da0 f   jcapimin.obj
 0002:00001040       _jpeg_abort_compress       10032040 f   jcapimin.obj
 0002:000010a0       _jpeg_destroy_compress     100320a0 f   jcapimin.obj
 0002:00001100       _jpeg_finish_compress      10032100 f   jcapimin.obj
 0002:000013d0       _jpeg_suppress_tables      100323d0 f   jcapimin.obj
 0002:000014e0       _jpeg_write_m_byte         100324e0 f   jcapimin.obj
 0002:00001560       _jpeg_write_m_header       10032560 f   jcapimin.obj
 0002:00001660       _jpeg_write_marker         10032660 f   jcapimin.obj
 0002:000017c0       _jpeg_write_tables         100327c0 f   jcapimin.obj
 0002:00001900       _jpeg_start_compress       10032900 f   jcapistd.obj
 0002:00001a80       _jpeg_write_raw_data       10032a80 f   jcapistd.obj
 0002:00001cb0       _jpeg_write_scanlines      10032cb0 f   jcapistd.obj
 0002:00003fe0       _jinit_arith_encoder       10034fe0 f   jcarith.obj
 0002:00005100       _jinit_c_coef_controller   10036100 f   jccoefct.obj
 0002:00005940       _jinit_color_converter     10036940 f   jccolor.obj
 0002:00006ff0       _jinit_forward_dct         10037ff0 f   jcdctmgr.obj
 0002:0000a750       _jinit_huff_encoder        1003b750 f   jchuff.obj
 0002:0000b9f0       _jinit_compress_master     1003c9f0 f   jcinit.obj
 0002:0000bc90       _jpeg_calc_jpeg_dimensions 1003cc90 f   jcinit.obj
 0002:0000c6b0       _jinit_c_main_controller   1003d6b0 f   jcmainct.obj
 0002:0000de30       _jinit_marker_writer       1003ee30 f   jcmarker.obj
 0002:0000f000       _jinit_c_master_control    10040000 f   jcmaster.obj
 0002:00010900       _jpeg_abort                10041900 f   jcomapi.obj
 0002:000109e0       _jpeg_alloc_huff_table     100419e0 f   jcomapi.obj
 0002:00010a70       _jpeg_alloc_quant_table    10041a70 f   jcomapi.obj
 0002:00010b00       _jpeg_destroy              10041b00 f   jcomapi.obj
 0002:00010ba0       _jpeg_std_huff_table       10041ba0 f   jcomapi.obj
 0002:000110a0       _jpeg_add_quant_table      100420a0 f   jcparam.obj
 0002:00011270       _jpeg_default_colorspace   10042270 f   jcparam.obj
 0002:000113f0       _jpeg_default_qtables      100423f0 f   jcparam.obj
 0002:000114a0       _jpeg_quality_scaling      100424a0 f   jcparam.obj
 0002:00011540       _jpeg_set_colorspace       10042540 f   jcparam.obj
 0002:000121c0       _jpeg_set_defaults         100431c0 f   jcparam.obj
 0002:00012470       _jpeg_set_linear_quality   10043470 f   jcparam.obj
 0002:00012510       _jpeg_set_quality          10043510 f   jcparam.obj
 0002:00012590       _jpeg_simple_progression   10043590 f   jcparam.obj
 0002:00012d00       _jinit_c_prep_controller   10043d00 f   jcprepct.obj
 0002:00014660       _jinit_downsampler         10045660 f   jcsample.obj
 0002:000150c0       _jpeg_copy_critical_parameters 100460c0 f   jctrans.obj
 0002:00015620       _jpeg_write_coefficients   10046620 f   jctrans.obj
 0002:00016010       _jpeg_CreateDecompress     10047010 f   jdapimin.obj
 0002:00016270       _jpeg_abort_decompress     10047270 f   jdapimin.obj
 0002:000162d0       _jpeg_consume_input        100472d0 f   jdapimin.obj
 0002:000164d0       _jpeg_destroy_decompress   100474d0 f   jdapimin.obj
 0002:00016530       _jpeg_finish_decompress    10047530 f   jdapimin.obj
 0002:00016710       _jpeg_has_multiple_scans   10047710 f   jdapimin.obj
 0002:000167e0       _jpeg_input_complete       100477e0 f   jdapimin.obj
 0002:000168b0       _jpeg_read_header          100478b0 f   jdapimin.obj
 0002:00016a00       _jpeg_finish_output        10047a00 f   jdapistd.obj
 0002:00016b70       _jpeg_read_raw_data        10047b70 f   jdapistd.obj
 0002:00016d60       _jpeg_read_scanlines       10047d60 f   jdapistd.obj
 0002:00016f50       _jpeg_start_decompress     10047f50 f   jdapistd.obj
 0002:00017190       _jpeg_start_output         10048190 f   jdapistd.obj
 0002:00018b30       _jinit_arith_decoder       10049b30 f   jdarith.obj
 0002:000199f0       _jpeg_mem_dest             1004a9f0 f   jdatadst.obj
 0002:00019be0       _jpeg_stdio_dest           1004abe0 f   jdatadst.obj
 0002:0001a110       _jpeg_mem_src              1004b110 f   jdatasrc.obj
 0002:0001a230       _jpeg_stdio_src            1004b230 f   jdatasrc.obj
 0002:0001bfa0       _jinit_d_coef_controller   1004cfa0 f   jdcoefct.obj
 0002:0001cd30       _jinit_color_deconverter   1004dd30 f   jdcolor.obj
 0002:0001e180       _jinit_inverse_dct         1004f180 f   jddctmgr.obj
 0002:00021970       _jinit_huff_decoder        10052970 f   jdhuff.obj
 0002:000240b0       _jinit_input_controller    100550b0 f   jdinput.obj
 0002:00024190       _jpeg_core_output_dimensions 10055190 f   jdinput.obj
 0002:000254f0       _jinit_d_main_controller   100564f0 f   jdmainct.obj
 0002:0002ad40       _jinit_marker_reader       1005bd40 f   jdmarker.obj
 0002:0002ae90       _jpeg_resync_to_restart    1005be90 f   jdmarker.obj
 0002:0002b100       _jpeg_save_markers         1005c100 f   jdmarker.obj
 0002:0002b2a0       _jpeg_set_marker_processor 1005c2a0 f   jdmarker.obj
 0002:0002c7e0       _jinit_master_decompress   1005d7e0 f   jdmaster.obj
 0002:0002c8a0       _jpeg_calc_output_dimensions 1005d8a0 f   jdmaster.obj
 0002:0002ccd0       _jpeg_new_colormap         1005dcd0 f   jdmaster.obj
 0002:0002e820       _jinit_merged_upsampler    1005f820 f   jdmerge.obj
 0002:0002ece0       _jinit_d_post_controller   1005fce0 f   jdpostct.obj
 0002:0002f980       _jinit_upsampler           10060980 f   jdsample.obj
 0002:0002ffb0       _jpeg_read_coefficients    10060fb0 f   jdtrans.obj
 0002:00030360       ___local_stdio_printf_options 10061360 f i jerror.obj
 0002:000303c0       __vfprintf_l               100613c0 f i jerror.obj
 0002:00030450       __vsnprintf_l              10061450 f i jerror.obj
 0002:00030510       __vsprintf_l               10061510 f i jerror.obj
 0002:00030970       _fprintf                   10061970 f i jerror.obj
 0002:000309f0       _jpeg_std_error            100619f0 f   jerror.obj
 0002:00030c60       _sprintf                   10061c60 f i jerror.obj
 0002:00030ce0       _jpeg_fdct_float           10061ce0 f   jfdctflt.obj
 0002:000316e0       _jpeg_fdct_ifast           100626e0 f   jfdctfst.obj
 0002:00031f20       _jpeg_fdct_10x10           10062f20 f   jfdctint.obj
 0002:00032920       _jpeg_fdct_10x5            10063920 f   jfdctint.obj
 0002:00033030       _jpeg_fdct_11x11           10064030 f   jfdctint.obj
 0002:00033c80       _jpeg_fdct_12x12           10064c80 f   jfdctint.obj
 0002:00034850       _jpeg_fdct_12x6            10065850 f   jfdctint.obj
 0002:000350f0       _jpeg_fdct_13x13           100660f0 f   jfdctint.obj
 0002:00035eb0       _jpeg_fdct_14x14           10066eb0 f   jfdctint.obj
 0002:00036bd0       _jpeg_fdct_14x7            10067bd0 f   jfdctint.obj
 0002:00037670       _jpeg_fdct_15x15           10068670 f   jfdctint.obj
 0002:000384e0       _jpeg_fdct_16x16           100694e0 f   jfdctint.obj
 0002:00039460       _jpeg_fdct_16x8            1006a460 f   jfdctint.obj
 0002:0003a0a0       _jpeg_fdct_1x1             1006b0a0 f   jfdctint.obj
 0002:0003a140       _jpeg_fdct_1x2             1006b140 f   jfdctint.obj
 0002:0003a230       _jpeg_fdct_2x1             1006b230 f   jfdctint.obj
 0002:0003a320       _jpeg_fdct_2x2             1006b320 f   jfdctint.obj
 0002:0003a4e0       _jpeg_fdct_2x4             1006b4e0 f   jfdctint.obj
 0002:0003a770       _jpeg_fdct_3x3             1006b770 f   jfdctint.obj
 0002:0003aa30       _jpeg_fdct_3x6             1006ba30 f   jfdctint.obj
 0002:0003ae20       _jpeg_fdct_4x2             1006be20 f   jfdctint.obj
 0002:0003b210       _jpeg_fdct_4x4             1006c210 f   jfdctint.obj
 0002:0003b5a0       _jpeg_fdct_4x8             1006c5a0 f   jfdctint.obj
 0002:0003bb70       _jpeg_fdct_5x10            1006cb70 f   jfdctint.obj
 0002:0003c360       _jpeg_fdct_5x5             1006d360 f   jfdctint.obj
 0002:0003c800       _jpeg_fdct_6x12            1006d800 f   jfdctint.obj
 0002:0003d120       _jpeg_fdct_6x3             1006e120 f   jfdctint.obj
 0002:0003d500       _jpeg_fdct_6x6             1006e500 f   jfdctint.obj
 0002:0003da20       _jpeg_fdct_7x14            1006ea20 f   jfdctint.obj
 0002:0003e550       _jpeg_fdct_7x7             1006f550 f   jfdctint.obj
 0002:0003ece0       _jpeg_fdct_8x16            1006fce0 f   jfdctint.obj
 0002:0003f9c0       _jpeg_fdct_8x4             100709c0 f   jfdctint.obj
 0002:0003ffb0       _jpeg_fdct_9x9             10070fb0 f   jfdctint.obj
 0002:000408e0       _jpeg_fdct_islow           100718e0 f   jfdctint.obj
 0002:000410d0       _jpeg_idct_float           100720d0 f   jidctflt.obj
 0002:00041f00       _jpeg_idct_ifast           10072f00 f   jidctfst.obj
 0002:00042d00       _jpeg_idct_10x10           10073d00 f   jidctint.obj
 0002:00043900       _jpeg_idct_10x5            10074900 f   jidctint.obj
 0002:00044250       _jpeg_idct_11x11           10075250 f   jidctint.obj
 0002:00044fc0       _jpeg_idct_12x12           10075fc0 f   jidctint.obj
 0002:00045d40       _jpeg_idct_12x6            10076d40 f   jidctint.obj
 0002:000467b0       _jpeg_idct_13x13           100777b0 f   jidctint.obj
 0002:00047680       _jpeg_idct_14x14           10078680 f   jidctint.obj
 0002:000485c0       _jpeg_idct_14x7            100795c0 f   jidctint.obj
 0002:00049260       _jpeg_idct_15x15           1007a260 f   jidctint.obj
 0002:0004a220       _jpeg_idct_16x16           1007b220 f   jidctint.obj
 0002:0004b3f0       _jpeg_idct_16x8            1007c3f0 f   jidctint.obj
 0002:0004c4f0       _jpeg_idct_1x1             1007d4f0 f   jidctint.obj
 0002:0004c5d0       _jpeg_idct_1x2             1007d5d0 f   jidctint.obj
 0002:0004c710       _jpeg_idct_2x1             1007d710 f   jidctint.obj
 0002:0004c850       _jpeg_idct_2x2             1007d850 f   jidctint.obj
 0002:0004ca80       _jpeg_idct_2x4             1007da80 f   jidctint.obj
 0002:0004ce10       _jpeg_idct_3x3             1007de10 f   jidctint.obj
 0002:0004d1a0       _jpeg_idct_3x6             1007e1a0 f   jidctint.obj
 0002:0004d700       _jpeg_idct_4x2             1007e700 f   jidctint.obj
 0002:0004da90       _jpeg_idct_4x4             1007ea90 f   jidctint.obj
 0002:0004df10       _jpeg_idct_4x8             1007ef10 f   jidctint.obj
 0002:0004e900       _jpeg_idct_5x10            1007f900 f   jidctint.obj
 0002:0004f240       _jpeg_idct_5x5             10080240 f   jidctint.obj
 0002:0004f820       _jpeg_idct_6x12            10080820 f   jidctint.obj
 0002:00050260       _jpeg_idct_6x3             10081260 f   jidctint.obj
 0002:000507c0       _jpeg_idct_6x6             100817c0 f   jidctint.obj
 0002:00050e60       _jpeg_idct_7x14            10081e60 f   jidctint.obj
 0002:00051ab0       _jpeg_idct_7x7             10082ab0 f   jidctint.obj
 0002:00052340       _jpeg_idct_8x16            10083340 f   jidctint.obj
 0002:00053150       _jpeg_idct_8x4             10084150 f   jidctint.obj
 0002:000538c0       _jpeg_idct_9x9             100848c0 f   jidctint.obj
 0002:000542e0       _jpeg_idct_islow           100852e0 f   jidctint.obj
 0002:00055130       ___local_stdio_scanf_options 10086130 f i jmemmgr.obj
 0002:00055190       __vsscanf_l                10086190 f i jmemmgr.obj
 0002:00056660       _jinit_memory_mgr          10087660 f   jmemmgr.obj
 0002:00057120       _sscanf                    10088120 f i jmemmgr.obj
 0002:000571a0       _jpeg_free_large           100881a0 f   jmemnobs.obj
 0002:00057210       _jpeg_free_small           10088210 f   jmemnobs.obj
 0002:00057280       _jpeg_get_large            10088280 f   jmemnobs.obj
 0002:000572f0       _jpeg_get_small            100882f0 f   jmemnobs.obj
 0002:00057360       _jpeg_mem_available        10088360 f   jmemnobs.obj
 0002:000573d0       _jpeg_mem_init             100883d0 f   jmemnobs.obj
 0002:00057420       _jpeg_mem_term             10088420 f   jmemnobs.obj
 0002:00057470       _jpeg_open_backing_store   10088470 f   jmemnobs.obj
 0002:00057fb0       _jinit_1pass_quantizer     10088fb0 f   jquant1.obj
 0002:0005a3f0       _jinit_2pass_quantizer     1008b3f0 f   jquant2.obj
 0002:0005c010       _jcopy_block_row           1008d010 f   jutils.obj
 0002:0005c080       _jcopy_sample_rows         1008d080 f   jutils.obj
 0002:0005c160       _jdiv_round_up             1008d160 f   jutils.obj
 0002:0005c1c0       _jround_up                 1008d1c0 f   jutils.obj
 0002:0005c230       @__CheckForDebuggerJustMyCode@4 1008d230 f   MSVCRTD:debugger_jmc.obj
 0002:0005c280       @_RTC_AllocaHelper@12      1008d280 f   MSVCRTD:stack.obj
 0002:0005c2c0       @_RTC_CheckStackVars2@12   1008d2c0 f   MSVCRTD:stack.obj
 0002:0005c3d0       @_RTC_CheckStackVars@8     1008d3d0 f   MSVCRTD:stack.obj
 0002:0005c440       __RTC_CheckEsp             1008d440 f   MSVCRTD:stack.obj
 0002:0005c480       __CRT_RTC_INIT             1008d480 f   MSVCRTD:init.obj
 0002:0005c490       __CRT_RTC_INITW            1008d490 f   MSVCRTD:init.obj
 0002:0005c4a0       __RTC_InitBase             1008d4a0 f   MSVCRTD:init.obj
 0002:0005c4e0       __RTC_Shutdown             1008d4e0 f   MSVCRTD:init.obj
 0002:0005c500       @__security_check_cookie@4 1008d500 f   MSVCRTD:secchk.obj
 0002:0005c520       ___raise_securityfailure   1008d520 f   MSVCRTD:gs_report.obj
 0002:0005c560       ___report_gsfailure        1008d560 f   MSVCRTD:gs_report.obj
 0002:0005c6b0       ___report_rangecheckfailure 1008d6b0 f   MSVCRTD:gs_report.obj
 0002:0005c6c0       ___report_securityfailure  1008d6c0 f   MSVCRTD:gs_report.obj
 0002:0005c7d0       ___report_securityfailureEx 1008d7d0 f   MSVCRTD:gs_report.obj
 0002:0005cf40       __CRT_INIT@12              1008df40 f   MSVCRTD:dll_dllmain.obj
 0002:0005cf60       __DllMainCRTStartup@12     1008df60 f   MSVCRTD:dll_dllmain.obj
 0002:0005d040       ?_RTC_AllocaFailure@@YAXPAXPAU_RTC_ALLOCA_NODE@@H@Z 1008e040 f   MSVCRTD:error.obj
 0002:0005d160       ?_RTC_Failure@@YAXPAXH@Z   1008e160 f   MSVCRTD:error.obj
 0002:0005d1d0       ?_RTC_StackFailure@@YAXPAXPBD@Z 1008e1d0 f   MSVCRTD:error.obj
 0002:0005d680       __RTC_UninitUse            1008e680 f   MSVCRTD:error.obj
 0002:0005d760       __vsprintf_s_l             1008e760 f i MSVCRTD:error.obj
 0002:0005d7a0       _sprintf_s                 1008e7a0 f i MSVCRTD:error.obj
 0002:0005d7d0       ?_RTC_GetErrorFunc@@YAP6AHHPBDH00ZZPBX@Z 1008e7d0 f   MSVCRTD:userapi.obj
 0002:0005d7e0       ?_RTC_GetErrorFuncW@@YAP6AHHPB_WH00ZZPBX@Z 1008e7e0 f   MSVCRTD:userapi.obj
 0002:0005d7f0       __RTC_GetErrDesc           1008e7f0 f   MSVCRTD:userapi.obj
 0002:0005d810       __RTC_NumErrors            1008e810 f   MSVCRTD:userapi.obj
 0002:0005d820       __RTC_SetErrorFunc         1008e820 f   MSVCRTD:userapi.obj
 0002:0005d850       __RTC_SetErrorFuncW        1008e850 f   MSVCRTD:userapi.obj
 0002:0005d880       __RTC_SetErrorType         1008e880 f   MSVCRTD:userapi.obj
 0002:0005d940       ___security_init_cookie    1008e940 f   MSVCRTD:gs_support.obj
 0002:0005d9e0       ?__scrt_initialize_type_info@@YAXXZ 1008e9e0 f   MSVCRTD:tncleanup.obj
 0002:0005da00       ?__scrt_uninitialize_type_info@@YAXXZ 1008ea00 f   MSVCRTD:tncleanup.obj
 0002:0005da20       ___scrt_initialize_default_local_stdio_options 1008ea20 f   MSVCRTD:default_local_stdio_options.obj
 0002:0005da70       ?configure_argv@__scrt_narrow_argv_policy@@SAHXZ 1008ea70 f i MSVCRTD:utility.obj
 0002:0005db40       ?initialize_environment@__scrt_narrow_environment_policy@@SAHXZ 1008eb40 f i MSVCRTD:utility.obj
 0002:0005dbe0       _NtCurrentTeb              1008ebe0 f i MSVCRTD:utility.obj
 0002:0005dbf0       ___scrt_acquire_startup_lock 1008ebf0 f   MSVCRTD:utility.obj
 0002:0005dc50       ___scrt_dllmain_after_initialize_c 1008ec50 f   MSVCRTD:utility.obj
 0002:0005dc90       ___scrt_dllmain_before_initialize_c 1008ec90 f   MSVCRTD:utility.obj
 0002:0005dcc0       ___scrt_dllmain_crt_thread_attach 1008ecc0 f   MSVCRTD:utility.obj
 0002:0005dd00       ___scrt_dllmain_crt_thread_detach 1008ed00 f   MSVCRTD:utility.obj
 0002:0005dd20       ___scrt_dllmain_exception_filter 1008ed20 f   MSVCRTD:utility.obj
 0002:0005dd80       ___scrt_dllmain_uninitialize_c 1008ed80 f   MSVCRTD:utility.obj
 0002:0005ddc0       ___scrt_dllmain_uninitialize_critical 1008edc0 f   MSVCRTD:utility.obj
 0002:0005dde0       ___scrt_initialize_crt     1008ede0 f   MSVCRTD:utility.obj
 0002:0005de40       ___scrt_initialize_onexit_tables 1008ee40 f   MSVCRTD:utility.obj
 0002:0005df50       ___scrt_is_nonwritable_in_current_image 1008ef50 f   MSVCRTD:utility.obj
 0002:0005e0d0       ___scrt_release_startup_lock 1008f0d0 f   MSVCRTD:utility.obj
 0002:0005e100       ___scrt_uninitialize_crt   1008f100 f   MSVCRTD:utility.obj
 0002:0005e150       __onexit                   1008f150 f   MSVCRTD:utility.obj
 0002:0005e1d0       _at_quick_exit             1008f1d0 f   MSVCRTD:utility.obj
 0002:0005e220       _atexit                    1008f220 f   MSVCRTD:utility.obj
 0002:0005e260       ___scrt_get_dyn_tls_init_callback 1008f260 f   MSVCRTD:dyn_tls_init.obj
 0002:0005e270       ___scrt_fastfail           1008f270 f   MSVCRTD:utility_desktop.obj
 0002:0005e400       ___scrt_get_show_window_mode 1008f400 f   MSVCRTD:utility_desktop.obj
 0002:0005e450       ___scrt_initialize_mta     1008f450 f   MSVCRTD:utility_desktop.obj
 0002:0005e460       ___scrt_initialize_winrt   1008f460 f   MSVCRTD:utility_desktop.obj
 0002:0005e470       ___scrt_is_managed_app     1008f470 f   MSVCRTD:utility_desktop.obj
 0002:0005e520       ___scrt_set_unhandled_exception_filter 1008f520 f   MSVCRTD:utility_desktop.obj
 0002:0005e540       ___scrt_stub_for_initialize_mta 1008f540 f   MSVCRTD:utility_desktop.obj
 0002:0005e540       ___scrt_exe_initialize_mta 1008f540 f   MSVCRTD:utility_desktop.obj
 0002:0005e550       ___scrt_unhandled_exception_filter@4 1008f550 f   MSVCRTD:utility_desktop.obj
 0002:0005e5f0       __crt_debugger_hook        1008f5f0 f   MSVCRTD:utility_desktop.obj
 0002:0005e610       __RTC_Initialize           1008f610 f   MSVCRTD:initsect.obj
 0002:0005e650       __RTC_Terminate            1008f650 f   MSVCRTD:initsect.obj
 0002:0005e690       __except_handler4          1008f690 f   MSVCRTD:chandler4gs.obj
 0002:0005e6e0       @_guard_check_icall_nop@4  1008f6e0 f i MSVCRTD:guard_support.obj
 0002:0005e6f0       _ReadNoFence               1008f6f0 f i MSVCRTD:guard_support.obj
 0002:0005e710       _ReadPointerNoFence        1008f710 f i MSVCRTD:guard_support.obj
 0002:0005e730       ___castguard_check_failure_debugbreak 1008f730 f i MSVCRTD:guard_support.obj
 0002:0005e750       ___castguard_check_failure_fastfail 1008f750 f i MSVCRTD:guard_support.obj
 0002:0005e780       ___castguard_check_failure_nop 1008f780 f i MSVCRTD:guard_support.obj
 0002:0005e790       ___castguard_check_failure_os_handled 1008f790 f i MSVCRTD:guard_support.obj
 0002:0005e830       ___castguard_slow_path_check_debugbreak 1008f830 f i MSVCRTD:guard_support.obj
 0002:0005e870       ___castguard_slow_path_check_fastfail 1008f870 f i MSVCRTD:guard_support.obj
 0002:0005e8c0       ___castguard_slow_path_check_nop 1008f8c0 f i MSVCRTD:guard_support.obj
 0002:0005e8d0       ___castguard_slow_path_check_os_handled 1008f8d0 f i MSVCRTD:guard_support.obj
 0002:0005e990       __guard_icall_checks_enforced 1008f990 f i MSVCRTD:guard_support.obj
 0002:0005ef60       ?_RTC_GetSrcLine@@YAHPAEPA_WKPAH1K@Z 1008ff60 f   MSVCRTD:pdblkup.obj
 0002:0005f3c0       __except_handler4_noexcept 100903c0 f   MSVCRTD:chandler4_noexcept.obj
 0002:0005f440       ___isa_available_init      10090440 f   MSVCRTD:cpu_disp.obj
 0002:0005f840       __get_startup_argv_mode    10090840 f   MSVCRTD:argv_mode.obj
 0002:0005f850       ___scrt_is_ucrt_dll_in_use 10090850 f   MSVCRTD:ucrt_detection.obj
 0002:0005f87d       _memset                    1009087d f   vcruntimed:VCRUNTIME140D.dll
 0002:0005f883       _memcpy                    10090883 f   vcruntimed:VCRUNTIME140D.dll
 0002:0005f889       ___std_type_info_destroy_list 10090889 f   vcruntimed:VCRUNTIME140D.dll
 0002:0005f88f       ___current_exception       1009088f f   vcruntimed:VCRUNTIME140D.dll
 0002:0005f895       ___current_exception_context 10090895 f   vcruntimed:VCRUNTIME140D.dll
 0002:0005f89b       __except_handler4_common   1009089b f   vcruntimed:VCRUNTIME140D.dll
 0002:0005f8a1       ___vcrt_GetModuleFileNameW 100908a1 f   vcruntimed:VCRUNTIME140D.dll
 0002:0005f8a7       ___vcrt_GetModuleHandleW   100908a7 f   vcruntimed:VCRUNTIME140D.dll
 0002:0005f8ad       ___vcrt_LoadLibraryExW     100908ad f   vcruntimed:VCRUNTIME140D.dll
 0002:0005f8b3       _free                      100908b3 f   ucrtd:ucrtbased.dll
 0002:0005f8b9       _malloc                    100908b9 f   ucrtd:ucrtbased.dll
 0002:0005f8bf       _ferror                    100908bf f   ucrtd:ucrtbased.dll
 0002:0005f8c5       _fflush                    100908c5 f   ucrtd:ucrtbased.dll
 0002:0005f8cb       _fwrite                    100908cb f   ucrtd:ucrtbased.dll
 0002:0005f8d1       _fread                     100908d1 f   ucrtd:ucrtbased.dll
 0002:0005f8d7       _strncpy                   100908d7 f   ucrtd:ucrtbased.dll
 0002:0005f8dd       _exit                      100908dd f   ucrtd:ucrtbased.dll
 0002:0005f8e3       ___acrt_iob_func           100908e3 f   ucrtd:ucrtbased.dll
 0002:0005f8e9       ___stdio_common_vfprintf   100908e9 f   ucrtd:ucrtbased.dll
 0002:0005f8ef       ___stdio_common_vsprintf   100908ef f   ucrtd:ucrtbased.dll
 0002:0005f8f5       _getenv                    100908f5 f   ucrtd:ucrtbased.dll
 0002:0005f8fb       ___stdio_common_vsscanf    100908fb f   ucrtd:ucrtbased.dll
 0002:0005f901       __CrtDbgReport             10090901 f   ucrtd:ucrtbased.dll
 0002:0005f907       __CrtDbgReportW            10090907 f   ucrtd:ucrtbased.dll
 0002:0005f90d       __initterm                 1009090d f   ucrtd:ucrtbased.dll
 0002:0005f913       __initterm_e               10090913 f   ucrtd:ucrtbased.dll
 0002:0005f919       _strcpy_s                  10090919 f   ucrtd:ucrtbased.dll
 0002:0005f91f       _strcat_s                  1009091f f   ucrtd:ucrtbased.dll
 0002:0005f925       ___stdio_common_vsprintf_s 10090925 f   ucrtd:ucrtbased.dll
 0002:0005f92b       __seh_filter_dll           1009092b f   ucrtd:ucrtbased.dll
 0002:0005f931       __configure_narrow_argv    10090931 f   ucrtd:ucrtbased.dll
 0002:0005f937       __initialize_narrow_environment 10090937 f   ucrtd:ucrtbased.dll
 0002:0005f93d       __initialize_onexit_table  1009093d f   ucrtd:ucrtbased.dll
 0002:0005f943       __register_onexit_function 10090943 f   ucrtd:ucrtbased.dll
 0002:0005f949       __execute_onexit_table     10090949 f   ucrtd:ucrtbased.dll
 0002:0005f94f       __crt_atexit               1009094f f   ucrtd:ucrtbased.dll
 0002:0005f955       __crt_at_quick_exit        10090955 f   ucrtd:ucrtbased.dll
 0002:0005f95b       __cexit                    1009095b f   ucrtd:ucrtbased.dll
 0002:0005f961       _terminate                 10090961 f   ucrtd:ucrtbased.dll
 0002:0005f967       __wmakepath_s              10090967 f   ucrtd:ucrtbased.dll
 0002:0005f96d       __wsplitpath_s             1009096d f   ucrtd:ucrtbased.dll
 0002:0005f973       _wcscpy_s                  10090973 f   ucrtd:ucrtbased.dll
 0002:0005f979       _GetCurrentThreadId@0      10090979 f   kernel32:KERNEL32.dll
 0002:0005f97f       _UnhandledExceptionFilter@4 1009097f f   kernel32:KERNEL32.dll
 0002:0005f985       _SetUnhandledExceptionFilter@4 10090985 f   kernel32:KERNEL32.dll
 0002:0005f98b       _GetCurrentProcess@0       1009098b f   kernel32:KERNEL32.dll
 0002:0005f991       _TerminateProcess@8        10090991 f   kernel32:KERNEL32.dll
 0002:0005f997       _IsProcessorFeaturePresent@4 10090997 f   kernel32:KERNEL32.dll
 0002:0005f99d       _IsDebuggerPresent@0       1009099d f   kernel32:KERNEL32.dll
 0002:0005f9a3       _RaiseException@16         100909a3 f   kernel32:KERNEL32.dll
 0002:0005f9a9       _MultiByteToWideChar@24    100909a9 f   kernel32:KERNEL32.dll
 0002:0005f9af       _WideCharToMultiByte@32    100909af f   kernel32:KERNEL32.dll
 0002:0005f9b5       _QueryPerformanceCounter@4 100909b5 f   kernel32:KERNEL32.dll
 0002:0005f9bb       _GetCurrentProcessId@0     100909bb f   kernel32:KERNEL32.dll
 0002:0005f9c1       _GetSystemTimeAsFileTime@4 100909c1 f   kernel32:KERNEL32.dll
 0002:0005f9c7       _InitializeSListHead@4     100909c7 f   kernel32:KERNEL32.dll
 0002:0005f9cd       _GetStartupInfoW@4         100909cd f   kernel32:KERNEL32.dll
 0002:0005f9d3       _GetModuleHandleW@4        100909d3 f   kernel32:KERNEL32.dll
 0002:0005f9d9       _GetLastError@0            100909d9 f   kernel32:KERNEL32.dll
 0002:0005f9df       _HeapAlloc@12              100909df f   kernel32:KERNEL32.dll
 0002:0005f9e5       _HeapFree@12               100909e5 f   kernel32:KERNEL32.dll
 0002:0005f9eb       _GetProcessHeap@0          100909eb f   kernel32:KERNEL32.dll
 0002:0005f9f1       _VirtualQuery@12           100909f1 f   kernel32:KERNEL32.dll
 0002:0005f9f7       _FreeLibrary@4             100909f7 f   kernel32:KERNEL32.dll
 0002:0005f9fd       _GetProcAddress@8          100909fd f   kernel32:KERNEL32.dll
 0002:0005fa10       ___acrt_initialize         10090a10 f   MSVCRTD:ucrt_stubs.obj
 0002:0005fa10       ___vcrt_initialize         10090a10 f   MSVCRTD:ucrt_stubs.obj
 0002:0005fa10       ___scrt_stub_for_acrt_initialize 10090a10 f   MSVCRTD:ucrt_stubs.obj
 0002:0005fa20       ___acrt_thread_attach      10090a20 f   MSVCRTD:ucrt_stubs.obj
 0002:0005fa20       ___scrt_stub_for_acrt_thread_attach 10090a20 f   MSVCRTD:ucrt_stubs.obj
 0002:0005fa20       ___vcrt_thread_attach      10090a20 f   MSVCRTD:ucrt_stubs.obj
 0002:0005fa30       ___scrt_stub_for_acrt_thread_detach 10090a30 f   MSVCRTD:ucrt_stubs.obj
 0002:0005fa30       ___acrt_thread_detach      10090a30 f   MSVCRTD:ucrt_stubs.obj
 0002:0005fa30       ___vcrt_thread_detach      10090a30 f   MSVCRTD:ucrt_stubs.obj
 0002:0005fa40       ___acrt_uninitialize       10090a40 f   MSVCRTD:ucrt_stubs.obj
 0002:0005fa40       ___scrt_stub_for_acrt_uninitialize 10090a40 f   MSVCRTD:ucrt_stubs.obj
 0002:0005fa40       ___vcrt_uninitialize       10090a40 f   MSVCRTD:ucrt_stubs.obj
 0002:0005fa50       ___vcrt_uninitialize_critical 10090a50 f   MSVCRTD:ucrt_stubs.obj
 0002:0005fa50       ___scrt_stub_for_acrt_uninitialize_critical 10090a50 f   MSVCRTD:ucrt_stubs.obj
 0002:0005fa50       ___acrt_uninitialize_critical 10090a50 f   MSVCRTD:ucrt_stubs.obj
 0002:0005fa60       __is_c_termination_complete 10090a60 f   MSVCRTD:ucrt_stubs.obj
 0002:0005fa60       ___scrt_stub_for_is_c_termination_complete 10090a60 f   MSVCRTD:ucrt_stubs.obj
 0002:0005fa70       __filter_x86_sse2_floating_point_exception_default 10090a70 f   MSVCRTD:x86_exception_filter.obj
 0002:0005fa70       __filter_x86_sse2_floating_point_exception 10090a70 f   MSVCRTD:x86_exception_filter.obj
 0003:00000000       ___xc_a                    10093000     MSVCRTD:initializers.obj
 0003:00000104       ___xc_z                    10093104     MSVCRTD:initializers.obj
 0003:00000208       ___xi_a                    10093208     MSVCRTD:initializers.obj
 0003:0000030c       ___xi_z                    1009330c     MSVCRTD:initializers.obj
 0003:00000410       ___xp_a                    10093410     MSVCRTD:initializers.obj
 0003:00000514       ___xp_z                    10093514     MSVCRTD:initializers.obj
 0003:00000618       ___xt_a                    10093618     MSVCRTD:initializers.obj
 0003:0000071c       ___xt_z                    1009371c     MSVCRTD:initializers.obj
 0003:00000820       _jpeg_aritab               10093820     jaricom.obj
 0003:00000a48       __real@3ff0000000000000    10093a48     jcapimin.obj
 0003:00000b40       __real@4020000000000000    10093b40     jcdctmgr.obj
 0003:00000b50       __real@4030000000000000    10093b50     jcdctmgr.obj
 0003:00000b5c       __real@46800100            10093b5c     jcdctmgr.obj
 0003:000010c0       __real@3fc0000000000000    100940c0     jddctmgr.obj
 0003:000014f0       ??_C@_03ONFDEEMF@SOS@      100944f0     jdmarker.obj
 0003:000014f4       ??_C@_03OMINOMMP@LSE@      100944f4     jdmarker.obj
 0003:000014f8       _jpeg_std_message_table    100944f8     jerror.obj
 0003:00001760       ??_C@_0BG@MIBALFBH@Bogus?5message?5code?5?$CFd@ 10094760     jerror.obj
 0003:0000177c       ??_C@_0CA@FDMPGPNI@ALIGN_TYPE?5is?5wrong?0?5please?5fix@ 1009477c     jerror.obj
 0003:000017a4       ??_C@_0CF@DENLILGA@MAX_ALLOC_CHUNK?5is?5wrong?0?5pleas@ 100947a4     jerror.obj
 0003:000017d0       ??_C@_0BK@DKALDNKG@Bogus?5buffer?5control?5mode@ 100947d0     jerror.obj
 0003:000017f0       ??_C@_0BP@ONFLCDHG@Invalid?5component?5ID?5?$CFd?5in?5SOS@ 100947f0     jerror.obj
 0003:00001818       ??_C@_0BF@DHNDJDFN@Invalid?5crop?5request@ 10094818     jerror.obj
 0003:00001834       ??_C@_0BN@OJEJKKDL@DCT?5coefficient?5out?5of?5range@ 10094834     jerror.obj
 0003:00001858       ??_C@_0CK@JDGFICDL@DCT?5scaled?5block?5size?5?$CFdx?$CFd?5not@ 10094858     jerror.obj
 0003:00001890       ??_C@_0EA@INILHCIJ@Component?5index?5?$CFd?3?5mismatching@ 10094890     jerror.obj
 0003:000018dc       ??_C@_0BP@EOFJNLFD@Bogus?5Huffman?5table?5definition@ 100948dc     jerror.obj
 0003:00001904       ??_C@_0BH@BGDIGLHC@Bogus?5input?5colorspace@ 10094904     jerror.obj
 0003:00001920       ??_C@_0BG@NEGIHEMC@Bogus?5JPEG?5colorspace@ 10094920     jerror.obj
 0003:0000193c       ??_C@_0BE@OGLAEMOG@Bogus?5marker?5length@ 1009493c     jerror.obj
 0003:00001954       ??_C@_0DN@ELFKFKL@Wrong?5JPEG?5library?5version?3?5lib@ 10094954     jerror.obj
 0003:000019a0       ??_C@_0DA@HLEOHNPA@Sampling?5factors?5too?5large?5for?5@ 100949a0     jerror.obj
 0003:000019dc       ??_C@_0BM@OEMICEFD@Invalid?5memory?5pool?5code?5?$CFd@ 100949dc     jerror.obj
 0003:00001a00       ??_C@_0CD@LDBDNLHK@Unsupported?5JPEG?5data?5precision@ 10094a00     jerror.obj
 0003:00001a2c       ??_C@_0DH@LNGGEGOL@Invalid?5progressive?5parameters?5@ 10094a2c     jerror.obj
 0003:00001a70       ??_C@_0DH@HIKEGPKP@Invalid?5progressive?5parameters?5@ 10094a70     jerror.obj
 0003:00001ab4       ??_C@_0BH@HMMHPOPE@Bogus?5sampling?5factors@ 10094ab4     jerror.obj
 0003:00001ad0       ??_C@_0CA@MJDDICLK@Invalid?5scan?5script?5at?5entry?5?$CFd@ 10094ad0     jerror.obj
 0003:00001af8       ??_C@_0CK@BAMFIBMM@Improper?5call?5to?5JPEG?5library?5i@ 10094af8     jerror.obj
 0003:00001b30       ??_C@_0EN@DKAEGIBH@JPEG?5parameter?5struct?5mismatch?3@ 10094b30     jerror.obj
 0003:00001b8c       ??_C@_0BL@CBOEEPLK@Bogus?5virtual?5array?5access@ 10094b8c     jerror.obj
 0003:00001bac       ??_C@_0CL@JKHIPJLJ@Buffer?5passed?5to?5JPEG?5library?5i@ 10094bac     jerror.obj
 0003:00001be0       ??_C@_0BM@PKHCPJDH@Suspension?5not?5allowed?5here@ 10094be0     jerror.obj
 0003:00001c04       ??_C@_0CF@LAEFHNAH@CCIR601?5sampling?5not?5implemente@ 10094c04     jerror.obj
 0003:00001c30       ??_C@_0CG@BEBDNOCG@Too?5many?5color?5components?3?5?$CFd?0?5@ 10094c30     jerror.obj
 0003:00001c60       ??_C@_0CF@JDLOPNGO@Unsupported?5color?5conversion?5re@ 10094c60     jerror.obj
 0003:00001c8c       ??_C@_0BD@LDBBBMFL@Bogus?5DAC?5index?5?$CFd@ 10094c8c     jerror.obj
 0003:00001ca4       ??_C@_0BF@CLIOOJFM@Bogus?5DAC?5value?50x?$CFx@ 10094ca4     jerror.obj
 0003:00001cc0       ??_C@_0BD@KJHFPHIC@Bogus?5DHT?5index?5?$CFd@ 10094cc0     jerror.obj
 0003:00001cd8       ??_C@_0BD@DIMECAOP@Bogus?5DQT?5index?5?$CFd@ 10094cd8     jerror.obj
 0003:00001cf0       ??_C@_0CF@DAGGEAPM@Empty?5JPEG?5image?5?$CIDNL?5not?5suppo@ 10094cf0     jerror.obj
 0003:00001d1c       ??_C@_0BF@CPNENPBA@Read?5from?5EMS?5failed@ 10094d1c     jerror.obj
 0003:00001d38       ??_C@_0BE@DGJBKIEB@Write?5to?5EMS?5failed@ 10094d38     jerror.obj
 0003:00001d50       ??_C@_0CB@DMGINPNE@Didn?8t?5expect?5more?5than?5one?5sca@ 10094d50     jerror.obj
 0003:00001d78       ??_C@_0BG@BALCKDNL@Input?5file?5read?5error@ 10094d78     jerror.obj
 0003:00001d94       ??_C@_0CP@IDOBLGGD@Output?5file?5write?5error?5?9?9?9?5out@ 10094d94     jerror.obj
 0003:00001dcc       ??_C@_0CI@EKDDDHFF@Fractional?5sampling?5not?5impleme@ 10094dcc     jerror.obj
 0003:00001dfc       ??_C@_0CG@FLMMNCBG@Huffman?5code?5size?5table?5out?5of?5@ 10094dfc     jerror.obj
 0003:00001e2c       ??_C@_0CB@LFBMFPHI@Missing?5Huffman?5code?5table?5entr@ 10094e2c     jerror.obj
 0003:00001e54       ??_C@_0CP@EKFPGPNP@Maximum?5supported?5image?5dimensi@ 10094e54     jerror.obj
 0003:00001e8c       ??_C@_0BB@JJAIKFBB@Empty?5input?5file@ 10094e8c     jerror.obj
 0003:00001ea0       ??_C@_0BM@KEKMMNGA@Premature?5end?5of?5input?5file@ 10094ea0     jerror.obj
 0003:00001ec4       ??_C@_0DO@OPNPKGO@Cannot?5transcode?5due?5to?5multipl@ 10094ec4     jerror.obj
 0003:00001f10       ??_C@_0CH@NIBDNILP@Scan?5script?5does?5not?5transmit?5a@ 10094f10     jerror.obj
 0003:00001f40       ??_C@_0CH@EFBBPPCK@Invalid?5color?5quantization?5mode@ 10094f40     jerror.obj
 0003:00001f70       ??_C@_0BE@EOAAHHJ@Not?5implemented?5yet@ 10094f70     jerror.obj
 0003:00001f88       ??_C@_0CO@BEHINNOI@Requested?5feature?5was?5omitted?5a@ 10094f88     jerror.obj
 0003:00001fc0       ??_C@_0CI@NFDPNIK@Arithmetic?5table?50x?$CF02x?5was?5not@ 10094fc0     jerror.obj
 0003:00001ff0       ??_C@_0BM@HJHFKLAF@Backing?5store?5not?5supported@ 10094ff0     jerror.obj
 0003:00002014       ??_C@_0CF@BKANFCCL@Huffman?5table?50x?$CF02x?5was?5not?5de@ 10095014     jerror.obj
 0003:00002040       ??_C@_0CC@BKPLBDLJ@JPEG?5datastream?5contains?5no?5ima@ 10095040     jerror.obj
 0003:00002068       ??_C@_0CK@CCHKIENB@Quantization?5table?50x?$CF02x?5was?5n@ 10095068     jerror.obj
 0003:0000209c       ??_C@_0CL@GNLFDFCL@Not?5a?5JPEG?5file?3?5starts?5with?50x@ 1009509c     jerror.obj
 0003:000020d0       ??_C@_0BO@DJPLELIB@Insufficient?5memory?5?$CIcase?5?$CFd?$CJ@ 100950d0     jerror.obj
 0003:000020f4       ??_C@_0CO@HPDBAEEA@Cannot?5quantize?5more?5than?5?$CFd?5co@ 100950f4     jerror.obj
 0003:0000212c       ??_C@_0CI@PLMPLCNO@Cannot?5quantize?5to?5fewer?5than?5?$CF@ 1009512c     jerror.obj
 0003:0000215c       ??_C@_0CH@NHMNHHIB@Cannot?5quantize?5to?5more?5than?5?$CFd@ 1009515c     jerror.obj
 0003:0000218c       ??_C@_0CL@FGONDLAJ@Invalid?5JPEG?5file?5structure?3?5?$CFs@ 1009518c     jerror.obj
 0003:000021c0       ??_C@_0CN@IHJJJAFJ@Invalid?5JPEG?5file?5structure?3?5tw@ 100951c0     jerror.obj
 0003:000021f8       ??_C@_0DA@GJIJGINK@Invalid?5JPEG?5file?5structure?3?5mi@ 100951f8     jerror.obj
 0003:00002234       ??_C@_0CK@HMKECJK@Unsupported?5JPEG?5process?3?5SOF?5t@ 10095234     jerror.obj
 0003:00002268       ??_C@_0CN@HGJCMLNE@Invalid?5JPEG?5file?5structure?3?5tw@ 10095268     jerror.obj
 0003:000022a0       ??_C@_0CD@POKNOPOF@Failed?5to?5create?5temporary?5file@ 100952a0     jerror.obj
 0003:000022cc       ??_C@_0BO@EEPJGHHI@Read?5failed?5on?5temporary?5file@ 100952cc     jerror.obj
 0003:000022f0       ??_C@_0BO@GOBJOAAI@Seek?5failed?5on?5temporary?5file@ 100952f0     jerror.obj
 0003:00002314       ??_C@_0DG@KALDLIJB@Write?5failed?5on?5temporary?5file?5@ 10095314     jerror.obj
 0003:00002354       ??_C@_0CK@EPADOAKC@Application?5transferred?5too?5few@ 10095354     jerror.obj
 0003:00002388       ??_C@_0BP@BPKOBOIP@Unsupported?5marker?5type?50x?$CF02x@ 10095388     jerror.obj
 0003:000023b0       ??_C@_0CD@GCLFJCHC@Virtual?5array?5controller?5messed@ 100953b0     jerror.obj
 0003:000023dc       ??_C@_0CH@LJLHCCHC@Image?5too?5wide?5for?5this?5impleme@ 100953dc     jerror.obj
 0003:0000240c       ??_C@_0BF@EKLGFGNM@Read?5from?5XMS?5failed@ 1009540c     jerror.obj
 0003:00002428       ??_C@_0BE@FDPDCBIN@Write?5to?5XMS?5failed@ 10095428     jerror.obj
 0003:00002440       ??_C@_0DF@MHABAH@Copyright?5?$CIC?$CJ?52020?0?5Thomas?5G?4?5L@ 10095440     jerror.obj
 0003:00002480       ??_C@_0BA@CIHDPAEK@9d?5?512?9Jan?92020@ 10095480     jerror.obj
 0003:00002494       ??_C@_0DO@EGLODMBB@Caution?3?5quantization?5tables?5ar@ 10095494     jerror.obj
 0003:000024e0       ??_C@_0EC@EHPKAOHA@Adobe?5APP14?5marker?3?5version?5?$CFd?0@ 100954e0     jerror.obj
 0003:00002530       ??_C@_0CK@HCPFFNKJ@Unknown?5APP0?5marker?5?$CInot?5JFIF?$CJ?0@ 10095530     jerror.obj
 0003:00002564       ??_C@_0CM@CAEPHFAA@Unknown?5APP14?5marker?5?$CInot?5Adobe@ 10095564     jerror.obj
 0003:00002598       ??_C@_0CH@KIJGKPAA@Define?5Arithmetic?5Table?50x?$CF02x?3@ 10095598     jerror.obj
 0003:000025c8       ??_C@_0BM@MDIEILCE@Define?5Huffman?5Table?50x?$CF02x@ 100955c8     jerror.obj
 0003:000025ec       ??_C@_0CL@KLDOJIKN@Define?5Quantization?5Table?5?$CFd?5?5p@ 100955ec     jerror.obj
 0003:00002620       ??_C@_0BL@EMFIKBEK@Define?5Restart?5Interval?5?$CFu@ 10095620     jerror.obj
 0003:00002640       ??_C@_0BE@IPCOOGDJ@Freed?5EMS?5handle?5?$CFu@ 10095640     jerror.obj
 0003:00002658       ??_C@_0BH@GIPOLIGC@Obtained?5EMS?5handle?5?$CFu@ 10095658     jerror.obj
 0003:00002674       ??_C@_0N@HJHFKELG@End?5Of?5Image@ 10095674     jerror.obj
 0003:00002684       ??_C@_0CI@FKGPAJC@?5?5?5?5?5?5?5?5?$CF3d?5?$CF3d?5?$CF3d?5?$CF3d?5?$CF3d?5?$CF3d@ 10095684     jerror.obj
 0003:000026b4       ??_C@_0DF@LOKNABIG@JFIF?5APP0?5marker?3?5version?5?$CFd?4?$CF0@ 100956b4     jerror.obj
 0003:000026f4       ??_C@_0DM@JLHNPIBE@Warning?3?5thumbnail?5image?5size?5d@ 100956f4     jerror.obj
 0003:0000273c       ??_C@_0CO@KKPHGHBA@JFIF?5extension?5marker?3?5type?50x?$CF@ 1009573c     jerror.obj
 0003:00002774       ??_C@_0CB@BADBMAAB@?5?5?5?5with?5?$CFd?5x?5?$CFd?5thumbnail?5imag@ 10095774     jerror.obj
 0003:0000279c       ??_C@_0CH@EHHJCMGA@Miscellaneous?5marker?50x?$CF02x?0?5le@ 1009579c     jerror.obj
 0003:000027cc       ??_C@_0BJ@COPODLDN@Unexpected?5marker?50x?$CF02x@ 100957cc     jerror.obj
 0003:000027ec       ??_C@_0CI@GHPOCOCL@?5?5?5?5?5?5?5?5?$CF4u?5?$CF4u?5?$CF4u?5?$CF4u?5?$CF4u?5?$CF4u@ 100957ec     jerror.obj
 0003:0000281c       ??_C@_0CD@CNNAOOFA@Quantizing?5to?5?$CFd?5?$DN?5?$CFd?$CK?$CFd?$CK?$CFd?5col@ 1009581c     jerror.obj
 0003:00002848       ??_C@_0BI@NEIBNACE@Quantizing?5to?5?$CFd?5colors@ 10095848     jerror.obj
 0003:00002864       ??_C@_0CE@FDPBEAOO@Selected?5?$CFd?5colors?5for?5quantiza@ 10095864     jerror.obj
 0003:00002890       ??_C@_0CF@NIMOLBCP@At?5marker?50x?$CF02x?0?5recovery?5acti@ 10095890     jerror.obj
 0003:000028bc       ??_C@_05LLAPAOG@RST?$CFd@  100958bc     jerror.obj
 0003:000028c4       ??_C@_0DJ@PCBCLFML@Smoothing?5not?5supported?5with?5no@ 100958c4     jerror.obj
 0003:00002908       ??_C@_0DK@DMINKOGN@Start?5Of?5Frame?50x?$CF02x?3?5width?$DN?$CFu@ 10095908     jerror.obj
 0003:00002950       ??_C@_0BP@EDCAMHHE@?5?5?5?5Component?5?$CFd?3?5?$CFdhx?$CFdv?5q?$DN?$CFd@ 10095950     jerror.obj
 0003:00002978       ??_C@_0P@JLCHJELA@Start?5of?5Image@ 10095978     jerror.obj
 0003:0000298c       ??_C@_0BN@BLOOHNC@Start?5Of?5Scan?3?5?$CFd?5components@ 1009598c     jerror.obj
 0003:000029b0       ??_C@_0BO@CDEKFGLC@?5?5?5?5Component?5?$CFd?3?5dc?$DN?$CFd?5ac?$DN?$CFd@ 100959b0     jerror.obj
 0003:000029d4       ??_C@_0BN@GAMIJLDC@?5?5Ss?$DN?$CFd?0?5Se?$DN?$CFd?0?5Ah?$DN?$CFd?0?5Al?$DN?$CFd@ 100959d4     jerror.obj
 0003:000029f8       ??_C@_0BJ@KDCGAOJB@Closed?5temporary?5file?5?$CFs@ 100959f8     jerror.obj
 0003:00002a18       ??_C@_0BJ@GOCABEP@Opened?5temporary?5file?5?$CFs@ 10095a18     jerror.obj
 0003:00002a38       ??_C@_0EC@ELDEPOJP@JFIF?5extension?5marker?3?5JPEG?9com@ 10095a38     jerror.obj
 0003:00002a88       ??_C@_0DK@JGAPDCJL@JFIF?5extension?5marker?3?5palette?5@ 10095a88     jerror.obj
 0003:00002ad0       ??_C@_0DG@FCFDGNHE@JFIF?5extension?5marker?3?5RGB?5thum@ 10095ad0     jerror.obj
 0003:00002b10       ??_C@_0DE@EEJCDLOO@Unrecognized?5component?5IDs?5?$CFd?5?$CF@ 10095b10     jerror.obj
 0003:00002b50       ??_C@_0BE@FOGGKKAO@Freed?5XMS?5handle?5?$CFu@ 10095b50     jerror.obj
 0003:00002b68       ??_C@_0BH@LJLGPEFF@Obtained?5XMS?5handle?5?$CFu@ 10095b68     jerror.obj
 0003:00002b84       ??_C@_0CG@KEGHCDOM@Unknown?5Adobe?5color?5transform?5c@ 10095b84     jerror.obj
 0003:00002bb4       ??_C@_0CH@LMKBDJBK@Corrupt?5JPEG?5data?3?5bad?5arithmet@ 10095bb4     jerror.obj
 0003:00002be8       ??_C@_0EC@CBCJOINE@Inconsistent?5progression?5sequen@ 10095be8     jerror.obj
 0003:00002c38       ??_C@_0DM@PCOGCKJB@Corrupt?5JPEG?5data?3?5?$CFu?5extraneou@ 10095c38     jerror.obj
 0003:00002c80       ??_C@_0DB@PGMEPGHN@Corrupt?5JPEG?5data?3?5premature?5en@ 10095c80     jerror.obj
 0003:00002cbc       ??_C@_0CE@PBLDOPKB@Corrupt?5JPEG?5data?3?5bad?5Huffman?5@ 10095cbc     jerror.obj
 0003:00002ce8       ??_C@_0CO@ODCCEDLN@Warning?3?5unknown?5JFIF?5revision?5@ 10095ce8     jerror.obj
 0003:00002d20       ??_C@_0BL@DPFPFMLM@Premature?5end?5of?5JPEG?5file@ 10095d20     jerror.obj
 0003:00002d40       ??_C@_0DI@NFMBADOH@Corrupt?5JPEG?5data?3?5found?5marker@ 10095d40     jerror.obj
 0003:00002d84       ??_C@_0CL@BAKCGOKJ@Invalid?5SOS?5parameters?5for?5sequ@ 10095d84     jerror.obj
 0003:00002db8       ??_C@_0CL@OCGBAKPF@Application?5transferred?5too?5man@ 10095db8     jerror.obj
 0003:00002dec       ??_C@_03OFAPEBGM@?$CFs?6@  10095dec     jerror.obj
 0003:00002df0       __real@3ec3ef15            10095df0     jfdctflt.obj
 0003:00002df4       __real@3f0a8bd4            10095df4     jfdctflt.obj
 0003:00002df8       __real@3f3504f3            10095df8     jfdctflt.obj
 0003:00002dfc       __real@3fa73d75            10095dfc     jfdctflt.obj
 0003:00002e00       __real@44800000            10095e00     jfdctflt.obj
 0003:00002e04       __real@3f8a8bd4            10095e04     jidctflt.obj
 0003:00002e08       __real@3fb504f3            10095e08     jidctflt.obj
 0003:00002e0c       __real@3fec835e            10095e0c     jidctflt.obj
 0003:00002e10       __real@40273d75            10095e10     jidctflt.obj
 0003:00002e14       __real@44002000            10095e14     jidctflt.obj
 0003:00002e2c       ??_C@_07OOOLPGAB@JPEGMEM@  10095e2c     jmemmgr.obj
 0003:00002e38       ??_C@_05IBIMIMKO@?$CFld?$CFc@ 10095e38     jmemmgr.obj
 0003:00002f88       _jpeg_natural_order        10095f88     jutils.obj
 0003:000030c8       _jpeg_natural_order7       100960c8     jutils.obj
 0003:000031d0       _jpeg_natural_order6       100961d0     jutils.obj
 0003:000032a0       _jpeg_natural_order5       100962a0     jutils.obj
 0003:00003348       _jpeg_natural_order4       10096348     jutils.obj
 0003:000033c8       _jpeg_natural_order3       100963c8     jutils.obj
 0003:00003430       _jpeg_natural_order2       10096430     jutils.obj
 0003:0000358c       __pRawDllMain              1009658c     MSVCRTD:dll_dllmain.obj
 0003:0000358c       __pDefaultRawDllMain       1009658c     MSVCRTD:dll_dllmain.obj
 0003:00003650       ??_C@_0NN@JMPELKLB@The?5value?5of?5ESP?5was?5not?5proper@ 10096650     MSVCRTD:error.obj
 0003:00003760       ??_C@_0BBN@ELNNILBE@A?5cast?5to?5a?5smaller?5data?5type?5h@ 10096760     MSVCRTD:error.obj
 0003:000038b8       ??_C@_0BN@BPOGFMJL@Stack?5memory?5was?5corrupted?$AN?6@ 100968b8     MSVCRTD:error.obj
 0003:000038dc       ??_C@_0DG@DAJCDLPN@A?5local?5variable?5was?5used?5befor@ 100968dc     MSVCRTD:error.obj
 0003:0000391c       ??_C@_0CM@JMIDGKLA@Stack?5memory?5around?5_alloca?5was@ 1009691c     MSVCRTD:error.obj
 0003:00003950       ??_C@_0BO@CHIONIOI@Unknown?5Runtime?5Check?5Error?$AN?6@ 10096950     MSVCRTD:error.obj
 0003:00003978       ??_C@_1GM@CNOOJIHC@?$AAR?$AAu?$AAn?$AAt?$AAi?$AAm?$AAe?$AA?5?$AAC?$AAh?$AAe?$AAc?$AAk?$AA?5?$AAE@ 10096978     MSVCRTD:error.obj
 0003:00003a00       ??_C@_1EA@NFKNIFJP@?$AAR?$AAu?$AAn?$AA?9?$AAT?$AAi?$AAm?$AAe?$AA?5?$AAC?$AAh?$AAe?$AAc?$AAk?$AA?5@ 10096a00     MSVCRTD:error.obj
 0003:00003a4c       ??_C@_0BB@PFFGGCJP@Unknown?5Filename@ 10096a4c     MSVCRTD:error.obj
 0003:00003a60       ??_C@_0BE@GNBOBNCK@Unknown?5Module?5Name@ 10096a60     MSVCRTD:error.obj
 0003:00003a78       ??_C@_0CA@IODNCDPG@Run?9Time?5Check?5Failure?5?$CD?$CFd?5?9?5?$CFs@ 10096a78     MSVCRTD:error.obj
 0003:00003aa0       ??_C@_0CG@IAFNJNEE@Stack?5corrupted?5near?5unknown?5va@ 10096aa0     MSVCRTD:error.obj
 0003:00003ad0       ??_C@_05MKKEDADM@?$CF?42X?5@ 10096ad0     MSVCRTD:error.obj
 0003:00003ad8       ??_C@_0EJ@LJKNEOLN@Stack?5area?5around?5_alloca?5memor@ 10096ad8     MSVCRTD:error.obj
 0003:00003b30       ??_C@_01EEMJAFIK@?6@       10096b30     MSVCRTD:error.obj
 0003:00003b34       ??_C@_02LLMPMKNF@?$DO?5@   10096b34     MSVCRTD:error.obj
 0003:00003b38       ??_C@_08OMAHNMHJ@?6Data?3?5?$DM@ 10096b38     MSVCRTD:error.obj
 0003:00003b44       ??_C@_0CK@DKGBICFE@?6Allocation?5number?5within?5this?5@ 10096b44     MSVCRTD:error.obj
 0003:00003b78       ??_C@_07DFDJCKFN@?6Size?3?5@ 10096b78     MSVCRTD:error.obj
 0003:00003b84       ??_C@_0N@MHFFIMFG@?6Address?3?50x@ 10096b84     MSVCRTD:error.obj
 0003:00003b98       ??_C@_0EI@CLEPFNGI@Stack?5area?5around?5_alloca?5memor@ 10096b98     MSVCRTD:error.obj
 0003:00003bf0       ??_C@_0BK@ODNDAGKB@?$CFs?$CFs?$CFp?$CFs?$CFzd?$CFs?$CFd?$CFs?$CFs?$CFs?$CFs?$CFs@ 10096bf0     MSVCRTD:error.obj
 0003:00003c10       ??_C@_0DE@OHJBPMBP@A?5variable?5is?5being?5used?5withou@ 10096c10     MSVCRTD:error.obj
 0003:00003c68       ??_C@_0BJ@HEGAHDFO@Stack?5pointer?5corruption@ 10096c68     MSVCRTD:userapi.obj
 0003:00003c88       ??_C@_0CK@FEGOIOPB@Cast?5to?5smaller?5type?5causing?5lo@ 10096c88     MSVCRTD:userapi.obj
 0003:00003cbc       ??_C@_0BI@CIGMDCBH@Stack?5memory?5corruption@ 10096cbc     MSVCRTD:userapi.obj
 0003:00003cd8       ??_C@_0CK@CNLNOEPB@Local?5variable?5used?5before?5init@ 10096cd8     MSVCRTD:userapi.obj
 0003:00003d0c       ??_C@_0BP@OGBCLIBO@Stack?5around?5_alloca?5corrupted@ 10096d0c     MSVCRTD:userapi.obj
 0003:00003d90       ??_C@_1EI@MLPKHBGE@?$AAa?$AAp?$AAi?$AA?9?$AAm?$AAs?$AA?9?$AAw?$AAi?$AAn?$AA?9?$AAc?$AAo?$AAr?$AAe@ 10096d90     MSVCRTD:pdblkup.obj
 0003:00003de8       ??_C@_1BK@JHLNAEJL@?$AAa?$AAd?$AAv?$AAa?$AAp?$AAi?$AA3?$AA2?$AA?4?$AAd?$AAl?$AAl@ 10096de8     MSVCRTD:pdblkup.obj
 0003:00003e08       ??_C@_0O@COHOBMLB@RegOpenKeyExW@ 10096e08     MSVCRTD:pdblkup.obj
 0003:00003e18       ??_C@_0BB@GLNAEDBD@RegQueryValueExW@ 10096e18     MSVCRTD:pdblkup.obj
 0003:00003e2c       ??_C@_0M@HLOHPNFA@RegCloseKey@ 10096e2c     MSVCRTD:pdblkup.obj
 0003:00003e40       ??_C@_1HE@EBEAGLFB@?$AAS?$AAO?$AAF?$AAT?$AAW?$AAA?$AAR?$AAE?$AA?2?$AAW?$AAo?$AAw?$AA6?$AA4?$AA3@ 10096e40     MSVCRTD:pdblkup.obj
 0003:00003ecc       ??_C@_1BG@EABPBLLF@?$AAP?$AAr?$AAo?$AAd?$AAu?$AAc?$AAt?$AAD?$AAi?$AAr@ 10096ecc     MSVCRTD:pdblkup.obj
 0003:00003f0c       ??_C@_1BC@JINFINNJ@?$AAM?$AAS?$AAP?$AAD?$AAB?$AA1?$AA4?$AA0@ 10096f0c     MSVCRTD:pdblkup.obj
 0003:00003f24       ??_C@_0BB@KCIACLNC@PDBOpenValidate5@ 10096f24     MSVCRTD:pdblkup.obj
 0003:00003f38       ??_C@_01KDCPPGHE@r@        10096f38     MSVCRTD:pdblkup.obj
 0003:00003f78       __load_config_used         10096f78     MSVCRTD:loadcfg.obj
 0003:00004200       ___CastGuardVftablesStart  10097200     MSVCRTD:guard_support.obj
 0003:00004304       ___CastGuardVftablesEnd    10097304     MSVCRTD:guard_support.obj
 0003:000045b0       ___rtc_iaa                 100975b0     MSVCRTD:initsect.obj
 0003:00004890       ___rtc_izz                 10097890     MSVCRTD:initsect.obj
 0003:00004994       ___rtc_taa                 10097994     MSVCRTD:initsect.obj
 0003:00004c74       ___rtc_tzz                 10097c74     MSVCRTD:initsect.obj
 0004:00000000       __fltused                  1009a000     MSVCRTD:fltused.obj
 0004:00000004       ___security_cookie_complement 1009a004     MSVCRTD:gs_cookie.obj
 0004:00000008       ___security_cookie         1009a008     MSVCRTD:gs_cookie.obj
 0004:00000010       ?_RTC_ErrorLevels@@3PAHA   1009a010     MSVCRTD:error.obj
 0004:00000028       ___scrt_native_dllmain_reason 1009a028     MSVCRTD:utility.obj
 0004:0000002c       ___isa_enabled             1009a02c     MSVCRTD:cpu_disp.obj
 0004:00000030       ___scrt_ucrt_dll_is_in_use 1009a030     MSVCRTD:ucrt_stubs.obj
 0004:00000138       ___@@_PchSym_@00@UfhvihUgsrziUlmvwirevUwlxfnvmghUtrgsfyUgipUdrmwldhlkvmtoUgvnkUqkvtJwPdrmDCPwvyftPwooUkxsOlyq@4B2008FD98C1DD4 1009a138     pch.obj
 0004:00000500       ?_OptionsStorage@?1??__local_stdio_printf_options@@9@4_KA 1009a500     MSVCRTD:error.obj
 0004:00000518       ?__type_info_root_node@@3U__type_info_node@@A 1009a518     MSVCRTD:tncleanup.obj
 0004:00000528       ?_OptionsStorage@?1??__local_stdio_scanf_options@@9@4_KA 1009a528     MSVCRTD:default_local_stdio_options.obj
 0004:00000534       ___scrt_current_native_startup_state 1009a534     MSVCRTD:utility.obj
 0004:00000538       ___scrt_native_startup_lock 1009a538     MSVCRTD:utility.obj
 0004:00000560       ___scrt_debugger_hook_flag 1009a560     MSVCRTD:utility_desktop.obj
 0004:00000564       ___castguard_check_failure_os_handled_fptr 1009a564     MSVCRTD:guard_support.obj
 0004:00000570       ___isa_available           1009a570     MSVCRTD:cpu_disp.obj
 0004:00000574       ___favor                   1009a574     MSVCRTD:cpu_disp.obj
 0004:00000580       ?_OptionsStorage@?1??__local_stdio_scanf_options@@9@9 1009a580     <common>
 0004:00000598       ?_OptionsStorage@?1??__local_stdio_printf_options@@9@9 1009a598     <common>
 0004:000005ac       ___dyn_tls_init_callback   1009a5ac     <common>
 0004:000005b8       ___DebuggerCurrentSteppingThreadId 1009a5b8     <common>
 0005:00000000       __imp__GetModuleHandleW@4  1009b000     kernel32:KERNEL32.dll
 0005:00000004       __imp__UnhandledExceptionFilter@4 1009b004     kernel32:KERNEL32.dll
 0005:00000008       __imp__SetUnhandledExceptionFilter@4 1009b008     kernel32:KERNEL32.dll
 0005:0000000c       __imp__GetCurrentProcess@0 1009b00c     kernel32:KERNEL32.dll
 0005:00000010       __imp__TerminateProcess@8  1009b010     kernel32:KERNEL32.dll
 0005:00000014       __imp__IsProcessorFeaturePresent@4 1009b014     kernel32:KERNEL32.dll
 0005:00000018       __imp__IsDebuggerPresent@0 1009b018     kernel32:KERNEL32.dll
 0005:0000001c       __imp__RaiseException@16   1009b01c     kernel32:KERNEL32.dll
 0005:00000020       __imp__MultiByteToWideChar@24 1009b020     kernel32:KERNEL32.dll
 0005:00000024       __imp__GetProcAddress@8    1009b024     kernel32:KERNEL32.dll
 0005:00000028       __imp__FreeLibrary@4       1009b028     kernel32:KERNEL32.dll
 0005:0000002c       __imp__VirtualQuery@12     1009b02c     kernel32:KERNEL32.dll
 0005:00000030       __imp__GetProcessHeap@0    1009b030     kernel32:KERNEL32.dll
 0005:00000034       __imp__HeapFree@12         1009b034     kernel32:KERNEL32.dll
 0005:00000038       __imp__HeapAlloc@12        1009b038     kernel32:KERNEL32.dll
 0005:0000003c       __imp__GetLastError@0      1009b03c     kernel32:KERNEL32.dll
 0005:00000040       __imp__GetCurrentThreadId@0 1009b040     kernel32:KERNEL32.dll
 0005:00000044       __imp__GetStartupInfoW@4   1009b044     kernel32:KERNEL32.dll
 0005:00000048       __imp__InitializeSListHead@4 1009b048     kernel32:KERNEL32.dll
 0005:0000004c       __imp__GetSystemTimeAsFileTime@4 1009b04c     kernel32:KERNEL32.dll
 0005:00000050       __imp__GetCurrentProcessId@0 1009b050     kernel32:KERNEL32.dll
 0005:00000054       __imp__QueryPerformanceCounter@4 1009b054     kernel32:KERNEL32.dll
 0005:00000058       __imp__WideCharToMultiByte@32 1009b058     kernel32:KERNEL32.dll
 0005:0000005c       \177KERNEL32_NULL_THUNK_DATA 1009b05c     kernel32:KERNEL32.dll
 0005:00000098       __imp____vcrt_GetModuleHandleW 1009b098     vcruntimed:VCRUNTIME140D.dll
 0005:0000009c       __imp____vcrt_GetModuleFileNameW 1009b09c     vcruntimed:VCRUNTIME140D.dll
 0005:000000a0       __imp___except_handler4_common 1009b0a0     vcruntimed:VCRUNTIME140D.dll
 0005:000000a4       __imp____current_exception_context 1009b0a4     vcruntimed:VCRUNTIME140D.dll
 0005:000000a8       __imp____current_exception 1009b0a8     vcruntimed:VCRUNTIME140D.dll
 0005:000000ac       __imp____std_type_info_destroy_list 1009b0ac     vcruntimed:VCRUNTIME140D.dll
 0005:000000b0       __imp__memcpy              1009b0b0     vcruntimed:VCRUNTIME140D.dll
 0005:000000b4       __imp____vcrt_LoadLibraryExW 1009b0b4     vcruntimed:VCRUNTIME140D.dll
 0005:000000b8       __imp__memset              1009b0b8     vcruntimed:VCRUNTIME140D.dll
 0005:000000bc       \177VCRUNTIME140D_NULL_THUNK_DATA 1009b0bc     vcruntimed:VCRUNTIME140D.dll
 0005:000000ec       __imp___initialize_narrow_environment 1009b0ec     ucrtd:ucrtbased.dll
 0005:000000f0       __imp___execute_onexit_table 1009b0f0     ucrtd:ucrtbased.dll
 0005:000000f4       __imp___crt_atexit         1009b0f4     ucrtd:ucrtbased.dll
 0005:000000f8       __imp___crt_at_quick_exit  1009b0f8     ucrtd:ucrtbased.dll
 0005:000000fc       __imp___cexit              1009b0fc     ucrtd:ucrtbased.dll
 0005:00000100       __imp__terminate           1009b100     ucrtd:ucrtbased.dll
 0005:00000104       __imp___wmakepath_s        1009b104     ucrtd:ucrtbased.dll
 0005:00000108       __imp___wsplitpath_s       1009b108     ucrtd:ucrtbased.dll
 0005:0000010c       __imp__wcscpy_s            1009b10c     ucrtd:ucrtbased.dll
 0005:00000110       __imp___initialize_onexit_table 1009b110     ucrtd:ucrtbased.dll
 0005:00000114       __imp___configure_narrow_argv 1009b114     ucrtd:ucrtbased.dll
 0005:00000118       __imp___seh_filter_dll     1009b118     ucrtd:ucrtbased.dll
 0005:0000011c       __imp____stdio_common_vsprintf_s 1009b11c     ucrtd:ucrtbased.dll
 0005:00000120       __imp__strcat_s            1009b120     ucrtd:ucrtbased.dll
 0005:00000124       __imp__strcpy_s            1009b124     ucrtd:ucrtbased.dll
 0005:00000128       __imp___initterm_e         1009b128     ucrtd:ucrtbased.dll
 0005:0000012c       __imp___initterm           1009b12c     ucrtd:ucrtbased.dll
 0005:00000130       __imp___CrtDbgReportW      1009b130     ucrtd:ucrtbased.dll
 0005:00000134       __imp___CrtDbgReport       1009b134     ucrtd:ucrtbased.dll
 0005:00000138       __imp____stdio_common_vsscanf 1009b138     ucrtd:ucrtbased.dll
 0005:0000013c       __imp__getenv              1009b13c     ucrtd:ucrtbased.dll
 0005:00000140       __imp____stdio_common_vsprintf 1009b140     ucrtd:ucrtbased.dll
 0005:00000144       __imp____stdio_common_vfprintf 1009b144     ucrtd:ucrtbased.dll
 0005:00000148       __imp____acrt_iob_func     1009b148     ucrtd:ucrtbased.dll
 0005:0000014c       __imp__exit                1009b14c     ucrtd:ucrtbased.dll
 0005:00000150       __imp__strncpy             1009b150     ucrtd:ucrtbased.dll
 0005:00000154       __imp__fread               1009b154     ucrtd:ucrtbased.dll
 0005:00000158       __imp__fwrite              1009b158     ucrtd:ucrtbased.dll
 0005:0000015c       __imp__fflush              1009b15c     ucrtd:ucrtbased.dll
 0005:00000160       __imp__ferror              1009b160     ucrtd:ucrtbased.dll
 0005:00000164       __imp__malloc              1009b164     ucrtd:ucrtbased.dll
 0005:00000168       __imp__free                1009b168     ucrtd:ucrtbased.dll
 0005:0000016c       __imp___register_onexit_function 1009b16c     ucrtd:ucrtbased.dll
 0005:00000170       \177ucrtbased_NULL_THUNK_DATA 1009b170     ucrtd:ucrtbased.dll
 0005:000001b4       __IMPORT_DESCRIPTOR_VCRUNTIME140D 1009b1b4     vcruntimed:VCRUNTIME140D.dll
 0005:000001c8       __IMPORT_DESCRIPTOR_ucrtbased 1009b1c8     ucrtd:ucrtbased.dll
 0005:000001dc       __IMPORT_DESCRIPTOR_KERNEL32 1009b1dc     kernel32:KERNEL32.dll
 0005:000001f0       __NULL_IMPORT_DESCRIPTOR   1009b1f0     vcruntimed:VCRUNTIME140D.dll
 0007:00000000       ___guard_check_icall_fptr  1009d000     MSVCRTD:guard_support.obj
 0007:00000004       ___guard_xfg_check_icall_fptr 1009d004     MSVCRTD:guard_support.obj

 entry point at        0002:000005c3

 Static symbols

 0000:fff5f000       .debug$S                   10000000     Jpeg9d.exp
 0000:fff64000       __guard_fids___except_handler4 10000000     MSVCRTD:chandler4gs.obj
 0000:fff64000       __guard_fids_?dllmain_dispatch@@YAHQAUHINSTANCE__@@KQAX@Z 10000000     MSVCRTD:dll_dllmain.obj
 0000:fff64000       __guard_fids__             10000000     MSVCRTD:guard_support.obj
 0000:fff64000       __guard_fids__             10000000     MSVCRTD:guard_support.obj
 0000:fff64000       __guard_fids___guard_icall_checks_enforced 10000000     MSVCRTD:guard_support.obj
 0000:fff64000       __guard_fids___CRT_RTC_INIT 10000000     MSVCRTD:init.obj
 0000:fff64000       __guard_fids___CRT_RTC_INITW 10000000     MSVCRTD:init.obj
 0000:fff64000       __guard_fids____scrt_set_unhandled_exception_filter 10000000     MSVCRTD:utility_desktop.obj
 0000:fff5f000       .debug$S                   10000000     vcruntimed:VCRUNTIME140D.dll
 0000:fff5f000       .debug$S                   10000000     vcruntimed:VCRUNTIME140D.dll
 0000:fff5f000       .debug$S                   10000000     vcruntimed:VCRUNTIME140D.dll
 0000:fff5f000       .debug$S                   10000000     vcruntimed:VCRUNTIME140D.dll
 0000:fff5f000       .debug$S                   10000000     vcruntimed:VCRUNTIME140D.dll
 0000:fff5f000       .debug$S                   10000000     vcruntimed:VCRUNTIME140D.dll
 0000:fff5f000       .debug$S                   10000000     vcruntimed:VCRUNTIME140D.dll
 0000:fff5f000       .debug$S                   10000000     vcruntimed:VCRUNTIME140D.dll
 0000:fff5f000       .debug$S                   10000000     vcruntimed:VCRUNTIME140D.dll
 0000:fff5f000       .debug$S                   10000000     ucrtd:ucrtbased.dll
 0000:fff5f000       .debug$S                   10000000     ucrtd:ucrtbased.dll
 0000:fff5f000       .debug$S                   10000000     ucrtd:ucrtbased.dll
 0000:fff5f000       .debug$S                   10000000     ucrtd:ucrtbased.dll
 0000:fff5f000       .debug$S                   10000000     ucrtd:ucrtbased.dll
 0000:fff5f000       .debug$S                   10000000     ucrtd:ucrtbased.dll
 0000:fff5f000       .debug$S                   10000000     ucrtd:ucrtbased.dll
 0000:fff5f000       .debug$S                   10000000     ucrtd:ucrtbased.dll
 0000:fff5f000       .debug$S                   10000000     ucrtd:ucrtbased.dll
 0000:fff5f000       .debug$S                   10000000     ucrtd:ucrtbased.dll
 0000:fff5f000       .debug$S                   10000000     ucrtd:ucrtbased.dll
 0000:fff5f000       .debug$S                   10000000     ucrtd:ucrtbased.dll
 0000:fff5f000       .debug$S                   10000000     ucrtd:ucrtbased.dll
 0000:fff5f000       .debug$S                   10000000     ucrtd:ucrtbased.dll
 0000:fff5f000       .debug$S                   10000000     ucrtd:ucrtbased.dll
 0000:fff5f000       .debug$S                   10000000     ucrtd:ucrtbased.dll
 0000:fff5f000       .debug$S                   10000000     ucrtd:ucrtbased.dll
 0000:fff5f000       .debug$S                   10000000     ucrtd:ucrtbased.dll
 0000:fff5f000       .debug$S                   10000000     ucrtd:ucrtbased.dll
 0000:fff5f000       .debug$S                   10000000     ucrtd:ucrtbased.dll
 0000:fff5f000       .debug$S                   10000000     ucrtd:ucrtbased.dll
 0000:fff5f000       .debug$S                   10000000     ucrtd:ucrtbased.dll
 0000:fff5f000       .debug$S                   10000000     ucrtd:ucrtbased.dll
 0000:fff5f000       .debug$S                   10000000     ucrtd:ucrtbased.dll
 0000:fff5f000       .debug$S                   10000000     ucrtd:ucrtbased.dll
 0000:fff5f000       .debug$S                   10000000     ucrtd:ucrtbased.dll
 0000:fff5f000       .debug$S                   10000000     ucrtd:ucrtbased.dll
 0000:fff5f000       .debug$S                   10000000     ucrtd:ucrtbased.dll
 0000:fff5f000       .debug$S                   10000000     ucrtd:ucrtbased.dll
 0000:fff5f000       .debug$S                   10000000     ucrtd:ucrtbased.dll
 0000:fff5f000       .debug$S                   10000000     ucrtd:ucrtbased.dll
 0000:fff5f000       .debug$S                   10000000     ucrtd:ucrtbased.dll
 0000:fff5f000       .debug$S                   10000000     ucrtd:ucrtbased.dll
 0000:fff5f000       .debug$S                   10000000     kernel32:KERNEL32.dll
 0000:fff5f000       .debug$S                   10000000     kernel32:KERNEL32.dll
 0000:fff5f000       .debug$S                   10000000     kernel32:KERNEL32.dll
 0000:fff5f000       .debug$S                   10000000     kernel32:KERNEL32.dll
 0000:fff5f000       .debug$S                   10000000     kernel32:KERNEL32.dll
 0000:fff5f000       .debug$S                   10000000     kernel32:KERNEL32.dll
 0000:fff5f000       .debug$S                   10000000     kernel32:KERNEL32.dll
 0000:fff5f000       .debug$S                   10000000     kernel32:KERNEL32.dll
 0000:fff5f000       .debug$S                   10000000     kernel32:KERNEL32.dll
 0000:fff5f000       .debug$S                   10000000     kernel32:KERNEL32.dll
 0000:fff5f000       .debug$S                   10000000     kernel32:KERNEL32.dll
 0000:fff5f000       .debug$S                   10000000     kernel32:KERNEL32.dll
 0000:fff5f000       .debug$S                   10000000     kernel32:KERNEL32.dll
 0000:fff5f000       .debug$S                   10000000     kernel32:KERNEL32.dll
 0000:fff5f000       .debug$S                   10000000     kernel32:KERNEL32.dll
 0000:fff5f000       .debug$S                   10000000     kernel32:KERNEL32.dll
 0000:fff5f000       .debug$S                   10000000     kernel32:KERNEL32.dll
 0000:fff5f000       .debug$S                   10000000     kernel32:KERNEL32.dll
 0000:fff5f000       .debug$S                   10000000     kernel32:KERNEL32.dll
 0000:fff5f000       .debug$S                   10000000     kernel32:KERNEL32.dll
 0000:fff5f000       .debug$S                   10000000     kernel32:KERNEL32.dll
 0000:fff5f000       .debug$S                   10000000     kernel32:KERNEL32.dll
 0000:fff5f000       .debug$S                   10000000     kernel32:KERNEL32.dll
 0002:00001e6c       $LN10                      10032e6c     jcapistd.obj
 0002:00001e74       $LN9                       10032e74     jcapistd.obj
 0002:00001e80       $LN8                       10032e80     jcapistd.obj
 0002:00001f00       _arith_encode              10032f00 f   jcarith.obj
 0002:00002370       _emit_byte                 10033370 f   jcarith.obj
 0002:00002470       _emit_restart              10033470 f   jcarith.obj
 0002:00002640       _encode_mcu                10033640 f   jcarith.obj
 0002:00002d90       _encode_mcu_AC_first       10033d90 f   jcarith.obj
 0002:00003260       _encode_mcu_AC_refine      10034260 f   jcarith.obj
 0002:000036a0       _encode_mcu_DC_first       100346a0 f   jcarith.obj
 0002:00003a90       _encode_mcu_DC_refine      10034a90 f   jcarith.obj
 0002:00003c00       _finish_pass               10034c00 f   jcarith.obj
 0002:000040e0       _start_pass                100350e0 f   jcarith.obj
 0002:000044a0       _compress_data             100354a0 f   jccoefct.obj
 0002:00004930       _compress_first_pass       10035930 f   jccoefct.obj
 0002:00004dd0       _compress_output           10035dd0 f   jccoefct.obj
 0002:0000503c       $LN24                      1003603c     jccoefct.obj
 0002:00005044       $LN23                      10036044     jccoefct.obj
 0002:00005050       $LN22                      10036050     jccoefct.obj
 0002:000052e0       _start_iMCU_row            100362e0 f   jccoefct.obj
 0002:000053d0       _start_pass_coef           100363d0 f   jccoefct.obj
 0002:000055b0       _cmyk_ycck_convert         100365b0 f   jccolor.obj
 0002:00005840       _grayscale_convert         10036840 f   jccolor.obj
 0002:00005f64       $LN66                      10036f64     jccolor.obj
 0002:00005f80       $LN67                      10036f80     jccolor.obj
 0002:00005f9c       $LN68                      10036f9c     jccolor.obj
 0002:00006160       _null_convert              10037160 f   jccolor.obj
 0002:00006290       _null_method               10037290 f   jccolor.obj
 0002:000062e0       _rgb_convert               100372e0 f   jccolor.obj
 0002:00006450       _rgb_gray_convert          10037450 f   jccolor.obj
 0002:000065c0       _rgb_rgb1_convert          100375c0 f   jccolor.obj
 0002:00006770       _rgb_ycc_convert           10037770 f   jccolor.obj
 0002:000069a0       _rgb_ycc_start             100379a0 f   jccolor.obj
 0002:00006b30       _forward_DCT               10037b30 f   jcdctmgr.obj
 0002:00006d40       $LN17                      10037d40     jcdctmgr.obj
 0002:00006d48       $LN16                      10037d48     jcdctmgr.obj
 0002:00006d54       $LN15                      10037d54     jcdctmgr.obj
 0002:00006df0       _forward_DCT_float         10037df0 f   jcdctmgr.obj
 0002:00006f64       $LN11                      10037f64     jcdctmgr.obj
 0002:00006f6c       $LN10                      10037f6c     jcdctmgr.obj
 0002:00006f78       $LN9                       10037f78     jcdctmgr.obj
 0002:000070f0       _start_pass_fdctmgr        100380f0 f   jcdctmgr.obj
 0002:00007d90       _dump_buffer_e             10038d90 f   jchuff.obj
 0002:00007e70       _dump_buffer_s             10038e70 f   jchuff.obj
 0002:00007f20       _emit_ac_symbol            10038f20 f   jchuff.obj
 0002:00007ff0       _emit_bits_e               10038ff0 f   jchuff.obj
 0002:000081f0       _emit_bits_s               100391f0 f   jchuff.obj
 0002:00008400       _emit_buffered_bits        10039400 f   jchuff.obj
 0002:000084a0       _emit_dc_symbol            100394a0 f   jchuff.obj
 0002:00008570       _emit_eobrun               10039570 f   jchuff.obj
 0002:000086e0       _emit_restart_e            100396e0 f   jchuff.obj
 0002:00008890       _emit_restart_s            10039890 f   jchuff.obj
 0002:00008a20       _encode_mcu_AC_first       10039a20 f   jchuff.obj
 0002:00008d90       _encode_mcu_AC_refine      10039d90 f   jchuff.obj
 0002:0000912c       $LN27                      1003a12c     jchuff.obj
 0002:00009134       $LN26                      1003a134     jchuff.obj
 0002:00009140       $LN25                      1003a140     jchuff.obj
 0002:00009240       _encode_mcu_DC_first       1003a240 f   jchuff.obj
 0002:00009500       _encode_mcu_DC_refine      1003a500 f   jchuff.obj
 0002:000096c0       _encode_mcu_gather         1003a6c0 f   jchuff.obj
 0002:00009880       _encode_mcu_huff           1003a880 f   jchuff.obj
 0002:00009abc       $LN14                      1003aabc     jchuff.obj
 0002:00009ac4       $LN13                      1003aac4     jchuff.obj
 0002:00009ad0       $LN12                      1003aad0     jchuff.obj
 0002:00009b70       _encode_one_block          1003ab70 f   jchuff.obj
 0002:00009f20       _finish_pass_gather        1003af20 f   jchuff.obj
 0002:0000a0e8       $LN16                      1003b0e8     jchuff.obj
 0002:0000a0f0       $LN15                      1003b0f0     jchuff.obj
 0002:0000a108       $LN14                      1003b108     jchuff.obj
 0002:0000a10f       $LN13                      1003b10f     jchuff.obj
 0002:0000a1a0       _finish_pass_huff          1003b1a0 f   jchuff.obj
 0002:0000a330       $LN8                       1003b330     jchuff.obj
 0002:0000a338       $LN7                       1003b338     jchuff.obj
 0002:0000a344       $LN6                       1003b344     jchuff.obj
 0002:0000a3c0       _flush_bits_e              1003b3c0 f   jchuff.obj
 0002:0000a440       _flush_bits_s              1003b440 f   jchuff.obj
 0002:0000a4d0       _htest_one_block           1003b4d0 f   jchuff.obj
 0002:0000a870       _jpeg_gen_optimal_table    1003b870 f   jchuff.obj
 0002:0000aec0       $LN51                      1003bec0     jchuff.obj
 0002:0000aec8       $LN50                      1003bec8     jchuff.obj
 0002:0000aeec       $LN49                      1003beec     jchuff.obj
 0002:0000aef3       $LN48                      1003bef3     jchuff.obj
 0002:0000aefc       $LN47                      1003befc     jchuff.obj
 0002:0000b0b0       _jpeg_make_c_derived_tbl   1003c0b0 f   jchuff.obj
 0002:0000b434       $LN33                      1003c434     jchuff.obj
 0002:0000b43c       $LN32                      1003c43c     jchuff.obj
 0002:0000b454       $LN31                      1003c454     jchuff.obj
 0002:0000b45d       $LN30                      1003c45d     jchuff.obj
 0002:0000b560       _start_pass_huff           1003c560 f   jchuff.obj
 0002:0000c830       _process_data_simple_main  1003d830 f   jcmainct.obj
 0002:0000c9e0       _start_pass_main           1003d9e0 f   jcmainct.obj
 0002:0000cae0       _emit_2bytes               1003dae0 f   jcmarker.obj
 0002:0000cb70       _emit_adobe_app14          1003db70 f   jcmarker.obj
 0002:0000ccd0       _emit_byte                 1003dcd0 f   jcmarker.obj
 0002:0000cdd0       _emit_dac                  1003ddd0 f   jcmarker.obj
 0002:0000cfdc       $LN25                      1003dfdc     jcmarker.obj
 0002:0000cfe4       $LN24                      1003dfe4     jcmarker.obj
 0002:0000cffc       $LN23                      1003dffc     jcmarker.obj
 0002:0000d006       $LN22                      1003e006     jcmarker.obj
 0002:0000d0a0       _emit_dht                  1003e0a0 f   jcmarker.obj
 0002:0000d2a0       _emit_dqt                  1003e2a0 f   jcmarker.obj
 0002:0000d4e0       _emit_dri                  1003e4e0 f   jcmarker.obj
 0002:0000d570       _emit_jfif_app0            1003e570 f   jcmarker.obj
 0002:0000d6f0       _emit_lse_ict              1003e6f0 f   jcmarker.obj
 0002:0000d900       _emit_marker               1003e900 f   jcmarker.obj
 0002:0000d980       _emit_pseudo_sos           1003e980 f   jcmarker.obj
 0002:0000da60       _emit_sof                  1003ea60 f   jcmarker.obj
 0002:0000dc30       _emit_sos                  1003ec30 f   jcmarker.obj
 0002:0000df20       _write_file_header         1003ef20 f   jcmarker.obj
 0002:0000dfe0       _write_file_trailer        1003efe0 f   jcmarker.obj
 0002:0000e040       _write_frame_header        1003f040 f   jcmarker.obj
 0002:0000e2e0       _write_marker_byte         1003f2e0 f   jcmarker.obj
 0002:0000e340       _write_marker_header       1003f340 f   jcmarker.obj
 0002:0000e3f0       _write_scan_header         1003f3f0 f   jcmarker.obj
 0002:0000e560       _write_tables_only         1003f560 f   jcmarker.obj
 0002:0000e6a0       _finish_pass_master        1003f6a0 f   jcmaster.obj
 0002:0000e7e0       _initial_setup             1003f7e0 f   jcmaster.obj
 0002:0000ee48       $LN48                      1003fe48     jcmaster.obj
 0002:0000f230       _pass_startup              10040230 f   jcmaster.obj
 0002:0000f2e0       _per_scan_setup            100402e0 f   jcmaster.obj
 0002:0000f760       _prepare_for_pass          10040760 f   jcmaster.obj
 0002:0000fbd0       _reduce_script             10040bd0 f   jcmaster.obj
 0002:0000fd00       _select_scan_parameters    10040d00 f   jcmaster.obj
 0002:0000ff70       _validate_script           10040f70 f   jcmaster.obj
 0002:000106d4       $LN72                      100416d4     jcmaster.obj
 0002:000106dc       $LN71                      100416dc     jcmaster.obj
 0002:000106f4       $LN70                      100416f4     jcmaster.obj
 0002:00010700       $LN69                      10041700     jcmaster.obj
 0002:00010e20       _fill_a_scan               10041e20 f   jcparam.obj
 0002:00010ed0       _fill_dc_scans             10041ed0 f   jcparam.obj
 0002:00010fd0       _fill_scans                10041fd0 f   jcparam.obj
 0002:00011380       $LN14                      10042380     jcparam.obj
 0002:00011f18       $LN36                      10042f18     jcparam.obj
 0002:00012970       _std_huff_tables           10043970 f   jcparam.obj
 0002:00012a70       _create_context_buffer     10043a70 f   jcprepct.obj
 0002:00012c60       _expand_bottom_edge        10043c60 f   jcprepct.obj
 0002:00012ec0       _pre_process_context       10043ec0 f   jcprepct.obj
 0002:00013230       _pre_process_data          10044230 f   jcprepct.obj
 0002:00013550       _start_pass_prep           10044550 f   jcprepct.obj
 0002:00013620       _expand_right_edge         10044620 f   jcsample.obj
 0002:00013700       _fullsize_downsample       10044700 f   jcsample.obj
 0002:000137b0       _fullsize_smooth_downsample 100447b0 f   jcsample.obj
 0002:00013b10       _h2v1_downsample           10044b10 f   jcsample.obj
 0002:00013c60       _h2v2_downsample           10044c60 f   jcsample.obj
 0002:00013e00       _h2v2_smooth_downsample    10044e00 f   jcsample.obj
 0002:00014410       _int_downsample            10045410 f   jcsample.obj
 0002:000149c0       _sep_downsample            100459c0 f   jcsample.obj
 0002:00014ad0       _start_pass_downsample     10045ad0 f   jcsample.obj
 0002:00014b20       _compress_output           10045b20 f   jctrans.obj
 0002:00014ea8       $LN33                      10045ea8     jctrans.obj
 0002:00014eb0       $LN32                      10045eb0     jctrans.obj
 0002:00014ec8       $LN31                      10045ec8     jctrans.obj
 0002:00014ed3       $LN30                      10045ed3     jctrans.obj
 0002:00014fd0       _jpeg_calc_trans_dimensions 10045fd0 f   jctrans.obj
 0002:00015750       _start_iMCU_row            10046750 f   jctrans.obj
 0002:00015840       _start_pass_coef           10046840 f   jctrans.obj
 0002:000158f0       _transencode_coef_controller 100468f0 f   jctrans.obj
 0002:00015a20       _transencode_master_selection 10046a20 f   jctrans.obj
 0002:00015b30       _default_decompress_parms  10046b30 f   jdapimin.obj
 0002:00016438       $LN17                      10047438     jdapimin.obj
 0002:00016ecc       $LN8                       10047ecc     jdapistd.obj
 0002:00016ed4       $LN7                       10047ed4     jdapistd.obj
 0002:00016ee0       $LN6                       10047ee0     jdapistd.obj
 0002:000172a0       _output_pass_setup         100482a0 f   jdapistd.obj
 0002:000174b0       _arith_decode              100484b0 f   jdarith.obj
 0002:000177d0       _decode_mcu                100487d0 f   jdarith.obj
 0002:00017e30       _decode_mcu_AC_first       10048e30 f   jdarith.obj
 0002:000181e0       _decode_mcu_AC_refine      100491e0 f   jdarith.obj
 0002:000184f0       _decode_mcu_DC_first       100494f0 f   jdarith.obj
 0002:00018880       _decode_mcu_DC_refine      10049880 f   jdarith.obj
 0002:000189e0       _finish_pass               100499e0 f   jdarith.obj
 0002:00018a30       _get_byte                  10049a30 f   jdarith.obj
 0002:00018d10       _process_restart           10049d10 f   jdarith.obj
 0002:00018f20       _start_pass                10049f20 f   jdarith.obj
 0002:000196a0       _empty_mem_output_buffer   1004a6a0 f   jdatadst.obj
 0002:00019810       _empty_output_buffer       1004a810 f   jdatadst.obj
 0002:000198f0       _init_destination          1004a8f0 f   jdatadst.obj
 0002:000199a0       _init_mem_destination      1004a9a0 f   jdatadst.obj
 0002:00019ca0       _term_destination          1004aca0 f   jdatadst.obj
 0002:00019de0       _term_mem_destination      1004ade0 f   jdatadst.obj
 0002:00019e60       _fill_input_buffer         1004ae60 f   jdatasrc.obj
 0002:00019fc0       _fill_mem_input_buffer     1004afc0 f   jdatasrc.obj
 0002:0001a060       _init_mem_source           1004b060 f   jdatasrc.obj
 0002:0001a0b0       _init_source               1004b0b0 f   jdatasrc.obj
 0002:0001a360       _skip_input_data           1004b360 f   jdatasrc.obj
 0002:0001a430       _term_source               1004b430 f   jdatasrc.obj
 0002:0001a480       _consume_data              1004b480 f   jdcoefct.obj
[...]
 0006:00000063       __6DFAE8B8_stdio@h         1009c063     jcmarker.obj
 0006:00000064       __1FEB9909_corecrt_memcpy_s@h 1009c064     jcmarker.obj
 0006:00000065       __9200769A_corecrt_wstring@h 1009c065     jcmarker.obj
 0006:00000066       __32E5F013_string@h        1009c066     jcmarker.obj
 0006:00000067       __01266211_jcmarker@c      1009c067     jcmarker.obj
 0006:00000069       __A2143F22_corecrt_stdio_config@h 1009c069     jcmaster.obj
 0006:0000006a       __829E1958_corecrt_wstdio@h 1009c06a     jcmaster.obj
 0006:0000006b       __6DFAE8B8_stdio@h         1009c06b     jcmaster.obj
 0006:0000006c       __1FEB9909_corecrt_memcpy_s@h 1009c06c     jcmaster.obj
 0006:0000006d       __9200769A_corecrt_wstring@h 1009c06d     jcmaster.obj
 0006:0000006e       __32E5F013_string@h        1009c06e     jcmaster.obj
 0006:0000006f       __28CAB1E7_jcmaster@c      1009c06f     jcmaster.obj
 0006:00000071       __A2143F22_corecrt_stdio_config@h 1009c071     jcomapi.obj
 0006:00000072       __829E1958_corecrt_wstdio@h 1009c072     jcomapi.obj
 0006:00000073       __6DFAE8B8_stdio@h         1009c073     jcomapi.obj
 0006:00000074       __1FEB9909_corecrt_memcpy_s@h 1009c074     jcomapi.obj
 0006:00000075       __9200769A_corecrt_wstring@h 1009c075     jcomapi.obj
 0006:00000076       __32E5F013_string@h        1009c076     jcomapi.obj
 0006:00000077       __AA6F2DAD_jcomapi@c       1009c077     jcomapi.obj
 0006:00000079       __A2143F22_corecrt_stdio_config@h 1009c079     jcparam.obj
 0006:0000007a       __829E1958_corecrt_wstdio@h 1009c07a     jcparam.obj
 0006:0000007b       __6DFAE8B8_stdio@h         1009c07b     jcparam.obj
 0006:0000007c       __1FEB9909_corecrt_memcpy_s@h 1009c07c     jcparam.obj
 0006:0000007d       __9200769A_corecrt_wstring@h 1009c07d     jcparam.obj
 0006:0000007e       __32E5F013_string@h        1009c07e     jcparam.obj
 0006:0000007f       __84D77485_jcparam@c       1009c07f     jcparam.obj
 0006:00000081       __A2143F22_corecrt_stdio_config@h 1009c081     jcprepct.obj
 0006:00000082       __829E1958_corecrt_wstdio@h 1009c082     jcprepct.obj
 0006:00000083       __6DFAE8B8_stdio@h         1009c083     jcprepct.obj
 0006:00000084       __1FEB9909_corecrt_memcpy_s@h 1009c084     jcprepct.obj
 0006:00000085       __9200769A_corecrt_wstring@h 1009c085     jcprepct.obj
 0006:00000086       __32E5F013_string@h        1009c086     jcprepct.obj
 0006:00000087       __98AB7766_jcprepct@c      1009c087     jcprepct.obj
 0006:00000089       __A2143F22_corecrt_stdio_config@h 1009c089     jcsample.obj
 0006:0000008a       __829E1958_corecrt_wstdio@h 1009c08a     jcsample.obj
 0006:0000008b       __6DFAE8B8_stdio@h         1009c08b     jcsample.obj
 0006:0000008c       __1FEB9909_corecrt_memcpy_s@h 1009c08c     jcsample.obj
 0006:0000008d       __9200769A_corecrt_wstring@h 1009c08d     jcsample.obj
 0006:0000008e       __32E5F013_string@h        1009c08e     jcsample.obj
 0006:0000008f       __E9C6ADAA_jcsample@c      1009c08f     jcsample.obj
 0006:00000091       __A2143F22_corecrt_stdio_config@h 1009c091     jctrans.obj
 0006:00000092       __829E1958_corecrt_wstdio@h 1009c092     jctrans.obj
 0006:00000093       __6DFAE8B8_stdio@h         1009c093     jctrans.obj
 0006:00000094       __1FEB9909_corecrt_memcpy_s@h 1009c094     jctrans.obj
 0006:00000095       __9200769A_corecrt_wstring@h 1009c095     jctrans.obj
 0006:00000096       __32E5F013_string@h        1009c096     jctrans.obj
 0006:00000097       __9C4153DD_jctrans@c       1009c097     jctrans.obj
 0006:00000099       __A2143F22_corecrt_stdio_config@h 1009c099     jdapimin.obj
 0006:0000009a       __829E1958_corecrt_wstdio@h 1009c09a     jdapimin.obj
 0006:0000009b       __6DFAE8B8_stdio@h         1009c09b     jdapimin.obj
 0006:0000009c       __1FEB9909_corecrt_memcpy_s@h 1009c09c     jdapimin.obj
 0006:0000009d       __9200769A_corecrt_wstring@h 1009c09d     jdapimin.obj
 0006:0000009e       __32E5F013_string@h        1009c09e     jdapimin.obj
 0006:0000009f       __4AFA6FB9_jdapimin@c      1009c09f     jdapimin.obj
 0006:000000a1       __A2143F22_corecrt_stdio_config@h 1009c0a1     jdapistd.obj
 0006:000000a2       __829E1958_corecrt_wstdio@h 1009c0a2     jdapistd.obj
 0006:000000a3       __6DFAE8B8_stdio@h         1009c0a3     jdapistd.obj
 0006:000000a4       __1FEB9909_corecrt_memcpy_s@h 1009c0a4     jdapistd.obj
 0006:000000a5       __9200769A_corecrt_wstring@h 1009c0a5     jdapistd.obj
 0006:000000a6       __32E5F013_string@h        1009c0a6     jdapistd.obj
 0006:000000a7       __3ACE4CCE_jdapistd@c      1009c0a7     jdapistd.obj
 0006:000000a9       __A2143F22_corecrt_stdio_config@h 1009c0a9     jdarith.obj
 0006:000000aa       __829E1958_corecrt_wstdio@h 1009c0aa     jdarith.obj
 0006:000000ab       __6DFAE8B8_stdio@h         1009c0ab     jdarith.obj
 0006:000000ac       __1FEB9909_corecrt_memcpy_s@h 1009c0ac     jdarith.obj
 0006:000000ad       __9200769A_corecrt_wstring@h 1009c0ad     jdarith.obj
 0006:000000ae       __32E5F013_string@h        1009c0ae     jdarith.obj
 0006:000000af       __BCC55906_jdarith@c       1009c0af     jdarith.obj
 0006:000000b1       __A2143F22_corecrt_stdio_config@h 1009c0b1     jdatadst.obj
 0006:000000b2       __829E1958_corecrt_wstdio@h 1009c0b2     jdatadst.obj
 0006:000000b3       __6DFAE8B8_stdio@h         1009c0b3     jdatadst.obj
 0006:000000b4       __1FEB9909_corecrt_memcpy_s@h 1009c0b4     jdatadst.obj
 0006:000000b5       __9200769A_corecrt_wstring@h 1009c0b5     jdatadst.obj
 0006:000000b6       __32E5F013_string@h        1009c0b6     jdatadst.obj
 0006:000000b7       __71E33AEB_jdatadst@c      1009c0b7     jdatadst.obj
 0006:000000b9       __A2143F22_corecrt_stdio_config@h 1009c0b9     jdatasrc.obj
 0006:000000ba       __829E1958_corecrt_wstdio@h 1009c0ba     jdatasrc.obj
 0006:000000bb       __6DFAE8B8_stdio@h         1009c0bb     jdatasrc.obj
 0006:000000bc       __1FEB9909_corecrt_memcpy_s@h 1009c0bc     jdatasrc.obj
 0006:000000bd       __9200769A_corecrt_wstring@h 1009c0bd     jdatasrc.obj
 0006:000000be       __32E5F013_string@h        1009c0be     jdatasrc.obj
 0006:000000bf       __02F6A3E9_jdatasrc@c      1009c0bf     jdatasrc.obj
 0006:000000c1       __A2143F22_corecrt_stdio_config@h 1009c0c1     jdcoefct.obj
 0006:000000c2       __829E1958_corecrt_wstdio@h 1009c0c2     jdcoefct.obj
 0006:000000c3       __6DFAE8B8_stdio@h         1009c0c3     jdcoefct.obj
 0006:000000c4       __1FEB9909_corecrt_memcpy_s@h 1009c0c4     jdcoefct.obj
 0006:000000c5       __9200769A_corecrt_wstring@h 1009c0c5     jdcoefct.obj
 0006:000000c6       __32E5F013_string@h        1009c0c6     jdcoefct.obj
 0006:000000c7       __E757B34B_jdcoefct@c      1009c0c7     jdcoefct.obj
 0006:000000c9       __A2143F22_corecrt_stdio_config@h 1009c0c9     jdcolor.obj
 0006:000000ca       __829E1958_corecrt_wstdio@h 1009c0ca     jdcolor.obj
 0006:000000cb       __6DFAE8B8_stdio@h         1009c0cb     jdcolor.obj
 0006:000000cc       __1FEB9909_corecrt_memcpy_s@h 1009c0cc     jdcolor.obj
 0006:000000cd       __9200769A_corecrt_wstring@h 1009c0cd     jdcolor.obj
 0006:000000ce       __32E5F013_string@h        1009c0ce     jdcolor.obj
 0006:000000cf       __CA5B2022_jdcolor@c       1009c0cf     jdcolor.obj
 0006:000000d1       __A2143F22_corecrt_stdio_config@h 1009c0d1     jddctmgr.obj
 0006:000000d2       __829E1958_corecrt_wstdio@h 1009c0d2     jddctmgr.obj
 0006:000000d3       __6DFAE8B8_stdio@h         1009c0d3     jddctmgr.obj
 0006:000000d4       __1FEB9909_corecrt_memcpy_s@h 1009c0d4     jddctmgr.obj
 0006:000000d5       __9200769A_corecrt_wstring@h 1009c0d5     jddctmgr.obj
 0006:000000d6       __32E5F013_string@h        1009c0d6     jddctmgr.obj
 0006:000000d7       __1E87DBEC_jddctmgr@c      1009c0d7     jddctmgr.obj
 0006:000000d9       __A2143F22_corecrt_stdio_config@h 1009c0d9     jdhuff.obj
 0006:000000da       __829E1958_corecrt_wstdio@h 1009c0da     jdhuff.obj
 0006:000000db       __6DFAE8B8_stdio@h         1009c0db     jdhuff.obj
 0006:000000dc       __1FEB9909_corecrt_memcpy_s@h 1009c0dc     jdhuff.obj
 0006:000000dd       __9200769A_corecrt_wstring@h 1009c0dd     jdhuff.obj
 0006:000000de       __32E5F013_string@h        1009c0de     jdhuff.obj
 0006:000000df       __DF7A23EC_jdhuff@c        1009c0df     jdhuff.obj
 0006:000000e1       __A2143F22_corecrt_stdio_config@h 1009c0e1     jdinput.obj
 0006:000000e2       __829E1958_corecrt_wstdio@h 1009c0e2     jdinput.obj
 0006:000000e3       __6DFAE8B8_stdio@h         1009c0e3     jdinput.obj
 0006:000000e4       __1FEB9909_corecrt_memcpy_s@h 1009c0e4     jdinput.obj
 0006:000000e5       __9200769A_corecrt_wstring@h 1009c0e5     jdinput.obj
 0006:000000e6       __32E5F013_string@h        1009c0e6     jdinput.obj
 0006:000000e7       __3B4E1D03_jdinput@c       1009c0e7     jdinput.obj
 0006:000000e9       __A2143F22_corecrt_stdio_config@h 1009c0e9     jdmainct.obj
 0006:000000ea       __829E1958_corecrt_wstdio@h 1009c0ea     jdmainct.obj
 0006:000000eb       __6DFAE8B8_stdio@h         1009c0eb     jdmainct.obj
 0006:000000ec       __1FEB9909_corecrt_memcpy_s@h 1009c0ec     jdmainct.obj
 0006:000000ed       __9200769A_corecrt_wstring@h 1009c0ed     jdmainct.obj
 0006:000000ee       __32E5F013_string@h        1009c0ee     jdmainct.obj
 0006:000000ef       __E550519E_jdmainct@c      1009c0ef     jdmainct.obj
 0006:000000f1       __A2143F22_corecrt_stdio_config@h 1009c0f1     jdmarker.obj
 0006:000000f2       __829E1958_corecrt_wstdio@h 1009c0f2     jdmarker.obj
 0006:000000f3       __6DFAE8B8_stdio@h         1009c0f3     jdmarker.obj
 0006:000000f4       __1FEB9909_corecrt_memcpy_s@h 1009c0f4     jdmarker.obj
 0006:000000f5       __9200769A_corecrt_wstring@h 1009c0f5     jdmarker.obj
 0006:000000f6       __32E5F013_string@h        1009c0f6     jdmarker.obj
 0006:000000f7       __65470FD8_jdmarker@c      1009c0f7     jdmarker.obj
 0006:000000f9       __A2143F22_corecrt_stdio_config@h 1009c0f9     jdmaster.obj
 0006:000000fa       __829E1958_corecrt_wstdio@h 1009c0fa     jdmaster.obj
 0006:000000fb       __6DFAE8B8_stdio@h         1009c0fb     jdmaster.obj
 0006:000000fc       __1FEB9909_corecrt_memcpy_s@h 1009c0fc     jdmaster.obj
 0006:000000fd       __9200769A_corecrt_wstring@h 1009c0fd     jdmaster.obj
 0006:000000fe       __32E5F013_string@h        1009c0fe     jdmaster.obj
 0006:000000ff       __4CABDC2E_jdmaster@c      1009c0ff     jdmaster.obj
 0006:00000101       __A2143F22_corecrt_stdio_config@h 1009c101     jdmerge.obj
 0006:00000102       __829E1958_corecrt_wstdio@h 1009c102     jdmerge.obj
 0006:00000103       __6DFAE8B8_stdio@h         1009c103     jdmerge.obj
 0006:00000104       __1FEB9909_corecrt_memcpy_s@h 1009c104     jdmerge.obj
 0006:00000105       __9200769A_corecrt_wstring@h 1009c105     jdmerge.obj
 0006:00000106       __32E5F013_string@h        1009c106     jdmerge.obj
 0006:00000107       __38F2CCE0_jdmerge@c       1009c107     jdmerge.obj
 0006:00000109       __A2143F22_corecrt_stdio_config@h 1009c109     jdpostct.obj
 0006:0000010a       __829E1958_corecrt_wstdio@h 1009c10a     jdpostct.obj
 0006:0000010b       __6DFAE8B8_stdio@h         1009c10b     jdpostct.obj
 0006:0000010c       __1FEB9909_corecrt_memcpy_s@h 1009c10c     jdpostct.obj
 0006:0000010d       __9200769A_corecrt_wstring@h 1009c10d     jdpostct.obj
 0006:0000010e       __32E5F013_string@h        1009c10e     jdpostct.obj
 0006:0000010f       __DACCA0E7_jdpostct@c      1009c10f     jdpostct.obj
 0006:00000111       __A2143F22_corecrt_stdio_config@h 1009c111     jdsample.obj
 0006:00000112       __829E1958_corecrt_wstdio@h 1009c112     jdsample.obj
 0006:00000113       __6DFAE8B8_stdio@h         1009c113     jdsample.obj
 0006:00000114       __1FEB9909_corecrt_memcpy_s@h 1009c114     jdsample.obj
 0006:00000115       __9200769A_corecrt_wstring@h 1009c115     jdsample.obj
 0006:00000116       __32E5F013_string@h        1009c116     jdsample.obj
 0006:00000117       __8DA7C063_jdsample@c      1009c117     jdsample.obj
 0006:00000119       __A2143F22_corecrt_stdio_config@h 1009c119     jdtrans.obj
 0006:0000011a       __829E1958_corecrt_wstdio@h 1009c11a     jdtrans.obj
 0006:0000011b       __6DFAE8B8_stdio@h         1009c11b     jdtrans.obj
 0006:0000011c       __1FEB9909_corecrt_memcpy_s@h 1009c11c     jdtrans.obj
 0006:0000011d       __9200769A_corecrt_wstring@h 1009c11d     jdtrans.obj
 0006:0000011e       __32E5F013_string@h        1009c11e     jdtrans.obj
 0006:0000011f       __96845AC4_jdtrans@c       1009c11f     jdtrans.obj
 0006:00000121       __A2143F22_corecrt_stdio_config@h 1009c121     jerror.obj
 0006:00000122       __829E1958_corecrt_wstdio@h 1009c122     jerror.obj
 0006:00000123       __6DFAE8B8_stdio@h         1009c123     jerror.obj
 0006:00000124       __1FEB9909_corecrt_memcpy_s@h 1009c124     jerror.obj
 0006:00000125       __9200769A_corecrt_wstring@h 1009c125     jerror.obj
 0006:00000126       __32E5F013_string@h        1009c126     jerror.obj
 0006:00000127       __0F479193_jerror@c        1009c127     jerror.obj
 0006:00000129       __A2143F22_corecrt_stdio_config@h 1009c129     jfdctflt.obj
 0006:0000012a       __829E1958_corecrt_wstdio@h 1009c12a     jfdctflt.obj
 0006:0000012b       __6DFAE8B8_stdio@h         1009c12b     jfdctflt.obj
 0006:0000012c       __1FEB9909_corecrt_memcpy_s@h 1009c12c     jfdctflt.obj
 0006:0000012d       __9200769A_corecrt_wstring@h 1009c12d     jfdctflt.obj
 0006:0000012e       __32E5F013_string@h        1009c12e     jfdctflt.obj
 0006:0000012f       __942D39C8_jfdctflt@c      1009c12f     jfdctflt.obj
 0006:00000131       __A2143F22_corecrt_stdio_config@h 1009c131     jfdctfst.obj
 0006:00000132       __829E1958_corecrt_wstdio@h 1009c132     jfdctfst.obj
 0006:00000133       __6DFAE8B8_stdio@h         1009c133     jfdctfst.obj
 0006:00000134       __1FEB9909_corecrt_memcpy_s@h 1009c134     jfdctfst.obj
 0006:00000135       __9200769A_corecrt_wstring@h 1009c135     jfdctfst.obj
 0006:00000136       __32E5F013_string@h        1009c136     jfdctfst.obj
 0006:00000137       __9C577E01_jfdctfst@c      1009c137     jfdctfst.obj
 0006:00000139       __A2143F22_corecrt_stdio_config@h 1009c139     jfdctint.obj
 0006:0000013a       __829E1958_corecrt_wstdio@h 1009c13a     jfdctint.obj
 0006:0000013b       __6DFAE8B8_stdio@h         1009c13b     jfdctint.obj
 0006:0000013c       __1FEB9909_corecrt_memcpy_s@h 1009c13c     jfdctint.obj
 0006:0000013d       __9200769A_corecrt_wstring@h 1009c13d     jfdctint.obj
 0006:0000013e       __32E5F013_string@h        1009c13e     jfdctint.obj
 0006:0000013f       __BC746692_jfdctint@c      1009c13f     jfdctint.obj
 0006:00000141       __A2143F22_corecrt_stdio_config@h 1009c141     jidctflt.obj
 0006:00000142       __829E1958_corecrt_wstdio@h 1009c142     jidctflt.obj
 0006:00000143       __6DFAE8B8_stdio@h         1009c143     jidctflt.obj
 0006:00000144       __1FEB9909_corecrt_memcpy_s@h 1009c144     jidctflt.obj
 0006:00000145       __9200769A_corecrt_wstring@h 1009c145     jidctflt.obj
 0006:00000146       __32E5F013_string@h        1009c146     jidctflt.obj
 0006:00000147       __4B94F619_jidctflt@c      1009c147     jidctflt.obj
 0006:00000149       __A2143F22_corecrt_stdio_config@h 1009c149     jidctfst.obj
 0006:0000014a       __829E1958_corecrt_wstdio@h 1009c14a     jidctfst.obj
 0006:0000014b       __6DFAE8B8_stdio@h         1009c14b     jidctfst.obj
 0006:0000014c       __1FEB9909_corecrt_memcpy_s@h 1009c14c     jidctfst.obj
 0006:0000014d       __9200769A_corecrt_wstring@h 1009c14d     jidctfst.obj
 0006:0000014e       __32E5F013_string@h        1009c14e     jidctfst.obj
 0006:0000014f       __43EEB1D0_jidctfst@c      1009c14f     jidctfst.obj
 0006:00000151       __A2143F22_corecrt_stdio_config@h 1009c151     jidctint.obj
 0006:00000152       __829E1958_corecrt_wstdio@h 1009c152     jidctint.obj
 0006:00000153       __6DFAE8B8_stdio@h         1009c153     jidctint.obj
 0006:00000154       __1FEB9909_corecrt_memcpy_s@h 1009c154     jidctint.obj
 0006:00000155       __9200769A_corecrt_wstring@h 1009c155     jidctint.obj
 0006:00000156       __32E5F013_string@h        1009c156     jidctint.obj
 0006:00000157       __63CDA943_jidctint@c      1009c157     jidctint.obj
 0006:00000159       __A2143F22_corecrt_stdio_config@h 1009c159     jmemmgr.obj
 0006:0000015a       __829E1958_corecrt_wstdio@h 1009c15a     jmemmgr.obj
 0006:0000015b       __6DFAE8B8_stdio@h         1009c15b     jmemmgr.obj
 0006:0000015c       __1FEB9909_corecrt_memcpy_s@h 1009c15c     jmemmgr.obj
 0006:0000015d       __9200769A_corecrt_wstring@h 1009c15d     jmemmgr.obj
 0006:0000015e       __32E5F013_string@h        1009c15e     jmemmgr.obj
 0006:0000015f       __03D8AE67_jmemmgr@c       1009c15f     jmemmgr.obj
 0006:00000161       __A2143F22_corecrt_stdio_config@h 1009c161     jmemnobs.obj
 0006:00000162       __829E1958_corecrt_wstdio@h 1009c162     jmemnobs.obj
 0006:00000163       __6DFAE8B8_stdio@h         1009c163     jmemnobs.obj
 0006:00000164       __1FEB9909_corecrt_memcpy_s@h 1009c164     jmemnobs.obj
 0006:00000165       __9200769A_corecrt_wstring@h 1009c165     jmemnobs.obj
 0006:00000166       __32E5F013_string@h        1009c166     jmemnobs.obj
 0006:00000167       __C020FEEC_jmemnobs@c      1009c167     jmemnobs.obj
 0006:00000169       __A2143F22_corecrt_stdio_config@h 1009c169     jquant1.obj
 0006:0000016a       __829E1958_corecrt_wstdio@h 1009c16a     jquant1.obj
 0006:0000016b       __6DFAE8B8_stdio@h         1009c16b     jquant1.obj
 0006:0000016c       __1FEB9909_corecrt_memcpy_s@h 1009c16c     jquant1.obj
 0006:0000016d       __9200769A_corecrt_wstring@h 1009c16d     jquant1.obj
 0006:0000016e       __32E5F013_string@h        1009c16e     jquant1.obj
 0006:0000016f       __4F00678E_jquant1@c       1009c16f     jquant1.obj
 0006:00000171       __A2143F22_corecrt_stdio_config@h 1009c171     jquant2.obj
 0006:00000172       __829E1958_corecrt_wstdio@h 1009c172     jquant2.obj
 0006:00000173       __6DFAE8B8_stdio@h         1009c173     jquant2.obj
 0006:00000174       __1FEB9909_corecrt_memcpy_s@h 1009c174     jquant2.obj
 0006:00000175       __9200769A_corecrt_wstring@h 1009c175     jquant2.obj
 0006:00000176       __32E5F013_string@h        1009c176     jquant2.obj
 0006:00000177       __4D46D9D7_jquant2@c       1009c177     jquant2.obj
 0006:00000179       __A2143F22_corecrt_stdio_config@h 1009c179     jutils.obj
 0006:0000017a       __829E1958_corecrt_wstdio@h 1009c17a     jutils.obj
 0006:0000017b       __6DFAE8B8_stdio@h         1009c17b     jutils.obj
 0006:0000017c       __1FEB9909_corecrt_memcpy_s@h 1009c17c     jutils.obj
 0006:0000017d       __9200769A_corecrt_wstring@h 1009c17d     jutils.obj
 0006:0000017e       __32E5F013_string@h        1009c17e     jutils.obj
 0006:0000017f       __BA878D0A_jutils@c        1009c17f     jutils.obj
 0006:00000181       __DBFE32F9_Jpeg9d@pch      1009c181     pch.obj
 0006:00000182       __B2D2BA86_ctype@h         1009c182     pch.obj
 0006:00000183       __79C7FC57_basetsd@h       1009c183     pch.obj
 0006:00000184       __1FEB9909_corecrt_memcpy_s@h 1009c184     pch.obj
 0006:00000185       __A751F051_corecrt_memory@h 1009c185     pch.obj
 0006:00000186       __9200769A_corecrt_wstring@h 1009c186     pch.obj
 0006:00000187       __32E5F013_string@h        1009c187     pch.obj
 0006:00000188       __D545DD43_guiddef@h       1009c188     pch.obj
 0006:00000189       __D5DDFBF3_winnt@h         1009c189     pch.obj
 0006:0000018a       __439612F0_processthreadsapi@h 1009c18a     pch.obj
 0006:0000018b       __5733279A_memoryapi@h     1009c18b     pch.obj
 0006:0000018c       __D4435474_winerror@h      1009c18c     pch.obj
 0006:0000018d       __B3ED30D4_winbase@h       1009c18d     pch.obj
 0006:0000018e       __DB057BA3_winuser@h       1009c18e     pch.obj
 0006:0000018f       __A118E6DC_stralign@h      1009c18f     pch.obj
 0008:00000170       $R000000                   1009e170     * linker generated manifest res *
