 Jpeg9d

 Timestamp is 606f63c7 (Thu Apr  8 17:12:55 2021)

 Preferred load address is 0000000180000000

 Start         Length     Name                   Class
 0001:00000000 0003b52eH .textbss                DATA
 0002:00000000 00078f00H .text$mn                CODE
 0002:00078f00 00001040H .text$mn$00             CODE
 0002:00079f40 00001141H .text$x                 CODE
 0003:00000000 00000110H .CRT$XCA                DATA
 0003:00000110 00000110H .CRT$XCZ                DATA
 0003:00000220 00000110H .CRT$XIA                DATA
 0003:00000330 00000110H .CRT$XIZ                DATA
 0003:00000440 00000110H .CRT$XPA                DATA
 0003:00000550 00000110H .CRT$XPZ                DATA
 0003:00000660 00000110H .CRT$XTA                DATA
 0003:00000770 00000110H .CRT$XTZ                DATA
 0003:00000880 00006c00H .rdata                  DATA
 0003:00007480 00000110H .rdata$CastGuardVftablesA DATA
 0003:00007590 0000010cH .rdata$CastGuardVftablesC DATA
 0003:0000769c 000001a4H .rdata$zzzdbg           DATA
 0003:00007840 00000110H .rtc$IAA                DATA
 0003:00007950 00000438H .rtc$IMZ                DATA
 0003:00007d88 00000110H .rtc$IZZ                DATA
 0003:00007e98 00000110H .rtc$TAA                DATA
 0003:00007fa8 00000438H .rtc$TMZ                DATA
 0003:000083e0 00000110H .rtc$TZZ                DATA
 0003:000084f0 00002e90H .xdata                  DATA
 0003:0000b380 00001621H .edata                  DATA
 0004:00000000 00000180H .data                   DATA
 0004:00000180 000007c8H .bss                    DATA
 0005:00000000 000037ecH .pdata                  DATA
 0006:00000000 00000398H .idata$5                DATA
 0006:00000398 0000003cH .idata$2                DATA
 0006:000003d4 00000014H .idata$3                DATA
 0006:000003e8 00000398H .idata$4                DATA
 0006:00000780 000006e5H .idata$6                DATA
 0007:00000000 000002a5H .msvcjmc                DATA
 0008:00000000 00000151H .00cfg                  DATA
 0009:00000000 00000170H .rsrc$01                DATA
 0009:00000170 000001b6H .rsrc$02                DATA

  Address         Publics by Value              Rva+Base               Lib:Object

 0000:00000000       __hybrid_auxiliary_iat_copy 0000000000000000     <absolute>
 0000:00000000       __guard_iat_table          0000000000000000     <absolute>
 0000:00000000       __AbsoluteZero             0000000000000000     <absolute>
 0000:00000000       __guard_longjmp_count      0000000000000000     <absolute>
 0000:00000000       __arm64x_extra_rfe_table   0000000000000000     <absolute>
 0000:00000000       __dynamic_value_reloc_table 0000000000000000     <absolute>
 0000:00000000       ___safe_se_handler_table   0000000000000000     <absolute>
 0000:00000000       __guard_fids_count         0000000000000000     <absolute>
 0000:00000000       __x64_code_ranges_to_entry_points_count 0000000000000000     <absolute>
 0000:00000000       __guard_eh_cont_count      0000000000000000     <absolute>
 0000:00000000       __x64_code_ranges_to_entry_points 0000000000000000     <absolute>
 0000:00000000       __arm64x_redirection_metadata 0000000000000000     <absolute>
 0000:00000000       __hybrid_auxiliary_iat     0000000000000000     <absolute>
 0000:00000000       __guard_iat_count          0000000000000000     <absolute>
 0000:00000000       __arm64x_redirection_metadata_count 0000000000000000     <absolute>
 0000:00000000       __enclave_config           0000000000000000     <absolute>
 0000:00000000       __hybrid_code_map_count    0000000000000000     <absolute>
 0000:00000000       ___safe_se_handler_count   0000000000000000     <absolute>
 0000:00000000       __guard_eh_cont_table      0000000000000000     <absolute>
 0000:00000000       __arm64x_native_entrypoint 0000000000000000     <absolute>
 0000:00000000       __guard_check_icall_a64n_fptr 0000000000000000     <absolute>
 0000:00000000       __hybrid_code_map          0000000000000000     <absolute>
 0000:00000000       __volatile_metadata        0000000000000000     <absolute>
 0000:00000000       __arm64x_extra_rfe_table_size 0000000000000000     <absolute>
 0000:00000000       __guard_longjmp_table      0000000000000000     <absolute>
 0000:00000000       __guard_fids_table         0000000000000000     <absolute>
 0000:00000100       __guard_flags              0000000000000100     <absolute>
 0000:00000000       __ImageBase                0000000180000000     <linker-defined>
 0001:00000000       __enc$textbss$begin        0000000180001000     <linker-defined>
 0001:0003b52e       __enc$textbss$end          000000018003c52e     <linker-defined>
 0002:00000d80       DllMain                    000000018003dd80 f   dllmain.obj
 0002:00000df0       __JustMyCode_Default       000000018003ddf0 f i dllmain.obj
 0002:00000e00       jpeg_CreateCompress        000000018003de00 f   jcapimin.obj
 0002:00001160       jpeg_abort_compress        000000018003e160 f   jcapimin.obj
 0002:000011c0       jpeg_destroy_compress      000000018003e1c0 f   jcapimin.obj
 0002:00001220       jpeg_finish_compress       000000018003e220 f   jcapimin.obj
 0002:00001500       jpeg_suppress_tables       000000018003e500 f   jcapimin.obj
 0002:00001640       jpeg_write_m_byte          000000018003e640 f   jcapimin.obj
 0002:000016c0       jpeg_write_m_header        000000018003e6c0 f   jcapimin.obj
 0002:000017f0       jpeg_write_marker          000000018003e7f0 f   jcapimin.obj
 0002:000019a0       jpeg_write_tables          000000018003e9a0 f   jcapimin.obj
 0002:00001ae0       jpeg_start_compress        000000018003eae0 f   jcapistd.obj
 0002:00001c80       jpeg_write_raw_data        000000018003ec80 f   jcapistd.obj
 0002:00001f00       jpeg_write_scanlines       000000018003ef00 f   jcapistd.obj
 0002:00004bf0       jinit_arith_encoder        0000000180041bf0 f   jcarith.obj
 0002:00006200       jinit_c_coef_controller    0000000180043200 f   jccoefct.obj
 0002:00006cf0       jinit_color_converter      0000000180043cf0 f   jccolor.obj
 0002:000089a0       jinit_forward_dct          00000001800459a0 f   jcdctmgr.obj
 0002:0000cd60       jinit_huff_encoder         0000000180049d60 f   jchuff.obj
 0002:0000e1e0       jinit_compress_master      000000018004b1e0 f   jcinit.obj
 0002:0000e4b0       jpeg_calc_jpeg_dimensions  000000018004b4b0 f   jcinit.obj
 0002:0000f2c0       jinit_c_main_controller    000000018004c2c0 f   jcmainct.obj
 0002:00010dc0       jinit_marker_writer        000000018004ddc0 f   jcmarker.obj
 0002:00012300       jinit_c_master_control     000000018004f300 f   jcmaster.obj
 0002:00013fb0       jpeg_abort                 0000000180050fb0 f   jcomapi.obj
 0002:000140a0       jpeg_alloc_huff_table      00000001800510a0 f   jcomapi.obj
 0002:00014130       jpeg_alloc_quant_table     0000000180051130 f   jcomapi.obj
 0002:000141c0       jpeg_destroy               00000001800511c0 f   jcomapi.obj
 0002:00014260       jpeg_std_huff_table        0000000180051260 f   jcomapi.obj
 0002:00014960       jpeg_add_quant_table       0000000180051960 f   jcparam.obj
 0002:00014b90       jpeg_default_colorspace    0000000180051b90 f   jcparam.obj
 0002:00014d50       jpeg_default_qtables       0000000180051d50 f   jcparam.obj
 0002:00014e40       jpeg_quality_scaling       0000000180051e40 f   jcparam.obj
 0002:00014f10       jpeg_set_colorspace        0000000180051f10 f   jcparam.obj
 0002:00015de0       jpeg_set_defaults          0000000180052de0 f   jcparam.obj
 0002:00016130       jpeg_set_linear_quality    0000000180053130 f   jcparam.obj
 0002:000161f0       jpeg_set_quality           00000001800531f0 f   jcparam.obj
 0002:00016290       jpeg_simple_progression    0000000180053290 f   jcparam.obj
 0002:00016cd0       jinit_c_prep_controller    0000000180053cd0 f   jcprepct.obj
 0002:00019010       jinit_downsampler          0000000180056010 f   jcsample.obj
 0002:00019d10       jpeg_copy_critical_parameters 0000000180056d10 f   jctrans.obj
 0002:0001a450       jpeg_write_coefficients    0000000180057450 f   jctrans.obj
 0002:0001aff0       jpeg_CreateDecompress      0000000180057ff0 f   jdapimin.obj
 0002:0001b2e0       jpeg_abort_decompress      00000001800582e0 f   jdapimin.obj
 0002:0001b340       jpeg_consume_input         0000000180058340 f   jdapimin.obj
 0002:0001b550       jpeg_destroy_decompress    0000000180058550 f   jdapimin.obj
 0002:0001b5b0       jpeg_finish_decompress     00000001800585b0 f   jdapimin.obj
 0002:0001b7c0       jpeg_has_multiple_scans    00000001800587c0 f   jdapimin.obj
 0002:0001b8b0       jpeg_input_complete        00000001800588b0 f   jdapimin.obj
 0002:0001b9a0       jpeg_read_header           00000001800589a0 f   jdapimin.obj
 0002:0001bb10       jpeg_finish_output         0000000180058b10 f   jdapistd.obj
 0002:0001bcc0       jpeg_read_raw_data         0000000180058cc0 f   jdapistd.obj
 0002:0001bf10       jpeg_read_scanlines        0000000180058f10 f   jdapistd.obj
 0002:0001c150       jpeg_start_decompress      0000000180059150 f   jdapistd.obj
 0002:0001c3f0       jpeg_start_output          00000001800593f0 f   jdapistd.obj
 0002:0001e530       jinit_arith_decoder        000000018005b530 f   jdarith.obj
 0002:0001f6b0       jpeg_mem_dest              000000018005c6b0 f   jdatadst.obj
 0002:0001f930       jpeg_stdio_dest            000000018005c930 f   jdatadst.obj
 0002:0001ff10       jpeg_mem_src               000000018005cf10 f   jdatasrc.obj
 0002:00020090       jpeg_stdio_src             000000018005d090 f   jdatasrc.obj
 0002:00022570       jinit_d_coef_controller    000000018005f570 f   jdcoefct.obj
 0002:000235f0       jinit_color_deconverter    00000001800605f0 f   jdcolor.obj
 0002:00025120       jinit_inverse_dct          0000000180062120 f   jddctmgr.obj
 0002:00029420       jinit_huff_decoder         0000000180066420 f   jdhuff.obj
 0002:0002c4b0       jinit_input_controller     00000001800694b0 f   jdinput.obj
 0002:0002c5b0       jpeg_core_output_dimensions 00000001800695b0 f   jdinput.obj
 0002:0002ddb0       jinit_d_main_controller    000000018006adb0 f   jdmainct.obj
 0002:00034e40       jinit_marker_reader        0000000180071e40 f   jdmarker.obj
 0002:00034fd0       jpeg_resync_to_restart     0000000180071fd0 f   jdmarker.obj
 0002:00035280       jpeg_save_markers          0000000180072280 f   jdmarker.obj
 0002:000354c0       jpeg_set_marker_processor  00000001800724c0 f   jdmarker.obj
 0002:00036e90       jinit_master_decompress    0000000180073e90 f   jdmaster.obj
 0002:00036f60       jpeg_calc_output_dimensions 0000000180073f60 f   jdmaster.obj
 0002:000374a0       jpeg_new_colormap          00000001800744a0 f   jdmaster.obj
 0002:00039710       jinit_merged_upsampler     0000000180076710 f   jdmerge.obj
 0002:00039cf0       jinit_d_post_controller    0000000180076cf0 f   jdpostct.obj
 0002:0003ad80       jinit_upsampler            0000000180077d80 f   jdsample.obj
 0002:0003b5d0       jpeg_read_coefficients     00000001800785d0 f   jdtrans.obj
 0002:0003ba20       __local_stdio_printf_options 0000000180078a20 f i jerror.obj
 0002:0003ba70       _vfprintf_l                0000000180078a70 f i jerror.obj
 0002:0003bb10       _vsnprintf_l               0000000180078b10 f i jerror.obj
 0002:0003bc00       _vsprintf_l                0000000180078c00 f i jerror.obj
 0002:0003c150       fprintf                    0000000180079150 f i jerror.obj
 0002:0003c240       jpeg_std_error             0000000180079240 f   jerror.obj
 0002:0003c500       sprintf                    0000000180079500 f i jerror.obj
 0002:0003c5f0       jpeg_fdct_float            00000001800795f0 f   jfdctflt.obj
 0002:0003d180       jpeg_fdct_ifast            000000018007a180 f   jfdctfst.obj
 0002:0003dc00       jpeg_fdct_10x10            000000018007ac00 f   jfdctint.obj
 0002:0003e8b0       jpeg_fdct_10x5             000000018007b8b0 f   jfdctint.obj
 0002:0003f220       jpeg_fdct_11x11            000000018007c220 f   jfdctint.obj
 0002:00040190       jpeg_fdct_12x12            000000018007d190 f   jfdctint.obj
 0002:00041070       jpeg_fdct_12x6             000000018007e070 f   jfdctint.obj
 0002:00041b70       jpeg_fdct_13x13            000000018007eb70 f   jfdctint.obj
 0002:00042cb0       jpeg_fdct_14x14            000000018007fcb0 f   jfdctint.obj
 0002:00043d60       jpeg_fdct_14x7             0000000180080d60 f   jfdctint.obj
 0002:00044ae0       jpeg_fdct_15x15            0000000180081ae0 f   jfdctint.obj
 0002:00045c00       jpeg_fdct_16x16            0000000180082c00 f   jfdctint.obj
 0002:00046f40       jpeg_fdct_16x8             0000000180083f40 f   jfdctint.obj
 0002:00047e80       jpeg_fdct_1x1              0000000180084e80 f   jfdctint.obj
 0002:00047f50       jpeg_fdct_1x2              0000000180084f50 f   jfdctint.obj
 0002:00048070       jpeg_fdct_2x1              0000000180085070 f   jfdctint.obj
 0002:000481a0       jpeg_fdct_2x2              00000001800851a0 f   jfdctint.obj
 0002:00048400       jpeg_fdct_2x4              0000000180085400 f   jfdctint.obj
 0002:00048790       jpeg_fdct_3x3              0000000180085790 f   jfdctint.obj
 0002:00048af0       jpeg_fdct_3x6              0000000180085af0 f   jfdctint.obj
 0002:00049050       jpeg_fdct_4x2              0000000180086050 f   jfdctint.obj
 0002:000495a0       jpeg_fdct_4x4              00000001800865a0 f   jfdctint.obj
 0002:00049a60       jpeg_fdct_4x8              0000000180086a60 f   jfdctint.obj
 0002:0004a2b0       jpeg_fdct_5x10             00000001800872b0 f   jfdctint.obj
 0002:0004ac90       jpeg_fdct_5x5              0000000180087c90 f   jfdctint.obj
 0002:0004b2b0       jpeg_fdct_6x12             00000001800882b0 f   jfdctint.obj
 0002:0004bdf0       jpeg_fdct_6x3              0000000180088df0 f   jfdctint.obj
 0002:0004c330       jpeg_fdct_6x6              0000000180089330 f   jfdctint.obj
 0002:0004ca30       jpeg_fdct_7x14             0000000180089a30 f   jfdctint.obj
 0002:0004d810       jpeg_fdct_7x7              000000018008a810 f   jfdctint.obj
 0002:0004e290       jpeg_fdct_8x16             000000018008b290 f   jfdctint.obj
 0002:0004f230       jpeg_fdct_8x4              000000018008c230 f   jfdctint.obj
 0002:0004fab0       jpeg_fdct_9x9              000000018008cab0 f   jfdctint.obj
 0002:000505f0       jpeg_fdct_islow            000000018008d5f0 f   jfdctint.obj
 0002:000511a0       jpeg_idct_float            000000018008e1a0 f   jidctflt.obj
 0002:00052220       jpeg_idct_ifast            000000018008f220 f   jidctfst.obj
 0002:00053360       jpeg_idct_10x10            0000000180090360 f   jidctint.obj
 0002:000541c0       jpeg_idct_10x5             00000001800911c0 f   jidctint.obj
 0002:00054cf0       jpeg_idct_11x11            0000000180091cf0 f   jidctint.obj
 0002:00055dc0       jpeg_idct_12x12            0000000180092dc0 f   jidctint.obj
 0002:00056e70       jpeg_idct_12x6             0000000180093e70 f   jidctint.obj
 0002:00057b60       jpeg_idct_13x13            0000000180094b60 f   jidctint.obj
 0002:00058da0       jpeg_idct_14x14            0000000180095da0 f   jidctint.obj
 0002:0005a0b0       jpeg_idct_14x7             00000001800970b0 f   jidctint.obj
 0002:0005b060       jpeg_idct_15x15            0000000180098060 f   jidctint.obj
 0002:0005c380       jpeg_idct_16x16            0000000180099380 f   jidctint.obj
 0002:0005da40       jpeg_idct_16x8             000000018009aa40 f   jidctint.obj
 0002:0005ef30       jpeg_idct_1x1              000000018009bf30 f   jidctint.obj
 0002:0005f050       jpeg_idct_1x2              000000018009c050 f   jidctint.obj
 0002:0005f1f0       jpeg_idct_2x1              000000018009c1f0 f   jidctint.obj
 0002:0005f3a0       jpeg_idct_2x2              000000018009c3a0 f   jidctint.obj
 0002:0005f6f0       jpeg_idct_2x4              000000018009c6f0 f   jidctint.obj
 0002:0005fba0       jpeg_idct_3x3              000000018009cba0 f   jidctint.obj
 0002:00060060       jpeg_idct_3x6              000000018009d060 f   jidctint.obj
 0002:00060720       jpeg_idct_4x2              000000018009d720 f   jidctint.obj
 0002:00060be0       jpeg_idct_4x4              000000018009dbe0 f   jidctint.obj
 0002:000611f0       jpeg_idct_4x8              000000018009e1f0 f   jidctint.obj
 0002:00061e40       jpeg_idct_5x10             000000018009ee40 f   jidctint.obj
 0002:00062950       jpeg_idct_5x5              000000018009f950 f   jidctint.obj
 0002:00063140       jpeg_idct_6x12             00000001800a0140 f   jidctint.obj
 0002:00063de0       jpeg_idct_6x3              00000001800a0de0 f   jidctint.obj
 0002:000644a0       jpeg_idct_6x6              00000001800a14a0 f   jidctint.obj
 0002:00064d30       jpeg_idct_7x14             00000001800a1d30 f   jidctint.obj
 0002:00065c70       jpeg_idct_7x7              00000001800a2c70 f   jidctint.obj
 0002:00066820       jpeg_idct_8x16             00000001800a3820 f   jidctint.obj
 0002:000679c0       jpeg_idct_8x4              00000001800a49c0 f   jidctint.obj
 0002:00068370       jpeg_idct_9x9              00000001800a5370 f   jidctint.obj
 0002:00069010       jpeg_idct_islow            00000001800a6010 f   jidctint.obj
 0002:0006a200       __local_stdio_scanf_options 00000001800a7200 f i jmemmgr.obj
 0002:0006a250       _vsscanf_l                 00000001800a7250 f i jmemmgr.obj
 0002:0006bf00       jinit_memory_mgr           00000001800a8f00 f   jmemmgr.obj
 0002:0006ccf0       sscanf                     00000001800a9cf0 f i jmemmgr.obj
 0002:0006cde0       jpeg_free_large            00000001800a9de0 f   jmemnobs.obj
 0002:0006ce50       jpeg_free_small            00000001800a9e50 f   jmemnobs.obj
 0002:0006cec0       jpeg_get_large             00000001800a9ec0 f   jmemnobs.obj
 0002:0006cf30       jpeg_get_small             00000001800a9f30 f   jmemnobs.obj
 0002:0006cfa0       jpeg_mem_available         00000001800a9fa0 f   jmemnobs.obj
 0002:0006d040       jpeg_mem_init              00000001800aa040 f   jmemnobs.obj
 0002:0006d0a0       jpeg_mem_term              00000001800aa0a0 f   jmemnobs.obj
 0002:0006d0f0       jpeg_open_backing_store    00000001800aa0f0 f   jmemnobs.obj
 0002:0006df60       jinit_1pass_quantizer      00000001800aaf60 f   jquant1.obj
 0002:00070e20       jinit_2pass_quantizer      00000001800ade20 f   jquant2.obj
 0002:000732f0       jcopy_block_row            00000001800b02f0 f   jutils.obj
 0002:00073380       jcopy_sample_rows          00000001800b0380 f   jutils.obj
 0002:000734c0       jdiv_round_up              00000001800b04c0 f   jutils.obj
 0002:00073530       jround_up                  00000001800b0530 f   jutils.obj
 0002:000735c0       _CRT_RTC_INIT              00000001800b05c0 f   MSVCRTD:init.obj
 0002:000735d0       _CRT_RTC_INITW             00000001800b05d0 f   MSVCRTD:init.obj
 0002:000735e0       _RTC_InitBase              00000001800b05e0 f   MSVCRTD:init.obj
 0002:00073630       _RTC_Shutdown              00000001800b0630 f   MSVCRTD:init.obj
 0002:00073660       __CheckForDebuggerJustMyCode 00000001800b0660 f   MSVCRTD:debugger_jmc.obj
 0002:000736b0       _RTC_AllocaHelper          00000001800b06b0 f   MSVCRTD:stack.obj
 0002:00073700       _RTC_CheckStackVars        00000001800b0700 f   MSVCRTD:stack.obj
 0002:000737b0       _RTC_CheckStackVars2       00000001800b07b0 f   MSVCRTD:stack.obj
 0002:00073900       __GSHandlerCheck           00000001800b0900 f   MSVCRTD:gshandler.obj
 0002:00073950       __GSHandlerCheckCommon     00000001800b0950 f   MSVCRTD:gshandler.obj
 0002:00073aa0       __security_check_cookie    00000001800b0aa0 f   MSVCRTD:amdsecgs.obj
 0002:00073ad0       __raise_securityfailure    00000001800b0ad0 f   MSVCRTD:gs_report.obj
 0002:00073b20       __report_gsfailure         00000001800b0b20 f   MSVCRTD:gs_report.obj
 0002:00073c30       __report_rangecheckfailure 00000001800b0c30 f   MSVCRTD:gs_report.obj
 0002:00073c50       __report_securityfailure   00000001800b0c50 f   MSVCRTD:gs_report.obj
 0002:00073d20       __report_securityfailureEx 00000001800b0d20 f   MSVCRTD:gs_report.obj
 0002:00074030       _alloca_probe              00000001800b1030 f   MSVCRTD:chkstk.obj
 0002:00074030       __chkstk                   00000001800b1030 f   MSVCRTD:chkstk.obj
 0002:000745a0       _CRT_INIT                  00000001800b15a0 f   MSVCRTD:dll_dllmain.obj
 0002:000745e0       _DllMainCRTStartup         00000001800b15e0 f   MSVCRTD:dll_dllmain.obj
 0002:00074630       ?_RTC_GetErrorFunc@@YAP6AHHPEBDH00ZZPEBX@Z 00000001800b1630 f   MSVCRTD:userapi.obj
 0002:00074640       ?_RTC_GetErrorFuncW@@YAP6AHHPEB_WH00ZZPEBX@Z 00000001800b1640 f   MSVCRTD:userapi.obj
 0002:00074650       _RTC_GetErrDesc            00000001800b1650 f   MSVCRTD:userapi.obj
 0002:00074670       _RTC_NumErrors             00000001800b1670 f   MSVCRTD:userapi.obj
 0002:00074680       _RTC_SetErrorFunc          00000001800b1680 f   MSVCRTD:userapi.obj
 0002:000746a0       _RTC_SetErrorFuncW         00000001800b16a0 f   MSVCRTD:userapi.obj
 0002:000746c0       _RTC_SetErrorType          00000001800b16c0 f   MSVCRTD:userapi.obj
 0002:000747a0       ?_RTC_AllocaFailure@@YAXPEAXPEAU_RTC_ALLOCA_NODE@@H@Z 00000001800b17a0 f   MSVCRTD:error.obj
 0002:00074950       ?_RTC_Failure@@YAXPEAXH@Z  00000001800b1950 f   MSVCRTD:error.obj
 0002:000749c0       ?_RTC_StackFailure@@YAXPEAXPEBD@Z 00000001800b19c0 f   MSVCRTD:error.obj
 0002:00074f00       _RTC_UninitUse             00000001800b1f00 f   MSVCRTD:error.obj
 0002:00075000       _vsprintf_s_l              00000001800b2000 f i MSVCRTD:error.obj
 0002:00075080       sprintf_s                  00000001800b2080 f i MSVCRTD:error.obj
 0002:000751a0       __security_init_cookie     00000001800b21a0 f   MSVCRTD:gs_support.obj
 0002:00075240       ?__scrt_initialize_type_info@@YAXXZ 00000001800b2240 f   MSVCRTD:tncleanup.obj
 0002:00075260       ?__scrt_uninitialize_type_info@@YAXXZ 00000001800b2260 f   MSVCRTD:tncleanup.obj
 0002:00075280       __scrt_initialize_default_local_stdio_options 00000001800b2280 f   MSVCRTD:default_local_stdio_options.obj
 0002:000752e0       ?configure_argv@__scrt_narrow_argv_policy@@SAHXZ 00000001800b22e0 f i MSVCRTD:utility.obj
 0002:00075400       ?initialize_environment@__scrt_narrow_environment_policy@@SAHXZ 00000001800b2400 f i MSVCRTD:utility.obj
 0002:000754d0       NtCurrentTeb               00000001800b24d0 f i MSVCRTD:utility.obj
 0002:000754e0       __scrt_acquire_startup_lock 00000001800b24e0 f   MSVCRTD:utility.obj
 0002:00075560       __scrt_dllmain_after_initialize_c 00000001800b2560 f   MSVCRTD:utility.obj
 0002:000755a0       __scrt_dllmain_before_initialize_c 00000001800b25a0 f   MSVCRTD:utility.obj
 0002:000755d0       __scrt_dllmain_crt_thread_attach 00000001800b25d0 f   MSVCRTD:utility.obj
 0002:00075610       __scrt_dllmain_crt_thread_detach 00000001800b2610 f   MSVCRTD:utility.obj
 0002:00075630       __scrt_dllmain_exception_filter 00000001800b2630 f   MSVCRTD:utility.obj
 0002:000756b0       __scrt_dllmain_uninitialize_c 00000001800b26b0 f   MSVCRTD:utility.obj
 0002:000756f0       __scrt_dllmain_uninitialize_critical 00000001800b26f0 f   MSVCRTD:utility.obj
 0002:00075710       __scrt_initialize_crt      00000001800b2710 f   MSVCRTD:utility.obj
 0002:00075770       __scrt_initialize_onexit_tables 00000001800b2770 f   MSVCRTD:utility.obj
 0002:000758c0       __scrt_is_nonwritable_in_current_image 00000001800b28c0 f   MSVCRTD:utility.obj
 0002:00075970       __scrt_release_startup_lock 00000001800b2970 f   MSVCRTD:utility.obj
 0002:000759b0       __scrt_uninitialize_crt    00000001800b29b0 f   MSVCRTD:utility.obj
 0002:00075a00       _onexit                    00000001800b2a00 f   MSVCRTD:utility.obj
 0002:00075aa0       at_quick_exit              00000001800b2aa0 f   MSVCRTD:utility.obj
 0002:00075b00       atexit                     00000001800b2b00 f   MSVCRTD:utility.obj
 0002:00075b40       __scrt_get_dyn_tls_init_callback 00000001800b2b40 f   MSVCRTD:dyn_tls_init.obj
 0002:00075b50       __crt_debugger_hook        00000001800b2b50 f   MSVCRTD:utility_desktop.obj
 0002:00075b70       __scrt_fastfail            00000001800b2b70 f   MSVCRTD:utility_desktop.obj
 0002:00075d70       __scrt_get_show_window_mode 00000001800b2d70 f   MSVCRTD:utility_desktop.obj
 0002:00075de0       __scrt_initialize_mta      00000001800b2de0 f   MSVCRTD:utility_desktop.obj
 0002:00075e00       __scrt_initialize_winrt    00000001800b2e00 f   MSVCRTD:utility_desktop.obj
 0002:00075e10       __scrt_is_managed_app      00000001800b2e10 f   MSVCRTD:utility_desktop.obj
 0002:00075ee0       __scrt_set_unhandled_exception_filter 00000001800b2ee0 f   MSVCRTD:utility_desktop.obj
 0002:00075f00       __scrt_exe_initialize_mta  00000001800b2f00 f   MSVCRTD:utility_desktop.obj
 0002:00075f00       __scrt_stub_for_initialize_mta 00000001800b2f00 f   MSVCRTD:utility_desktop.obj
 0002:00075f10       __scrt_unhandled_exception_filter 00000001800b2f10 f   MSVCRTD:utility_desktop.obj
 0002:00075fd0       _RTC_Initialize            00000001800b2fd0 f   MSVCRTD:initsect.obj
 0002:00076030       _RTC_Terminate             00000001800b3030 f   MSVCRTD:initsect.obj
 0002:00076090       _guard_check_icall_nop     00000001800b3090 f i MSVCRTD:guard_support.obj
 0002:000760a0       ReadNoFence64              00000001800b30a0 f i MSVCRTD:guard_support.obj
 0002:000760d0       ReadPointerNoFence         00000001800b30d0 f i MSVCRTD:guard_support.obj
 0002:000760f0       __castguard_check_failure_debugbreak 00000001800b30f0 f i MSVCRTD:guard_support.obj
 0002:00076120       __castguard_check_failure_fastfail 00000001800b3120 f i MSVCRTD:guard_support.obj
 0002:00076150       __castguard_check_failure_nop 00000001800b3150 f i MSVCRTD:guard_support.obj
 0002:00076160       __castguard_check_failure_os_handled 00000001800b3160 f i MSVCRTD:guard_support.obj
 0002:00076250       __castguard_slow_path_check_debugbreak 00000001800b3250 f i MSVCRTD:guard_support.obj
 0002:000762a0       __castguard_slow_path_check_fastfail 00000001800b32a0 f i MSVCRTD:guard_support.obj
 0002:00076300       __castguard_slow_path_check_nop 00000001800b3300 f i MSVCRTD:guard_support.obj
 0002:00076320       __castguard_slow_path_check_os_handled 00000001800b3320 f i MSVCRTD:guard_support.obj
 0002:00076430       _guard_icall_checks_enforced 00000001800b3430 f i MSVCRTD:guard_support.obj
 0002:00076480       _guard_rf_checks_enforced  00000001800b3480 f i MSVCRTD:guard_support.obj
 0002:00076ae0       ?_RTC_GetSrcLine@@YAHPEAEPEA_WKPEAH1K@Z 00000001800b3ae0 f   MSVCRTD:pdblkup.obj
 0002:00076fa0       __isa_available_init       00000001800b3fa0 f   MSVCRTD:cpu_disp.obj
 0002:00077420       _get_startup_argv_mode     00000001800b4420 f   MSVCRTD:argv_mode.obj
 0002:00077430       __scrt_is_ucrt_dll_in_use  00000001800b4430 f   MSVCRTD:ucrt_detection.obj
 0002:00077460       memset                     00000001800b4460 f   vcruntimed:VCRUNTIME140D.dll
 0002:00077466       memcpy                     00000001800b4466 f   vcruntimed:VCRUNTIME140D.dll
 0002:0007746c       __C_specific_handler       00000001800b446c f   vcruntimed:VCRUNTIME140D.dll
 0002:00077472       __C_specific_handler_noexcept 00000001800b4472 f   vcruntimed:VCRUNTIME140D.dll
 0002:00077478       __std_type_info_destroy_list 00000001800b4478 f   vcruntimed:VCRUNTIME140D.dll
 0002:0007747e       __current_exception        00000001800b447e f   vcruntimed:VCRUNTIME140D.dll
 0002:00077484       __current_exception_context 00000001800b4484 f   vcruntimed:VCRUNTIME140D.dll
 0002:0007748a       __vcrt_GetModuleFileNameW  00000001800b448a f   vcruntimed:VCRUNTIME140D.dll
 0002:00077490       __vcrt_GetModuleHandleW    00000001800b4490 f   vcruntimed:VCRUNTIME140D.dll
 0002:00077496       __vcrt_LoadLibraryExW      00000001800b4496 f   vcruntimed:VCRUNTIME140D.dll
 0002:0007749c       free                       00000001800b449c f   ucrtd:ucrtbased.dll
 0002:000774a2       malloc                     00000001800b44a2 f   ucrtd:ucrtbased.dll
 0002:000774a8       ferror                     00000001800b44a8 f   ucrtd:ucrtbased.dll
 0002:000774ae       fflush                     00000001800b44ae f   ucrtd:ucrtbased.dll
 0002:000774b4       fwrite                     00000001800b44b4 f   ucrtd:ucrtbased.dll
 0002:000774ba       fread                      00000001800b44ba f   ucrtd:ucrtbased.dll
 0002:000774c0       strncpy                    00000001800b44c0 f   ucrtd:ucrtbased.dll
 0002:000774c6       exit                       00000001800b44c6 f   ucrtd:ucrtbased.dll
 0002:000774cc       __acrt_iob_func            00000001800b44cc f   ucrtd:ucrtbased.dll
 0002:000774d2       __stdio_common_vfprintf    00000001800b44d2 f   ucrtd:ucrtbased.dll
 0002:000774d8       __stdio_common_vsprintf    00000001800b44d8 f   ucrtd:ucrtbased.dll
 0002:000774de       getenv                     00000001800b44de f   ucrtd:ucrtbased.dll
 0002:000774e4       __stdio_common_vsscanf     00000001800b44e4 f   ucrtd:ucrtbased.dll
 0002:000774ea       _CrtDbgReport              00000001800b44ea f   ucrtd:ucrtbased.dll
 0002:000774f0       _CrtDbgReportW             00000001800b44f0 f   ucrtd:ucrtbased.dll
 0002:000774f6       _initterm                  00000001800b44f6 f   ucrtd:ucrtbased.dll
 0002:000774fc       _initterm_e                00000001800b44fc f   ucrtd:ucrtbased.dll
 0002:00077502       strcpy_s                   00000001800b4502 f   ucrtd:ucrtbased.dll
 0002:00077508       strcat_s                   00000001800b4508 f   ucrtd:ucrtbased.dll
 0002:0007750e       __stdio_common_vsprintf_s  00000001800b450e f   ucrtd:ucrtbased.dll
 0002:00077514       _seh_filter_dll            00000001800b4514 f   ucrtd:ucrtbased.dll
 0002:0007751a       _configure_narrow_argv     00000001800b451a f   ucrtd:ucrtbased.dll
 0002:00077520       _initialize_narrow_environment 00000001800b4520 f   ucrtd:ucrtbased.dll
 0002:00077526       _initialize_onexit_table   00000001800b4526 f   ucrtd:ucrtbased.dll
 0002:0007752c       _register_onexit_function  00000001800b452c f   ucrtd:ucrtbased.dll
 0002:00077532       _execute_onexit_table      00000001800b4532 f   ucrtd:ucrtbased.dll
 0002:00077538       _crt_atexit                00000001800b4538 f   ucrtd:ucrtbased.dll
 0002:0007753e       _crt_at_quick_exit         00000001800b453e f   ucrtd:ucrtbased.dll
 0002:00077544       _cexit                     00000001800b4544 f   ucrtd:ucrtbased.dll
 0002:0007754a       terminate                  00000001800b454a f   ucrtd:ucrtbased.dll
 0002:00077550       _wmakepath_s               00000001800b4550 f   ucrtd:ucrtbased.dll
 0002:00077556       _wsplitpath_s              00000001800b4556 f   ucrtd:ucrtbased.dll
 0002:0007755c       wcscpy_s                   00000001800b455c f   ucrtd:ucrtbased.dll
 0002:00077562       GetCurrentThreadId         00000001800b4562 f   kernel32:KERNEL32.dll
 0002:00077568       RtlCaptureContext          00000001800b4568 f   kernel32:KERNEL32.dll
 0002:0007756e       RtlLookupFunctionEntry     00000001800b456e f   kernel32:KERNEL32.dll
 0002:00077574       RtlVirtualUnwind           00000001800b4574 f   kernel32:KERNEL32.dll
 0002:0007757a       UnhandledExceptionFilter   00000001800b457a f   kernel32:KERNEL32.dll
 0002:00077580       SetUnhandledExceptionFilter 00000001800b4580 f   kernel32:KERNEL32.dll
 0002:00077586       GetCurrentProcess          00000001800b4586 f   kernel32:KERNEL32.dll
 0002:0007758c       TerminateProcess           00000001800b458c f   kernel32:KERNEL32.dll
 0002:00077592       IsProcessorFeaturePresent  00000001800b4592 f   kernel32:KERNEL32.dll
 0002:00077598       IsDebuggerPresent          00000001800b4598 f   kernel32:KERNEL32.dll
 0002:0007759e       RaiseException             00000001800b459e f   kernel32:KERNEL32.dll
 0002:000775a4       MultiByteToWideChar        00000001800b45a4 f   kernel32:KERNEL32.dll
 0002:000775aa       WideCharToMultiByte        00000001800b45aa f   kernel32:KERNEL32.dll
 0002:000775b0       QueryPerformanceCounter    00000001800b45b0 f   kernel32:KERNEL32.dll
 0002:000775b6       GetCurrentProcessId        00000001800b45b6 f   kernel32:KERNEL32.dll
 0002:000775bc       GetSystemTimeAsFileTime    00000001800b45bc f   kernel32:KERNEL32.dll
 0002:000775c2       InitializeSListHead        00000001800b45c2 f   kernel32:KERNEL32.dll
 0002:000775c8       GetStartupInfoW            00000001800b45c8 f   kernel32:KERNEL32.dll
 0002:000775ce       GetModuleHandleW           00000001800b45ce f   kernel32:KERNEL32.dll
 0002:000775d4       GetLastError               00000001800b45d4 f   kernel32:KERNEL32.dll
 0002:000775da       HeapAlloc                  00000001800b45da f   kernel32:KERNEL32.dll
 0002:000775e0       HeapFree                   00000001800b45e0 f   kernel32:KERNEL32.dll
 0002:000775e6       GetProcessHeap             00000001800b45e6 f   kernel32:KERNEL32.dll
 0002:000775ec       VirtualQuery               00000001800b45ec f   kernel32:KERNEL32.dll
 0002:000775f2       FreeLibrary                00000001800b45f2 f   kernel32:KERNEL32.dll
 0002:000775f8       GetProcAddress             00000001800b45f8 f   kernel32:KERNEL32.dll
 0002:00077600       __scrt_stub_for_acrt_initialize 00000001800b4600 f   MSVCRTD:ucrt_stubs.obj
 0002:00077600       __vcrt_initialize          00000001800b4600 f   MSVCRTD:ucrt_stubs.obj
 0002:00077600       __acrt_initialize          00000001800b4600 f   MSVCRTD:ucrt_stubs.obj
 0002:00077610       __acrt_thread_attach       00000001800b4610 f   MSVCRTD:ucrt_stubs.obj
 0002:00077610       __scrt_stub_for_acrt_thread_attach 00000001800b4610 f   MSVCRTD:ucrt_stubs.obj
 0002:00077610       __vcrt_thread_attach       00000001800b4610 f   MSVCRTD:ucrt_stubs.obj
 0002:00077620       __vcrt_thread_detach       00000001800b4620 f   MSVCRTD:ucrt_stubs.obj
 0002:00077620       __acrt_thread_detach       00000001800b4620 f   MSVCRTD:ucrt_stubs.obj
 0002:00077620       __scrt_stub_for_acrt_thread_detach 00000001800b4620 f   MSVCRTD:ucrt_stubs.obj
 0002:00077630       __acrt_uninitialize        00000001800b4630 f   MSVCRTD:ucrt_stubs.obj
 0002:00077630       __vcrt_uninitialize        00000001800b4630 f   MSVCRTD:ucrt_stubs.obj
 0002:00077630       __scrt_stub_for_acrt_uninitialize 00000001800b4630 f   MSVCRTD:ucrt_stubs.obj
 0002:00077640       __scrt_stub_for_acrt_uninitialize_critical 00000001800b4640 f   MSVCRTD:ucrt_stubs.obj
 0002:00077640       __vcrt_uninitialize_critical 00000001800b4640 f   MSVCRTD:ucrt_stubs.obj
 0002:00077640       __acrt_uninitialize_critical 00000001800b4640 f   MSVCRTD:ucrt_stubs.obj
 0002:00077650       _is_c_termination_complete 00000001800b4650 f   MSVCRTD:ucrt_stubs.obj
 0002:00077650       __scrt_stub_for_is_c_termination_complete 00000001800b4650 f   MSVCRTD:ucrt_stubs.obj
 0002:00078f10       _guard_dispatch_icall_nop  00000001800b5f10 f   MSVCRTD:guard_dispatch.obj
 0002:00078f30       _guard_xfg_dispatch_icall_nop 00000001800b5f30 f   MSVCRTD:guard_xfg_dispatch.obj
 0003:00000000       __xc_a                     00000001800b9000     MSVCRTD:initializers.obj
 0003:00000110       __xc_z                     00000001800b9110     MSVCRTD:initializers.obj
 0003:00000220       __xi_a                     00000001800b9220     MSVCRTD:initializers.obj
 0003:00000330       __xi_z                     00000001800b9330     MSVCRTD:initializers.obj
 0003:00000440       __xp_a                     00000001800b9440     MSVCRTD:initializers.obj
 0003:00000550       __xp_z                     00000001800b9550     MSVCRTD:initializers.obj
 0003:00000660       __xt_a                     00000001800b9660     MSVCRTD:initializers.obj
 0003:00000770       __xt_z                     00000001800b9770     MSVCRTD:initializers.obj
 0003:00000880       jpeg_aritab                00000001800b9880     jaricom.obj
 0003:00000aa8       __real@3ff0000000000000    00000001800b9aa8     jcapimin.obj
 0003:00000da8       __real@4020000000000000    00000001800b9da8     jcdctmgr.obj
 0003:00000db8       __real@4030000000000000    00000001800b9db8     jcdctmgr.obj
 0003:00000dc4       __real@46800100            00000001800b9dc4     jcdctmgr.obj
 0003:00001bb8       __real@3fc0000000000000    00000001800babb8     jddctmgr.obj
 0003:000026b4       ??_C@_03ONFDEEMF@SOS@      00000001800bb6b4     jdmarker.obj
 0003:000026b8       ??_C@_03OMINOMMP@LSE@      00000001800bb6b8     jdmarker.obj
 0003:000027c0       jpeg_std_message_table     00000001800bb7c0     jerror.obj
 0003:00002c90       ??_C@_0BG@MIBALFBH@Bogus?5message?5code?5?$CFd@ 00000001800bbc90     jerror.obj
 0003:00002cb0       ??_C@_0CA@FDMPGPNI@ALIGN_TYPE?5is?5wrong?0?5please?5fix@ 00000001800bbcb0     jerror.obj
 0003:00002cd8       ??_C@_0CF@DENLILGA@MAX_ALLOC_CHUNK?5is?5wrong?0?5pleas@ 00000001800bbcd8     jerror.obj
 0003:00002d08       ??_C@_0BK@DKALDNKG@Bogus?5buffer?5control?5mode@ 00000001800bbd08     jerror.obj
 0003:00002d28       ??_C@_0BP@ONFLCDHG@Invalid?5component?5ID?5?$CFd?5in?5SOS@ 00000001800bbd28     jerror.obj
 0003:00002d50       ??_C@_0BF@DHNDJDFN@Invalid?5crop?5request@ 00000001800bbd50     jerror.obj
 0003:00002d70       ??_C@_0BN@OJEJKKDL@DCT?5coefficient?5out?5of?5range@ 00000001800bbd70     jerror.obj
 0003:00002d98       ??_C@_0CK@JDGFICDL@DCT?5scaled?5block?5size?5?$CFdx?$CFd?5not@ 00000001800bbd98     jerror.obj
 0003:00002dd0       ??_C@_0EA@INILHCIJ@Component?5index?5?$CFd?3?5mismatching@ 00000001800bbdd0     jerror.obj
 0003:00002e20       ??_C@_0BP@EOFJNLFD@Bogus?5Huffman?5table?5definition@ 00000001800bbe20     jerror.obj
 0003:00002e48       ??_C@_0BH@BGDIGLHC@Bogus?5input?5colorspace@ 00000001800bbe48     jerror.obj
 0003:00002e68       ??_C@_0BG@NEGIHEMC@Bogus?5JPEG?5colorspace@ 00000001800bbe68     jerror.obj
 0003:00002e88       ??_C@_0BE@OGLAEMOG@Bogus?5marker?5length@ 00000001800bbe88     jerror.obj
 0003:00002ea0       ??_C@_0DN@ELFKFKL@Wrong?5JPEG?5library?5version?3?5lib@ 00000001800bbea0     jerror.obj
 0003:00002ef0       ??_C@_0DA@HLEOHNPA@Sampling?5factors?5too?5large?5for?5@ 00000001800bbef0     jerror.obj
 0003:00002f30       ??_C@_0BM@OEMICEFD@Invalid?5memory?5pool?5code?5?$CFd@ 00000001800bbf30     jerror.obj
 0003:00002f58       ??_C@_0CD@LDBDNLHK@Unsupported?5JPEG?5data?5precision@ 00000001800bbf58     jerror.obj
 0003:00002f88       ??_C@_0DH@LNGGEGOL@Invalid?5progressive?5parameters?5@ 00000001800bbf88     jerror.obj
 0003:00002fd0       ??_C@_0DH@HIKEGPKP@Invalid?5progressive?5parameters?5@ 00000001800bbfd0     jerror.obj
 0003:00003018       ??_C@_0BH@HMMHPOPE@Bogus?5sampling?5factors@ 00000001800bc018     jerror.obj
 0003:00003038       ??_C@_0CA@MJDDICLK@Invalid?5scan?5script?5at?5entry?5?$CFd@ 00000001800bc038     jerror.obj
 0003:00003060       ??_C@_0CK@BAMFIBMM@Improper?5call?5to?5JPEG?5library?5i@ 00000001800bc060     jerror.obj
 0003:000030a0       ??_C@_0EN@DKAEGIBH@JPEG?5parameter?5struct?5mismatch?3@ 00000001800bc0a0     jerror.obj
 0003:00003100       ??_C@_0BL@CBOEEPLK@Bogus?5virtual?5array?5access@ 00000001800bc100     jerror.obj
 0003:00003120       ??_C@_0CL@JKHIPJLJ@Buffer?5passed?5to?5JPEG?5library?5i@ 00000001800bc120     jerror.obj
 0003:00003158       ??_C@_0BM@PKHCPJDH@Suspension?5not?5allowed?5here@ 00000001800bc158     jerror.obj
 0003:00003180       ??_C@_0CF@LAEFHNAH@CCIR601?5sampling?5not?5implemente@ 00000001800bc180     jerror.obj
 0003:000031b0       ??_C@_0CG@BEBDNOCG@Too?5many?5color?5components?3?5?$CFd?0?5@ 00000001800bc1b0     jerror.obj
 0003:000031e0       ??_C@_0CF@JDLOPNGO@Unsupported?5color?5conversion?5re@ 00000001800bc1e0     jerror.obj
 0003:00003210       ??_C@_0BD@LDBBBMFL@Bogus?5DAC?5index?5?$CFd@ 00000001800bc210     jerror.obj
 0003:00003228       ??_C@_0BF@CLIOOJFM@Bogus?5DAC?5value?50x?$CFx@ 00000001800bc228     jerror.obj
 0003:00003248       ??_C@_0BD@KJHFPHIC@Bogus?5DHT?5index?5?$CFd@ 00000001800bc248     jerror.obj
 0003:00003260       ??_C@_0BD@DIMECAOP@Bogus?5DQT?5index?5?$CFd@ 00000001800bc260     jerror.obj
 0003:00003278       ??_C@_0CF@DAGGEAPM@Empty?5JPEG?5image?5?$CIDNL?5not?5suppo@ 00000001800bc278     jerror.obj
 0003:000032a8       ??_C@_0BF@CPNENPBA@Read?5from?5EMS?5failed@ 00000001800bc2a8     jerror.obj
 0003:000032c8       ??_C@_0BE@DGJBKIEB@Write?5to?5EMS?5failed@ 00000001800bc2c8     jerror.obj
 0003:000032e0       ??_C@_0CB@DMGINPNE@Didn?8t?5expect?5more?5than?5one?5sca@ 00000001800bc2e0     jerror.obj
 0003:00003308       ??_C@_0BG@BALCKDNL@Input?5file?5read?5error@ 00000001800bc308     jerror.obj
 0003:00003328       ??_C@_0CP@IDOBLGGD@Output?5file?5write?5error?5?9?9?9?5out@ 00000001800bc328     jerror.obj
 0003:00003360       ??_C@_0CI@EKDDDHFF@Fractional?5sampling?5not?5impleme@ 00000001800bc360     jerror.obj
 0003:00003390       ??_C@_0CG@FLMMNCBG@Huffman?5code?5size?5table?5out?5of?5@ 00000001800bc390     jerror.obj
 0003:000033c0       ??_C@_0CB@LFBMFPHI@Missing?5Huffman?5code?5table?5entr@ 00000001800bc3c0     jerror.obj
 0003:000033e8       ??_C@_0CP@EKFPGPNP@Maximum?5supported?5image?5dimensi@ 00000001800bc3e8     jerror.obj
 0003:00003420       ??_C@_0BB@JJAIKFBB@Empty?5input?5file@ 00000001800bc420     jerror.obj
 0003:00003438       ??_C@_0BM@KEKMMNGA@Premature?5end?5of?5input?5file@ 00000001800bc438     jerror.obj
 0003:00003460       ??_C@_0DO@OPNPKGO@Cannot?5transcode?5due?5to?5multipl@ 00000001800bc460     jerror.obj
 0003:000034b0       ??_C@_0CH@NIBDNILP@Scan?5script?5does?5not?5transmit?5a@ 00000001800bc4b0     jerror.obj
 0003:000034e0       ??_C@_0CH@EFBBPPCK@Invalid?5color?5quantization?5mode@ 00000001800bc4e0     jerror.obj
 0003:00003510       ??_C@_0BE@EOAAHHJ@Not?5implemented?5yet@ 00000001800bc510     jerror.obj
 0003:00003528       ??_C@_0CO@BEHINNOI@Requested?5feature?5was?5omitted?5a@ 00000001800bc528     jerror.obj
 0003:00003560       ??_C@_0CI@NFDPNIK@Arithmetic?5table?50x?$CF02x?5was?5not@ 00000001800bc560     jerror.obj
 0003:00003590       ??_C@_0BM@HJHFKLAF@Backing?5store?5not?5supported@ 00000001800bc590     jerror.obj
 0003:000035b8       ??_C@_0CF@BKANFCCL@Huffman?5table?50x?$CF02x?5was?5not?5de@ 00000001800bc5b8     jerror.obj
 0003:000035e8       ??_C@_0CC@BKPLBDLJ@JPEG?5datastream?5contains?5no?5ima@ 00000001800bc5e8     jerror.obj
 0003:00003610       ??_C@_0CK@CCHKIENB@Quantization?5table?50x?$CF02x?5was?5n@ 00000001800bc610     jerror.obj
 0003:00003648       ??_C@_0CL@GNLFDFCL@Not?5a?5JPEG?5file?3?5starts?5with?50x@ 00000001800bc648     jerror.obj
 0003:00003680       ??_C@_0BO@DJPLELIB@Insufficient?5memory?5?$CIcase?5?$CFd?$CJ@ 00000001800bc680     jerror.obj
 0003:000036a8       ??_C@_0CO@HPDBAEEA@Cannot?5quantize?5more?5than?5?$CFd?5co@ 00000001800bc6a8     jerror.obj
 0003:000036e0       ??_C@_0CI@PLMPLCNO@Cannot?5quantize?5to?5fewer?5than?5?$CF@ 00000001800bc6e0     jerror.obj
 0003:00003710       ??_C@_0CH@NHMNHHIB@Cannot?5quantize?5to?5more?5than?5?$CFd@ 00000001800bc710     jerror.obj
 0003:00003740       ??_C@_0CL@FGONDLAJ@Invalid?5JPEG?5file?5structure?3?5?$CFs@ 00000001800bc740     jerror.obj
 0003:00003778       ??_C@_0CN@IHJJJAFJ@Invalid?5JPEG?5file?5structure?3?5tw@ 00000001800bc778     jerror.obj
 0003:000037b0       ??_C@_0DA@GJIJGINK@Invalid?5JPEG?5file?5structure?3?5mi@ 00000001800bc7b0     jerror.obj
 0003:000037f0       ??_C@_0CK@HMKECJK@Unsupported?5JPEG?5process?3?5SOF?5t@ 00000001800bc7f0     jerror.obj
 0003:00003828       ??_C@_0CN@HGJCMLNE@Invalid?5JPEG?5file?5structure?3?5tw@ 00000001800bc828     jerror.obj
 0003:00003860       ??_C@_0CD@POKNOPOF@Failed?5to?5create?5temporary?5file@ 00000001800bc860     jerror.obj
 0003:00003890       ??_C@_0BO@EEPJGHHI@Read?5failed?5on?5temporary?5file@ 00000001800bc890     jerror.obj
 0003:000038b8       ??_C@_0BO@GOBJOAAI@Seek?5failed?5on?5temporary?5file@ 00000001800bc8b8     jerror.obj
 0003:000038e0       ??_C@_0DG@KALDLIJB@Write?5failed?5on?5temporary?5file?5@ 00000001800bc8e0     jerror.obj
 0003:00003920       ??_C@_0CK@EPADOAKC@Application?5transferred?5too?5few@ 00000001800bc920     jerror.obj
 0003:00003958       ??_C@_0BP@BPKOBOIP@Unsupported?5marker?5type?50x?$CF02x@ 00000001800bc958     jerror.obj
 0003:00003980       ??_C@_0CD@GCLFJCHC@Virtual?5array?5controller?5messed@ 00000001800bc980     jerror.obj
 0003:000039b0       ??_C@_0CH@LJLHCCHC@Image?5too?5wide?5for?5this?5impleme@ 00000001800bc9b0     jerror.obj
 0003:000039e0       ??_C@_0BF@EKLGFGNM@Read?5from?5XMS?5failed@ 00000001800bc9e0     jerror.obj
 0003:00003a00       ??_C@_0BE@FDPDCBIN@Write?5to?5XMS?5failed@ 00000001800bca00     jerror.obj
 0003:00003a18       ??_C@_0DF@MHABAH@Copyright?5?$CIC?$CJ?52020?0?5Thomas?5G?4?5L@ 00000001800bca18     jerror.obj
 0003:00003a58       ??_C@_0BA@CIHDPAEK@9d?5?512?9Jan?92020@ 00000001800bca58     jerror.obj
 0003:00003a70       ??_C@_0DO@EGLODMBB@Caution?3?5quantization?5tables?5ar@ 00000001800bca70     jerror.obj
 0003:00003ac0       ??_C@_0EC@EHPKAOHA@Adobe?5APP14?5marker?3?5version?5?$CFd?0@ 00000001800bcac0     jerror.obj
 0003:00003b10       ??_C@_0CK@HCPFFNKJ@Unknown?5APP0?5marker?5?$CInot?5JFIF?$CJ?0@ 00000001800bcb10     jerror.obj
 0003:00003b48       ??_C@_0CM@CAEPHFAA@Unknown?5APP14?5marker?5?$CInot?5Adobe@ 00000001800bcb48     jerror.obj
 0003:00003b80       ??_C@_0CH@KIJGKPAA@Define?5Arithmetic?5Table?50x?$CF02x?3@ 00000001800bcb80     jerror.obj
 0003:00003bb0       ??_C@_0BM@MDIEILCE@Define?5Huffman?5Table?50x?$CF02x@ 00000001800bcbb0     jerror.obj
 0003:00003bd8       ??_C@_0CL@KLDOJIKN@Define?5Quantization?5Table?5?$CFd?5?5p@ 00000001800bcbd8     jerror.obj
 0003:00003c10       ??_C@_0BL@EMFIKBEK@Define?5Restart?5Interval?5?$CFu@ 00000001800bcc10     jerror.obj
 0003:00003c30       ??_C@_0BE@IPCOOGDJ@Freed?5EMS?5handle?5?$CFu@ 00000001800bcc30     jerror.obj
 0003:00003c48       ??_C@_0BH@GIPOLIGC@Obtained?5EMS?5handle?5?$CFu@ 00000001800bcc48     jerror.obj
 0003:00003c68       ??_C@_0N@HJHFKELG@End?5Of?5Image@ 00000001800bcc68     jerror.obj
 0003:00003c78       ??_C@_0CI@FKGPAJC@?5?5?5?5?5?5?5?5?$CF3d?5?$CF3d?5?$CF3d?5?$CF3d?5?$CF3d?5?$CF3d@ 00000001800bcc78     jerror.obj
 0003:00003ca8       ??_C@_0DF@LOKNABIG@JFIF?5APP0?5marker?3?5version?5?$CFd?4?$CF0@ 00000001800bcca8     jerror.obj
 0003:00003ce8       ??_C@_0DM@JLHNPIBE@Warning?3?5thumbnail?5image?5size?5d@ 00000001800bcce8     jerror.obj
 0003:00003d30       ??_C@_0CO@KKPHGHBA@JFIF?5extension?5marker?3?5type?50x?$CF@ 00000001800bcd30     jerror.obj
 0003:00003d68       ??_C@_0CB@BADBMAAB@?5?5?5?5with?5?$CFd?5x?5?$CFd?5thumbnail?5imag@ 00000001800bcd68     jerror.obj
 0003:00003d90       ??_C@_0CH@EHHJCMGA@Miscellaneous?5marker?50x?$CF02x?0?5le@ 00000001800bcd90     jerror.obj
 0003:00003dc0       ??_C@_0BJ@COPODLDN@Unexpected?5marker?50x?$CF02x@ 00000001800bcdc0     jerror.obj
 0003:00003de0       ??_C@_0CI@GHPOCOCL@?5?5?5?5?5?5?5?5?$CF4u?5?$CF4u?5?$CF4u?5?$CF4u?5?$CF4u?5?$CF4u@ 00000001800bcde0     jerror.obj
 0003:00003e10       ??_C@_0CD@CNNAOOFA@Quantizing?5to?5?$CFd?5?$DN?5?$CFd?$CK?$CFd?$CK?$CFd?5col@ 00000001800bce10     jerror.obj
 0003:00003e40       ??_C@_0BI@NEIBNACE@Quantizing?5to?5?$CFd?5colors@ 00000001800bce40     jerror.obj
 0003:00003e60       ??_C@_0CE@FDPBEAOO@Selected?5?$CFd?5colors?5for?5quantiza@ 00000001800bce60     jerror.obj
 0003:00003e90       ??_C@_0CF@NIMOLBCP@At?5marker?50x?$CF02x?0?5recovery?5acti@ 00000001800bce90     jerror.obj
 0003:00003ebc       ??_C@_05LLAPAOG@RST?$CFd@  00000001800bcebc     jerror.obj
 0003:00003ec8       ??_C@_0DJ@PCBCLFML@Smoothing?5not?5supported?5with?5no@ 00000001800bcec8     jerror.obj
 0003:00003f10       ??_C@_0DK@DMINKOGN@Start?5Of?5Frame?50x?$CF02x?3?5width?$DN?$CFu@ 00000001800bcf10     jerror.obj
 0003:00003f58       ??_C@_0BP@EDCAMHHE@?5?5?5?5Component?5?$CFd?3?5?$CFdhx?$CFdv?5q?$DN?$CFd@ 00000001800bcf58     jerror.obj
 0003:00003f80       ??_C@_0P@JLCHJELA@Start?5of?5Image@ 00000001800bcf80     jerror.obj
 0003:00003f98       ??_C@_0BN@BLOOHNC@Start?5Of?5Scan?3?5?$CFd?5components@ 00000001800bcf98     jerror.obj
 0003:00003fc0       ??_C@_0BO@CDEKFGLC@?5?5?5?5Component?5?$CFd?3?5dc?$DN?$CFd?5ac?$DN?$CFd@ 00000001800bcfc0     jerror.obj
 0003:00003fe8       ??_C@_0BN@GAMIJLDC@?5?5Ss?$DN?$CFd?0?5Se?$DN?$CFd?0?5Ah?$DN?$CFd?0?5Al?$DN?$CFd@ 00000001800bcfe8     jerror.obj
 0003:00004010       ??_C@_0BJ@KDCGAOJB@Closed?5temporary?5file?5?$CFs@ 00000001800bd010     jerror.obj
 0003:00004030       ??_C@_0BJ@GOCABEP@Opened?5temporary?5file?5?$CFs@ 00000001800bd030     jerror.obj
 0003:00004050       ??_C@_0EC@ELDEPOJP@JFIF?5extension?5marker?3?5JPEG?9com@ 00000001800bd050     jerror.obj
 0003:000040a0       ??_C@_0DK@JGAPDCJL@JFIF?5extension?5marker?3?5palette?5@ 00000001800bd0a0     jerror.obj
 0003:000040e8       ??_C@_0DG@FCFDGNHE@JFIF?5extension?5marker?3?5RGB?5thum@ 00000001800bd0e8     jerror.obj
 0003:00004128       ??_C@_0DE@EEJCDLOO@Unrecognized?5component?5IDs?5?$CFd?5?$CF@ 00000001800bd128     jerror.obj
 0003:00004168       ??_C@_0BE@FOGGKKAO@Freed?5XMS?5handle?5?$CFu@ 00000001800bd168     jerror.obj
 0003:00004180       ??_C@_0BH@LJLGPEFF@Obtained?5XMS?5handle?5?$CFu@ 00000001800bd180     jerror.obj
 0003:000041a0       ??_C@_0CG@KEGHCDOM@Unknown?5Adobe?5color?5transform?5c@ 00000001800bd1a0     jerror.obj
 0003:000041d0       ??_C@_0CH@LMKBDJBK@Corrupt?5JPEG?5data?3?5bad?5arithmet@ 00000001800bd1d0     jerror.obj
 0003:00004200       ??_C@_0EC@CBCJOINE@Inconsistent?5progression?5sequen@ 00000001800bd200     jerror.obj
 0003:00004250       ??_C@_0DM@PCOGCKJB@Corrupt?5JPEG?5data?3?5?$CFu?5extraneou@ 00000001800bd250     jerror.obj
 0003:00004298       ??_C@_0DB@PGMEPGHN@Corrupt?5JPEG?5data?3?5premature?5en@ 00000001800bd298     jerror.obj
 0003:000042d8       ??_C@_0CE@PBLDOPKB@Corrupt?5JPEG?5data?3?5bad?5Huffman?5@ 00000001800bd2d8     jerror.obj
 0003:00004308       ??_C@_0CO@ODCCEDLN@Warning?3?5unknown?5JFIF?5revision?5@ 00000001800bd308     jerror.obj
 0003:00004340       ??_C@_0BL@DPFPFMLM@Premature?5end?5of?5JPEG?5file@ 00000001800bd340     jerror.obj
 0003:00004360       ??_C@_0DI@NFMBADOH@Corrupt?5JPEG?5data?3?5found?5marker@ 00000001800bd360     jerror.obj
 0003:000043a8       ??_C@_0CL@BAKCGOKJ@Invalid?5SOS?5parameters?5for?5sequ@ 00000001800bd3a8     jerror.obj
 0003:000043e0       ??_C@_0CL@OCGBAKPF@Application?5transferred?5too?5man@ 00000001800bd3e0     jerror.obj
 0003:00004594       ??_C@_03OFAPEBGM@?$CFs?6@  00000001800bd594     jerror.obj
 0003:00004598       __real@3ec3ef15            00000001800bd598     jfdctflt.obj
 0003:0000459c       __real@3f0a8bd4            00000001800bd59c     jfdctflt.obj
 0003:000045a0       __real@3f3504f3            00000001800bd5a0     jfdctflt.obj
 0003:000045a4       __real@3fa73d75            00000001800bd5a4     jfdctflt.obj
 0003:000045a8       __real@44800000            00000001800bd5a8     jfdctflt.obj
 0003:00004c24       __real@3f8a8bd4            00000001800bdc24     jidctflt.obj
 0003:00004c28       __real@3fb504f3            00000001800bdc28     jidctflt.obj
 0003:00004c2c       __real@3fec835e            00000001800bdc2c     jidctflt.obj
 0003:00004c30       __real@40273d75            00000001800bdc30     jidctflt.obj
 0003:00004c34       __real@44002000            00000001800bdc34     jidctflt.obj
 0003:00005c20       ??_C@_07OOOLPGAB@JPEGMEM@  00000001800bec20     jmemmgr.obj
 0003:00005c2c       ??_C@_05IBIMIMKO@?$CFld?$CFc@ 00000001800bec2c     jmemmgr.obj
 0003:00005f70       jpeg_natural_order         00000001800bef70     jutils.obj
 0003:000060b0       jpeg_natural_order7        00000001800bf0b0     jutils.obj
 0003:000061c0       jpeg_natural_order6        00000001800bf1c0     jutils.obj
 0003:00006290       jpeg_natural_order5        00000001800bf290     jutils.obj
 0003:00006340       jpeg_natural_order4        00000001800bf340     jutils.obj
 0003:000063c0       jpeg_natural_order3        00000001800bf3c0     jutils.obj
 0003:00006430       jpeg_natural_order2        00000001800bf430     jutils.obj
 0003:000065a0       _pDefaultRawDllMain        00000001800bf5a0     MSVCRTD:dll_dllmain.obj
 0003:000065a0       _pRawDllMain               00000001800bf5a0     MSVCRTD:dll_dllmain.obj
 0003:000065e0       ??_C@_0BJ@HEGAHDFO@Stack?5pointer?5corruption@ 00000001800bf5e0     MSVCRTD:userapi.obj
 0003:00006600       ??_C@_0CK@FEGOIOPB@Cast?5to?5smaller?5type?5causing?5lo@ 00000001800bf600     MSVCRTD:userapi.obj
 0003:00006638       ??_C@_0BI@CIGMDCBH@Stack?5memory?5corruption@ 00000001800bf638     MSVCRTD:userapi.obj
 0003:00006658       ??_C@_0CK@CNLNOEPB@Local?5variable?5used?5before?5init@ 00000001800bf658     MSVCRTD:userapi.obj
 0003:00006690       ??_C@_0BP@OGBCLIBO@Stack?5around?5_alloca?5corrupted@ 00000001800bf690     MSVCRTD:userapi.obj
 0003:000067a0       ??_C@_0NN@JMPELKLB@The?5value?5of?5ESP?5was?5not?5proper@ 00000001800bf7a0     MSVCRTD:error.obj
 0003:000068b0       ??_C@_0BBN@ELNNILBE@A?5cast?5to?5a?5smaller?5data?5type?5h@ 00000001800bf8b0     MSVCRTD:error.obj
 0003:00006a08       ??_C@_0BN@BPOGFMJL@Stack?5memory?5was?5corrupted?$AN?6@ 00000001800bfa08     MSVCRTD:error.obj
 0003:00006a30       ??_C@_0DG@DAJCDLPN@A?5local?5variable?5was?5used?5befor@ 00000001800bfa30     MSVCRTD:error.obj
 0003:00006a70       ??_C@_0CM@JMIDGKLA@Stack?5memory?5around?5_alloca?5was@ 00000001800bfa70     MSVCRTD:error.obj
 0003:00006aa8       ??_C@_0BO@CHIONIOI@Unknown?5Runtime?5Check?5Error?$AN?6@ 00000001800bfaa8     MSVCRTD:error.obj
 0003:00006ad0       ??_C@_1GM@CNOOJIHC@?$AAR?$AAu?$AAn?$AAt?$AAi?$AAm?$AAe?$AA?5?$AAC?$AAh?$AAe?$AAc?$AAk?$AA?5?$AAE@ 00000001800bfad0     MSVCRTD:error.obj
 0003:00006b60       ??_C@_1EA@NFKNIFJP@?$AAR?$AAu?$AAn?$AA?9?$AAT?$AAi?$AAm?$AAe?$AA?5?$AAC?$AAh?$AAe?$AAc?$AAk?$AA?5@ 00000001800bfb60     MSVCRTD:error.obj
 0003:00006bb0       ??_C@_0BB@PFFGGCJP@Unknown?5Filename@ 00000001800bfbb0     MSVCRTD:error.obj
 0003:00006bc8       ??_C@_0BE@GNBOBNCK@Unknown?5Module?5Name@ 00000001800bfbc8     MSVCRTD:error.obj
 0003:00006be0       ??_C@_0CA@IODNCDPG@Run?9Time?5Check?5Failure?5?$CD?$CFd?5?9?5?$CFs@ 00000001800bfbe0     MSVCRTD:error.obj
 0003:00006c08       ??_C@_0CG@IAFNJNEE@Stack?5corrupted?5near?5unknown?5va@ 00000001800bfc08     MSVCRTD:error.obj
 0003:00006c38       ??_C@_05MKKEDADM@?$CF?42X?5@ 00000001800bfc38     MSVCRTD:error.obj
 0003:00006c40       ??_C@_0EJ@LJKNEOLN@Stack?5area?5around?5_alloca?5memor@ 00000001800bfc40     MSVCRTD:error.obj
 0003:00006c98       ??_C@_01EEMJAFIK@?6@       00000001800bfc98     MSVCRTD:error.obj
 0003:00006c9c       ??_C@_02LLMPMKNF@?$DO?5@   00000001800bfc9c     MSVCRTD:error.obj
 0003:00006ca0       ??_C@_08OMAHNMHJ@?6Data?3?5?$DM@ 00000001800bfca0     MSVCRTD:error.obj
 0003:00006cb0       ??_C@_0CK@DKGBICFE@?6Allocation?5number?5within?5this?5@ 00000001800bfcb0     MSVCRTD:error.obj
 0003:00006ce8       ??_C@_07DFDJCKFN@?6Size?3?5@ 00000001800bfce8     MSVCRTD:error.obj
 0003:00006cf8       ??_C@_0N@MHFFIMFG@?6Address?3?50x@ 00000001800bfcf8     MSVCRTD:error.obj
 0003:00006d10       ??_C@_0EI@CLEPFNGI@Stack?5area?5around?5_alloca?5memor@ 00000001800bfd10     MSVCRTD:error.obj
 0003:00006d68       ??_C@_0BK@ODNDAGKB@?$CFs?$CFs?$CFp?$CFs?$CFzd?$CFs?$CFd?$CFs?$CFs?$CFs?$CFs?$CFs@ 00000001800bfd68     MSVCRTD:error.obj
 0003:00006d88       ??_C@_0DE@OHJBPMBP@A?5variable?5is?5being?5used?5withou@ 00000001800bfd88     MSVCRTD:error.obj
 0003:00006e30       ??_C@_1EI@MLPKHBGE@?$AAa?$AAp?$AAi?$AA?9?$AAm?$AAs?$AA?9?$AAw?$AAi?$AAn?$AA?9?$AAc?$AAo?$AAr?$AAe@ 00000001800bfe30     MSVCRTD:pdblkup.obj
 0003:00006e88       ??_C@_1BK@JHLNAEJL@?$AAa?$AAd?$AAv?$AAa?$AAp?$AAi?$AA3?$AA2?$AA?4?$AAd?$AAl?$AAl@ 00000001800bfe88     MSVCRTD:pdblkup.obj
 0003:00006ea8       ??_C@_0O@COHOBMLB@RegOpenKeyExW@ 00000001800bfea8     MSVCRTD:pdblkup.obj
 0003:00006eb8       ??_C@_0BB@GLNAEDBD@RegQueryValueExW@ 00000001800bfeb8     MSVCRTD:pdblkup.obj
 0003:00006ed0       ??_C@_0M@HLOHPNFA@RegCloseKey@ 00000001800bfed0     MSVCRTD:pdblkup.obj
 0003:00006ee0       ??_C@_1HE@EBEAGLFB@?$AAS?$AAO?$AAF?$AAT?$AAW?$AAA?$AAR?$AAE?$AA?2?$AAW?$AAo?$AAw?$AA6?$AA4?$AA3@ 00000001800bfee0     MSVCRTD:pdblkup.obj
 0003:00006f70       ??_C@_1BG@EABPBLLF@?$AAP?$AAr?$AAo?$AAd?$AAu?$AAc?$AAt?$AAD?$AAi?$AAr@ 00000001800bff70     MSVCRTD:pdblkup.obj
 0003:00006fb8       ??_C@_1BC@JINFINNJ@?$AAM?$AAS?$AAP?$AAD?$AAB?$AA1?$AA4?$AA0@ 00000001800bffb8     MSVCRTD:pdblkup.obj
 0003:00006fd0       ??_C@_0BB@KCIACLNC@PDBOpenValidate5@ 00000001800bffd0     MSVCRTD:pdblkup.obj
 0003:00006fe4       ??_C@_01KDCPPGHE@r@        00000001800bffe4     MSVCRTD:pdblkup.obj
 0003:00007020       _load_config_used          00000001800c0020     MSVCRTD:loadcfg.obj
 0003:00007480       __CastGuardVftablesStart   00000001800c0480     MSVCRTD:guard_support.obj
 0003:00007590       __CastGuardVftablesEnd     00000001800c0590     MSVCRTD:guard_support.obj
 0003:00007840       __rtc_iaa                  00000001800c0840     MSVCRTD:initsect.obj
 0003:00007d88       __rtc_izz                  00000001800c0d88     MSVCRTD:initsect.obj
 0003:00007e98       __rtc_taa                  00000001800c0e98     MSVCRTD:initsect.obj
 0003:000083e0       __rtc_tzz                  00000001800c13e0     MSVCRTD:initsect.obj
 0004:00000000       _fltused                   00000001800c6000     MSVCRTD:fltused.obj
 0004:00000010       __security_cookie_complement 00000001800c6010     MSVCRTD:gs_cookie.obj
 0004:00000018       __security_cookie          00000001800c6018     MSVCRTD:gs_cookie.obj
 0004:00000030       ?_RTC_ErrorLevels@@3PAHA   00000001800c6030     MSVCRTD:error.obj
 0004:00000048       __scrt_native_dllmain_reason 00000001800c6048     MSVCRTD:utility.obj
 0004:00000050       __isa_available            00000001800c6050     MSVCRTD:cpu_disp.obj
 0004:00000054       __isa_enabled              00000001800c6054     MSVCRTD:cpu_disp.obj
 0004:00000058       __memcpy_nt_iters          00000001800c6058     MSVCRTD:cpu_disp.obj
 0004:00000060       __memset_nt_iters          00000001800c6060     MSVCRTD:cpu_disp.obj
 0004:00000070       __scrt_ucrt_dll_is_in_use  00000001800c6070     MSVCRTD:ucrt_stubs.obj
 0004:00000180       __@@_PchSym_@00@UfhvihUgsrziUlmvwirevUwlxfnvmghUtrgsfyUgipUdrmwldhlkvmtoUgvnkUqkvtJwPcGEPwvyftPwooUkxsOlyq@4B2008FD98C1DD4 00000001800c6180     pch.obj
 0004:00000838       ?_OptionsStorage@?1??__local_stdio_printf_options@@9@4_KA 00000001800c6838     MSVCRTD:error.obj
 0004:00000850       ?__type_info_root_node@@3U__type_info_node@@A 00000001800c6850     MSVCRTD:tncleanup.obj
 0004:00000868       ?_OptionsStorage@?1??__local_stdio_scanf_options@@9@4_KA 00000001800c6868     MSVCRTD:default_local_stdio_options.obj
 0004:00000878       __scrt_current_native_startup_state 00000001800c6878     MSVCRTD:utility.obj
 0004:00000880       __scrt_native_startup_lock 00000001800c6880     MSVCRTD:utility.obj
 0004:000008d0       __scrt_debugger_hook_flag  00000001800c68d0     MSVCRTD:utility_desktop.obj
 0004:000008d8       __castguard_check_failure_os_handled_fptr 00000001800c68d8     MSVCRTD:guard_support.obj
 0004:000008f4       __favor                    00000001800c68f4     MSVCRTD:cpu_disp.obj
 0004:000008f8       ?_OptionsStorage@?1??__local_stdio_scanf_options@@9@9 00000001800c68f8     <common>
 0004:00000910       ?_OptionsStorage@?1??__local_stdio_printf_options@@9@9 00000001800c6910     <common>
 0004:00000928       __dyn_tls_init_callback    00000001800c6928     <common>
 0004:0000093c       __DebuggerCurrentSteppingThreadId 00000001800c693c     <common>
 0006:00000000       __imp_GetStartupInfoW      00000001800cb000     kernel32:KERNEL32.dll
 0006:00000008       __imp_RtlCaptureContext    00000001800cb008     kernel32:KERNEL32.dll
 0006:00000010       __imp_RtlLookupFunctionEntry 00000001800cb010     kernel32:KERNEL32.dll
 0006:00000018       __imp_RtlVirtualUnwind     00000001800cb018     kernel32:KERNEL32.dll
 0006:00000020       __imp_UnhandledExceptionFilter 00000001800cb020     kernel32:KERNEL32.dll
 0006:00000028       __imp_SetUnhandledExceptionFilter 00000001800cb028     kernel32:KERNEL32.dll
 0006:00000030       __imp_GetCurrentProcess    00000001800cb030     kernel32:KERNEL32.dll
 0006:00000038       __imp_TerminateProcess     00000001800cb038     kernel32:KERNEL32.dll
 0006:00000040       __imp_IsProcessorFeaturePresent 00000001800cb040     kernel32:KERNEL32.dll
 0006:00000048       __imp_IsDebuggerPresent    00000001800cb048     kernel32:KERNEL32.dll
 0006:00000050       __imp_GetProcAddress       00000001800cb050     kernel32:KERNEL32.dll
 0006:00000058       __imp_FreeLibrary          00000001800cb058     kernel32:KERNEL32.dll
 0006:00000060       __imp_VirtualQuery         00000001800cb060     kernel32:KERNEL32.dll
 0006:00000068       __imp_GetProcessHeap       00000001800cb068     kernel32:KERNEL32.dll
 0006:00000070       __imp_HeapFree             00000001800cb070     kernel32:KERNEL32.dll
 0006:00000078       __imp_HeapAlloc            00000001800cb078     kernel32:KERNEL32.dll
 0006:00000080       __imp_GetLastError         00000001800cb080     kernel32:KERNEL32.dll
 0006:00000088       __imp_GetModuleHandleW     00000001800cb088     kernel32:KERNEL32.dll
 0006:00000090       __imp_GetCurrentThreadId   00000001800cb090     kernel32:KERNEL32.dll
 0006:00000098       __imp_InitializeSListHead  00000001800cb098     kernel32:KERNEL32.dll
 0006:000000a0       __imp_GetSystemTimeAsFileTime 00000001800cb0a0     kernel32:KERNEL32.dll
 0006:000000a8       __imp_GetCurrentProcessId  00000001800cb0a8     kernel32:KERNEL32.dll
 0006:000000b0       __imp_QueryPerformanceCounter 00000001800cb0b0     kernel32:KERNEL32.dll
 0006:000000b8       __imp_WideCharToMultiByte  00000001800cb0b8     kernel32:KERNEL32.dll
 0006:000000c0       __imp_MultiByteToWideChar  00000001800cb0c0     kernel32:KERNEL32.dll
 0006:000000c8       __imp_RaiseException       00000001800cb0c8     kernel32:KERNEL32.dll
 0006:000000d0       \177KERNEL32_NULL_THUNK_DATA 00000001800cb0d0     kernel32:KERNEL32.dll
 0006:00000150       __imp___vcrt_GetModuleHandleW 00000001800cb150     vcruntimed:VCRUNTIME140D.dll
 0006:00000158       __imp___vcrt_GetModuleFileNameW 00000001800cb158     vcruntimed:VCRUNTIME140D.dll
 0006:00000160       __imp___current_exception_context 00000001800cb160     vcruntimed:VCRUNTIME140D.dll
 0006:00000168       __imp___current_exception  00000001800cb168     vcruntimed:VCRUNTIME140D.dll
 0006:00000170       __imp___std_type_info_destroy_list 00000001800cb170     vcruntimed:VCRUNTIME140D.dll
 0006:00000178       __imp___C_specific_handler_noexcept 00000001800cb178     vcruntimed:VCRUNTIME140D.dll
 0006:00000180       __imp___C_specific_handler 00000001800cb180     vcruntimed:VCRUNTIME140D.dll
 0006:00000188       __imp_memcpy               00000001800cb188     vcruntimed:VCRUNTIME140D.dll
 0006:00000190       __imp___vcrt_LoadLibraryExW 00000001800cb190     vcruntimed:VCRUNTIME140D.dll
 0006:00000198       __imp_memset               00000001800cb198     vcruntimed:VCRUNTIME140D.dll
 0006:000001a0       \177VCRUNTIME140D_NULL_THUNK_DATA 00000001800cb1a0     vcruntimed:VCRUNTIME140D.dll
 0006:00000208       __imp__cexit               00000001800cb208     ucrtd:ucrtbased.dll
 0006:00000210       __imp_terminate            00000001800cb210     ucrtd:ucrtbased.dll
 0006:00000218       __imp__wmakepath_s         00000001800cb218     ucrtd:ucrtbased.dll
 0006:00000220       __imp__wsplitpath_s        00000001800cb220     ucrtd:ucrtbased.dll
 0006:00000228       __imp_wcscpy_s             00000001800cb228     ucrtd:ucrtbased.dll
 0006:00000230       __imp__crt_at_quick_exit   00000001800cb230     ucrtd:ucrtbased.dll
 0006:00000238       __imp__crt_atexit          00000001800cb238     ucrtd:ucrtbased.dll
 0006:00000240       __imp__register_onexit_function 00000001800cb240     ucrtd:ucrtbased.dll
 0006:00000248       __imp__initialize_onexit_table 00000001800cb248     ucrtd:ucrtbased.dll
 0006:00000250       __imp__initialize_narrow_environment 00000001800cb250     ucrtd:ucrtbased.dll
 0006:00000258       __imp__configure_narrow_argv 00000001800cb258     ucrtd:ucrtbased.dll
 0006:00000260       __imp__seh_filter_dll      00000001800cb260     ucrtd:ucrtbased.dll
 0006:00000268       __imp___stdio_common_vsprintf_s 00000001800cb268     ucrtd:ucrtbased.dll
 0006:00000270       __imp_strcat_s             00000001800cb270     ucrtd:ucrtbased.dll
 0006:00000278       __imp_strcpy_s             00000001800cb278     ucrtd:ucrtbased.dll
 0006:00000280       __imp__initterm_e          00000001800cb280     ucrtd:ucrtbased.dll
 0006:00000288       __imp__initterm            00000001800cb288     ucrtd:ucrtbased.dll
 0006:00000290       __imp__CrtDbgReportW       00000001800cb290     ucrtd:ucrtbased.dll
 0006:00000298       __imp__CrtDbgReport        00000001800cb298     ucrtd:ucrtbased.dll
 0006:000002a0       __imp___stdio_common_vsscanf 00000001800cb2a0     ucrtd:ucrtbased.dll
 0006:000002a8       __imp_getenv               00000001800cb2a8     ucrtd:ucrtbased.dll
 0006:000002b0       __imp___stdio_common_vsprintf 00000001800cb2b0     ucrtd:ucrtbased.dll
 0006:000002b8       __imp___stdio_common_vfprintf 00000001800cb2b8     ucrtd:ucrtbased.dll
 0006:000002c0       __imp___acrt_iob_func      00000001800cb2c0     ucrtd:ucrtbased.dll
 0006:000002c8       __imp_exit                 00000001800cb2c8     ucrtd:ucrtbased.dll
 0006:000002d0       __imp_strncpy              00000001800cb2d0     ucrtd:ucrtbased.dll
 0006:000002d8       __imp_fread                00000001800cb2d8     ucrtd:ucrtbased.dll
 0006:000002e0       __imp_fwrite               00000001800cb2e0     ucrtd:ucrtbased.dll
 0006:000002e8       __imp_fflush               00000001800cb2e8     ucrtd:ucrtbased.dll
 0006:000002f0       __imp_ferror               00000001800cb2f0     ucrtd:ucrtbased.dll
 0006:000002f8       __imp_malloc               00000001800cb2f8     ucrtd:ucrtbased.dll
 0006:00000300       __imp_free                 00000001800cb300     ucrtd:ucrtbased.dll
 0006:00000308       __imp__execute_onexit_table 00000001800cb308     ucrtd:ucrtbased.dll
 0006:00000310       \177ucrtbased_NULL_THUNK_DATA 00000001800cb310     ucrtd:ucrtbased.dll
 0006:00000398       __IMPORT_DESCRIPTOR_VCRUNTIME140D 00000001800cb398     vcruntimed:VCRUNTIME140D.dll
 0006:000003ac       __IMPORT_DESCRIPTOR_ucrtbased 00000001800cb3ac     ucrtd:ucrtbased.dll
 0006:000003c0       __IMPORT_DESCRIPTOR_KERNEL32 00000001800cb3c0     kernel32:KERNEL32.dll
 0006:000003d4       __NULL_IMPORT_DESCRIPTOR   00000001800cb3d4     vcruntimed:VCRUNTIME140D.dll
 0008:00000000       __guard_check_icall_fptr   00000001800cd000     MSVCRTD:guard_support.obj
 0008:00000010       __guard_xfg_check_icall_fptr 00000001800cd010     MSVCRTD:guard_support.obj
 0008:00000020       __guard_dispatch_icall_fptr 00000001800cd020     MSVCRTD:guard_support.obj
 0008:00000030       __guard_xfg_dispatch_icall_fptr 00000001800cd030     MSVCRTD:guard_support.obj
 0008:00000040       __guard_xfg_table_dispatch_icall_fptr 00000001800cd040     MSVCRTD:guard_support.obj

 entry point at        0002:00000014

 Static symbols

 0000:fff30000       .debug$S                   0000000180000000     Jpeg9d.exp
 0000:fff34000       __guard_ehcont_?dllmain_dispatch@@YAHQEAUHINSTANCE__@@KQEAX@Z 0000000180000000     MSVCRTD:dll_dllmain.obj
 0000:fff34000       __guard_fids_?dllmain_dispatch@@YAHQEAUHINSTANCE__@@KQEAX@Z 0000000180000000     MSVCRTD:dll_dllmain.obj
 0000:fff34000       __guard_ehcont_?notify_debugger@@YAXAEBUtagEXCEPTION_VISUALCPP_DEBUG_INFO@@@Z 0000000180000000     MSVCRTD:error.obj
 0000:fff34000       __guard_fids__             0000000180000000     MSVCRTD:guard_support.obj
 0000:fff34000       __guard_fids__             0000000180000000     MSVCRTD:guard_support.obj
 0000:fff34000       __guard_fids__guard_icall_checks_enforced 0000000180000000     MSVCRTD:guard_support.obj
 0000:fff34000       __guard_fids__CRT_RTC_INIT 0000000180000000     MSVCRTD:init.obj
 0000:fff34000       __guard_fids__CRT_RTC_INITW 0000000180000000     MSVCRTD:init.obj
 0000:fff34000       __guard_ehcont___scrt_is_nonwritable_in_current_image 0000000180000000     MSVCRTD:utility.obj
 0000:fff34000       __guard_fids___scrt_set_unhandled_exception_filter 0000000180000000     MSVCRTD:utility_desktop.obj
 0000:fff30000       .debug$S                   0000000180000000     vcruntimed:VCRUNTIME140D.dll
 0000:fff30000       .debug$S                   0000000180000000     vcruntimed:VCRUNTIME140D.dll
 0000:fff30000       .debug$S                   0000000180000000     vcruntimed:VCRUNTIME140D.dll
 0000:fff30000       .debug$S                   0000000180000000     vcruntimed:VCRUNTIME140D.dll
 0000:fff30000       .debug$S                   0000000180000000     vcruntimed:VCRUNTIME140D.dll
 0000:fff30000       .debug$S                   0000000180000000     vcruntimed:VCRUNTIME140D.dll
 0000:fff30000       .debug$S                   0000000180000000     vcruntimed:VCRUNTIME140D.dll
 0000:fff30000       .debug$S                   0000000180000000     vcruntimed:VCRUNTIME140D.dll
 0000:fff30000       .debug$S                   0000000180000000     vcruntimed:VCRUNTIME140D.dll
 0000:fff30000       .debug$S                   0000000180000000     vcruntimed:VCRUNTIME140D.dll
 0000:fff30000       .debug$S                   0000000180000000     ucrtd:ucrtbased.dll
 0000:fff30000       .debug$S                   0000000180000000     ucrtd:ucrtbased.dll
 0000:fff30000       .debug$S                   0000000180000000     ucrtd:ucrtbased.dll
 0000:fff30000       .debug$S                   0000000180000000     ucrtd:ucrtbased.dll
 0000:fff30000       .debug$S                   0000000180000000     ucrtd:ucrtbased.dll
 0000:fff30000       .debug$S                   0000000180000000     ucrtd:ucrtbased.dll
 0000:fff30000       .debug$S                   0000000180000000     ucrtd:ucrtbased.dll
 0000:fff30000       .debug$S                   0000000180000000     ucrtd:ucrtbased.dll
 0000:fff30000       .debug$S                   0000000180000000     ucrtd:ucrtbased.dll
 0000:fff30000       .debug$S                   0000000180000000     ucrtd:ucrtbased.dll
 0000:fff30000       .debug$S                   0000000180000000     ucrtd:ucrtbased.dll
 0000:fff30000       .debug$S                   0000000180000000     ucrtd:ucrtbased.dll
 0000:fff30000       .debug$S                   0000000180000000     ucrtd:ucrtbased.dll
 0000:fff30000       .debug$S                   0000000180000000     ucrtd:ucrtbased.dll
 0000:fff30000       .debug$S                   0000000180000000     ucrtd:ucrtbased.dll
 0000:fff30000       .debug$S                   0000000180000000     ucrtd:ucrtbased.dll
 0000:fff30000       .debug$S                   0000000180000000     ucrtd:ucrtbased.dll
 0000:fff30000       .debug$S                   0000000180000000     ucrtd:ucrtbased.dll
 0000:fff30000       .debug$S                   0000000180000000     ucrtd:ucrtbased.dll
 0000:fff30000       .debug$S                   0000000180000000     ucrtd:ucrtbased.dll
 0000:fff30000       .debug$S                   0000000180000000     ucrtd:ucrtbased.dll
 0000:fff30000       .debug$S                   0000000180000000     ucrtd:ucrtbased.dll
 0000:fff30000       .debug$S                   0000000180000000     ucrtd:ucrtbased.dll
 0000:fff30000       .debug$S                   0000000180000000     ucrtd:ucrtbased.dll
 0000:fff30000       .debug$S                   0000000180000000     ucrtd:ucrtbased.dll
 0000:fff30000       .debug$S                   0000000180000000     ucrtd:ucrtbased.dll
 0000:fff30000       .debug$S                   0000000180000000     ucrtd:ucrtbased.dll
 0000:fff30000       .debug$S                   0000000180000000     ucrtd:ucrtbased.dll
 0000:fff30000       .debug$S                   0000000180000000     ucrtd:ucrtbased.dll
 0000:fff30000       .debug$S                   0000000180000000     ucrtd:ucrtbased.dll
 0000:fff30000       .debug$S                   0000000180000000     ucrtd:ucrtbased.dll
 0000:fff30000       .debug$S                   0000000180000000     ucrtd:ucrtbased.dll
 0000:fff30000       .debug$S                   0000000180000000     ucrtd:ucrtbased.dll
 0000:fff30000       .debug$S                   0000000180000000     kernel32:KERNEL32.dll
 0000:fff30000       .debug$S                   0000000180000000     kernel32:KERNEL32.dll
 0000:fff30000       .debug$S                   0000000180000000     kernel32:KERNEL32.dll
 0000:fff30000       .debug$S                   0000000180000000     kernel32:KERNEL32.dll
 0000:fff30000       .debug$S                   0000000180000000     kernel32:KERNEL32.dll
 0000:fff30000       .debug$S                   0000000180000000     kernel32:KERNEL32.dll
 0000:fff30000       .debug$S                   0000000180000000     kernel32:KERNEL32.dll
 0000:fff30000       .debug$S                   0000000180000000     kernel32:KERNEL32.dll
 0000:fff30000       .debug$S                   0000000180000000     kernel32:KERNEL32.dll
 0000:fff30000       .debug$S                   0000000180000000     kernel32:KERNEL32.dll
 0000:fff30000       .debug$S                   0000000180000000     kernel32:KERNEL32.dll
 0000:fff30000       .debug$S                   0000000180000000     kernel32:KERNEL32.dll
 0000:fff30000       .debug$S                   0000000180000000     kernel32:KERNEL32.dll
 0000:fff30000       .debug$S                   0000000180000000     kernel32:KERNEL32.dll
 0000:fff30000       .debug$S                   0000000180000000     kernel32:KERNEL32.dll
 0000:fff30000       .debug$S                   0000000180000000     kernel32:KERNEL32.dll
 0000:fff30000       .debug$S                   0000000180000000     kernel32:KERNEL32.dll
 0000:fff30000       .debug$S                   0000000180000000     kernel32:KERNEL32.dll
 0000:fff30000       .debug$S                   0000000180000000     kernel32:KERNEL32.dll
 0000:fff30000       .debug$S                   0000000180000000     kernel32:KERNEL32.dll
 0000:fff30000       .debug$S                   0000000180000000     kernel32:KERNEL32.dll
 0000:fff30000       .debug$S                   0000000180000000     kernel32:KERNEL32.dll
 0000:fff30000       .debug$S                   0000000180000000     kernel32:KERNEL32.dll
 0000:fff30000       .debug$S                   0000000180000000     kernel32:KERNEL32.dll
 0000:fff30000       .debug$S                   0000000180000000     kernel32:KERNEL32.dll
 0000:fff30000       .debug$S                   0000000180000000     kernel32:KERNEL32.dll
 0002:000021a0       arith_encode               000000018003f1a0 f   jcarith.obj
 0002:000026a0       emit_byte                  000000018003f6a0 f   jcarith.obj
 0002:000027b0       emit_restart               000000018003f7b0 f   jcarith.obj
 0002:000029c0       encode_mcu                 000000018003f9c0 f   jcarith.obj
 0002:000033d0       encode_mcu_AC_first        00000001800403d0 f   jcarith.obj
 0002:00003a90       encode_mcu_AC_refine       0000000180040a90 f   jcarith.obj
 0002:000040b0       encode_mcu_DC_first        00000001800410b0 f   jcarith.obj
 0002:00004610       encode_mcu_DC_refine       0000000180041610 f   jcarith.obj
 0002:000047c0       finish_pass                00000001800417c0 f   jcarith.obj
 0002:00004d10       start_pass                 0000000180041d10 f   jcarith.obj
 0002:00005170       compress_data              0000000180042170 f   jccoefct.obj
 0002:000057a0       compress_first_pass        00000001800427a0 f   jccoefct.obj
 0002:00005e00       compress_output            0000000180042e00 f   jccoefct.obj
 0002:00006460       start_iMCU_row             0000000180043460 f   jccoefct.obj
 0002:00006580       start_pass_coef            0000000180043580 f   jccoefct.obj
 0002:00006790       cmyk_ycck_convert          0000000180043790 f   jccolor.obj
 0002:00006b80       grayscale_convert          0000000180043b80 f   jccolor.obj
 0002:00007408       $LN67                      0000000180044408     jccolor.obj
 0002:00007424       $LN66                      0000000180044424     jccolor.obj
 0002:00007620       null_convert               0000000180044620 f   jccolor.obj
 0002:000077e0       null_method                00000001800447e0 f   jccolor.obj
 0002:00007830       rgb_convert                0000000180044830 f   jccolor.obj
 0002:00007a50       rgb_gray_convert           0000000180044a50 f   jccolor.obj
 0002:00007c90       rgb_rgb1_convert           0000000180044c90 f   jccolor.obj
 0002:00007f00       rgb_ycc_convert            0000000180044f00 f   jccolor.obj
 0002:00008270       rgb_ycc_start              0000000180045270 f   jccolor.obj
 0002:00008450       forward_DCT                0000000180045450 f   jcdctmgr.obj
 0002:00008760       forward_DCT_float          0000000180045760 f   jcdctmgr.obj
 0002:00008ac0       start_pass_fdctmgr         0000000180045ac0 f   jcdctmgr.obj
 0002:000099e0       dump_buffer_e              00000001800469e0 f   jchuff.obj
 0002:00009af0       dump_buffer_s              0000000180046af0 f   jchuff.obj
 0002:00009bb0       emit_ac_symbol             0000000180046bb0 f   jchuff.obj
 0002:00009cd0       emit_bits_e                0000000180046cd0 f   jchuff.obj
 0002:00009fb0       emit_bits_s                0000000180046fb0 f   jchuff.obj
 0002:0000a260       emit_buffered_bits         0000000180047260 f   jchuff.obj
 0002:0000a330       emit_dc_symbol             0000000180047330 f   jchuff.obj
 0002:0000a450       emit_eobrun                0000000180047450 f   jchuff.obj
 0002:0000a600       emit_restart_e             0000000180047600 f   jchuff.obj
 0002:0000a860       emit_restart_s             0000000180047860 f   jchuff.obj
 0002:0000aa50       encode_mcu_AC_first        0000000180047a50 f   jchuff.obj
 0002:0000aec0       encode_mcu_AC_refine       0000000180047ec0 f   jchuff.obj
 0002:0000b490       encode_mcu_DC_first        0000000180048490 f   jchuff.obj
 0002:0000b7f0       encode_mcu_DC_refine       00000001800487f0 f   jchuff.obj
 0002:0000ba20       encode_mcu_gather          0000000180048a20 f   jchuff.obj
 0002:0000bc60       encode_mcu_huff            0000000180048c60 f   jchuff.obj
 0002:0000bfc0       encode_one_block           0000000180048fc0 f   jchuff.obj
 0002:0000c400       finish_pass_gather         0000000180049400 f   jchuff.obj
 0002:0000c6f0       finish_pass_huff           00000001800496f0 f   jchuff.obj
 0002:0000c930       flush_bits_e               0000000180049930 f   jchuff.obj
 0002:0000c9c0       flush_bits_s               00000001800499c0 f   jchuff.obj
 0002:0000ca60       htest_one_block            0000000180049a60 f   jchuff.obj
 0002:0000ceb0       jpeg_gen_optimal_table     0000000180049eb0 f   jchuff.obj
 0002:0000d730       jpeg_make_c_derived_tbl    000000018004a730 f   jchuff.obj
 0002:0000dc70       start_pass_huff            000000018004ac70 f   jchuff.obj
 0002:0000f490       process_data_simple_main   000000018004c490 f   jcmainct.obj
 0002:0000f6c0       start_pass_main            000000018004c6c0 f   jcmainct.obj
 0002:0000f7e0       emit_2bytes                000000018004c7e0 f   jcmarker.obj
 0002:0000f880       emit_adobe_app14           000000018004c880 f   jcmarker.obj
 0002:0000fa10       emit_byte                  000000018004ca10 f   jcmarker.obj
 0002:0000fb20       emit_dac                   000000018004cb20 f   jcmarker.obj
 0002:0000fe70       emit_dht                   000000018004ce70 f   jcmarker.obj
 0002:000100c0       emit_dqt                   000000018004d0c0 f   jcmarker.obj
 0002:00010350       emit_dri                   000000018004d350 f   jcmarker.obj
 0002:000103f0       emit_jfif_app0             000000018004d3f0 f   jcmarker.obj
 0002:000105b0       emit_lse_ict               000000018004d5b0 f   jcmarker.obj
 0002:000107f0       emit_marker                000000018004d7f0 f   jcmarker.obj
 0002:00010870       emit_pseudo_sos            000000018004d870 f   jcmarker.obj
 0002:00010960       emit_sof                   000000018004d960 f   jcmarker.obj
 0002:00010b80       emit_sos                   000000018004db80 f   jcmarker.obj
[...]
 0007:00000081       __A2143F22_corecrt_stdio_config@h 00000001800cc081     jcprepct.obj
 0007:00000082       __829E1958_corecrt_wstdio@h 00000001800cc082     jcprepct.obj
 0007:00000083       __6DFAE8B8_stdio@h         00000001800cc083     jcprepct.obj
 0007:00000084       __1FEB9909_corecrt_memcpy_s@h 00000001800cc084     jcprepct.obj
 0007:00000085       __9200769A_corecrt_wstring@h 00000001800cc085     jcprepct.obj
 0007:00000086       __32E5F013_string@h        00000001800cc086     jcprepct.obj
 0007:00000087       __98AB7766_jcprepct@c      00000001800cc087     jcprepct.obj
 0007:00000089       __A2143F22_corecrt_stdio_config@h 00000001800cc089     jcsample.obj
 0007:0000008a       __829E1958_corecrt_wstdio@h 00000001800cc08a     jcsample.obj
 0007:0000008b       __6DFAE8B8_stdio@h         00000001800cc08b     jcsample.obj
 0007:0000008c       __1FEB9909_corecrt_memcpy_s@h 00000001800cc08c     jcsample.obj
 0007:0000008d       __9200769A_corecrt_wstring@h 00000001800cc08d     jcsample.obj
 0007:0000008e       __32E5F013_string@h        00000001800cc08e     jcsample.obj
 0007:0000008f       __E9C6ADAA_jcsample@c      00000001800cc08f     jcsample.obj
 0007:00000091       __A2143F22_corecrt_stdio_config@h 00000001800cc091     jctrans.obj
 0007:00000092       __829E1958_corecrt_wstdio@h 00000001800cc092     jctrans.obj
 0007:00000093       __6DFAE8B8_stdio@h         00000001800cc093     jctrans.obj
 0007:00000094       __1FEB9909_corecrt_memcpy_s@h 00000001800cc094     jctrans.obj
 0007:00000095       __9200769A_corecrt_wstring@h 00000001800cc095     jctrans.obj
 0007:00000096       __32E5F013_string@h        00000001800cc096     jctrans.obj
 0007:00000097       __9C4153DD_jctrans@c       00000001800cc097     jctrans.obj
 0007:00000099       __A2143F22_corecrt_stdio_config@h 00000001800cc099     jdapimin.obj
 0007:0000009a       __829E1958_corecrt_wstdio@h 00000001800cc09a     jdapimin.obj
 0007:0000009b       __6DFAE8B8_stdio@h         00000001800cc09b     jdapimin.obj
 0007:0000009c       __1FEB9909_corecrt_memcpy_s@h 00000001800cc09c     jdapimin.obj
 0007:0000009d       __9200769A_corecrt_wstring@h 00000001800cc09d     jdapimin.obj
 0007:0000009e       __32E5F013_string@h        00000001800cc09e     jdapimin.obj
 0007:0000009f       __4AFA6FB9_jdapimin@c      00000001800cc09f     jdapimin.obj
 0007:000000a1       __A2143F22_corecrt_stdio_config@h 00000001800cc0a1     jdapistd.obj
 0007:000000a2       __829E1958_corecrt_wstdio@h 00000001800cc0a2     jdapistd.obj
 0007:000000a3       __6DFAE8B8_stdio@h         00000001800cc0a3     jdapistd.obj
 0007:000000a4       __1FEB9909_corecrt_memcpy_s@h 00000001800cc0a4     jdapistd.obj
 0007:000000a5       __9200769A_corecrt_wstring@h 00000001800cc0a5     jdapistd.obj
 0007:000000a6       __32E5F013_string@h        00000001800cc0a6     jdapistd.obj
 0007:000000a7       __3ACE4CCE_jdapistd@c      00000001800cc0a7     jdapistd.obj
 0007:000000a9       __A2143F22_corecrt_stdio_config@h 00000001800cc0a9     jdarith.obj
 0007:000000aa       __829E1958_corecrt_wstdio@h 00000001800cc0aa     jdarith.obj
 0007:000000ab       __6DFAE8B8_stdio@h         00000001800cc0ab     jdarith.obj
 0007:000000ac       __1FEB9909_corecrt_memcpy_s@h 00000001800cc0ac     jdarith.obj
 0007:000000ad       __9200769A_corecrt_wstring@h 00000001800cc0ad     jdarith.obj
 0007:000000ae       __32E5F013_string@h        00000001800cc0ae     jdarith.obj
 0007:000000af       __BCC55906_jdarith@c       00000001800cc0af     jdarith.obj
 0007:000000b1       __A2143F22_corecrt_stdio_config@h 00000001800cc0b1     jdatadst.obj
 0007:000000b2       __829E1958_corecrt_wstdio@h 00000001800cc0b2     jdatadst.obj
 0007:000000b3       __6DFAE8B8_stdio@h         00000001800cc0b3     jdatadst.obj
 0007:000000b4       __1FEB9909_corecrt_memcpy_s@h 00000001800cc0b4     jdatadst.obj
 0007:000000b5       __9200769A_corecrt_wstring@h 00000001800cc0b5     jdatadst.obj
 0007:000000b6       __32E5F013_string@h        00000001800cc0b6     jdatadst.obj
 0007:000000b7       __71E33AEB_jdatadst@c      00000001800cc0b7     jdatadst.obj
 0007:000000b9       __A2143F22_corecrt_stdio_config@h 00000001800cc0b9     jdatasrc.obj
 0007:000000ba       __829E1958_corecrt_wstdio@h 00000001800cc0ba     jdatasrc.obj
 0007:000000bb       __6DFAE8B8_stdio@h         00000001800cc0bb     jdatasrc.obj
 0007:000000bc       __1FEB9909_corecrt_memcpy_s@h 00000001800cc0bc     jdatasrc.obj
 0007:000000bd       __9200769A_corecrt_wstring@h 00000001800cc0bd     jdatasrc.obj
 0007:000000be       __32E5F013_string@h        00000001800cc0be     jdatasrc.obj
 0007:000000bf       __02F6A3E9_jdatasrc@c      00000001800cc0bf     jdatasrc.obj
 0007:000000c1       __A2143F22_corecrt_stdio_config@h 00000001800cc0c1     jdcoefct.obj
 0007:000000c2       __829E1958_corecrt_wstdio@h 00000001800cc0c2     jdcoefct.obj
 0007:000000c3       __6DFAE8B8_stdio@h         00000001800cc0c3     jdcoefct.obj
 0007:000000c4       __1FEB9909_corecrt_memcpy_s@h 00000001800cc0c4     jdcoefct.obj
 0007:000000c5       __9200769A_corecrt_wstring@h 00000001800cc0c5     jdcoefct.obj
 0007:000000c6       __32E5F013_string@h        00000001800cc0c6     jdcoefct.obj
 0007:000000c7       __E757B34B_jdcoefct@c      00000001800cc0c7     jdcoefct.obj
 0007:000000c9       __A2143F22_corecrt_stdio_config@h 00000001800cc0c9     jdcolor.obj
 0007:000000ca       __829E1958_corecrt_wstdio@h 00000001800cc0ca     jdcolor.obj
 0007:000000cb       __6DFAE8B8_stdio@h         00000001800cc0cb     jdcolor.obj
 0007:000000cc       __1FEB9909_corecrt_memcpy_s@h 00000001800cc0cc     jdcolor.obj
 0007:000000cd       __9200769A_corecrt_wstring@h 00000001800cc0cd     jdcolor.obj
 0007:000000ce       __32E5F013_string@h        00000001800cc0ce     jdcolor.obj
 0007:000000cf       __CA5B2022_jdcolor@c       00000001800cc0cf     jdcolor.obj
 0007:000000d1       __A2143F22_corecrt_stdio_config@h 00000001800cc0d1     jddctmgr.obj
 0007:000000d2       __829E1958_corecrt_wstdio@h 00000001800cc0d2     jddctmgr.obj
 0007:000000d3       __6DFAE8B8_stdio@h         00000001800cc0d3     jddctmgr.obj
 0007:000000d4       __1FEB9909_corecrt_memcpy_s@h 00000001800cc0d4     jddctmgr.obj
 0007:000000d5       __9200769A_corecrt_wstring@h 00000001800cc0d5     jddctmgr.obj
 0007:000000d6       __32E5F013_string@h        00000001800cc0d6     jddctmgr.obj
 0007:000000d7       __1E87DBEC_jddctmgr@c      00000001800cc0d7     jddctmgr.obj
 0007:000000d9       __A2143F22_corecrt_stdio_config@h 00000001800cc0d9     jdhuff.obj
 0007:000000da       __829E1958_corecrt_wstdio@h 00000001800cc0da     jdhuff.obj
 0007:000000db       __6DFAE8B8_stdio@h         00000001800cc0db     jdhuff.obj
 0007:000000dc       __1FEB9909_corecrt_memcpy_s@h 00000001800cc0dc     jdhuff.obj
 0007:000000dd       __9200769A_corecrt_wstring@h 00000001800cc0dd     jdhuff.obj
 0007:000000de       __32E5F013_string@h        00000001800cc0de     jdhuff.obj
 0007:000000df       __DF7A23EC_jdhuff@c        00000001800cc0df     jdhuff.obj
 0007:000000e1       __A2143F22_corecrt_stdio_config@h 00000001800cc0e1     jdinput.obj
 0007:000000e2       __829E1958_corecrt_wstdio@h 00000001800cc0e2     jdinput.obj
 0007:000000e3       __6DFAE8B8_stdio@h         00000001800cc0e3     jdinput.obj
 0007:000000e4       __1FEB9909_corecrt_memcpy_s@h 00000001800cc0e4     jdinput.obj
 0007:000000e5       __9200769A_corecrt_wstring@h 00000001800cc0e5     jdinput.obj
 0007:000000e6       __32E5F013_string@h        00000001800cc0e6     jdinput.obj
 0007:000000e7       __3B4E1D03_jdinput@c       00000001800cc0e7     jdinput.obj
 0007:000000e9       __A2143F22_corecrt_stdio_config@h 00000001800cc0e9     jdmainct.obj
 0007:000000ea       __829E1958_corecrt_wstdio@h 00000001800cc0ea     jdmainct.obj
 0007:000000eb       __6DFAE8B8_stdio@h         00000001800cc0eb     jdmainct.obj
 0007:000000ec       __1FEB9909_corecrt_memcpy_s@h 00000001800cc0ec     jdmainct.obj
 0007:000000ed       __9200769A_corecrt_wstring@h 00000001800cc0ed     jdmainct.obj
 0007:000000ee       __32E5F013_string@h        00000001800cc0ee     jdmainct.obj
 0007:000000ef       __E550519E_jdmainct@c      00000001800cc0ef     jdmainct.obj
 0007:000000f1       __A2143F22_corecrt_stdio_config@h 00000001800cc0f1     jdmarker.obj
 0007:000000f2       __829E1958_corecrt_wstdio@h 00000001800cc0f2     jdmarker.obj
 0007:000000f3       __6DFAE8B8_stdio@h         00000001800cc0f3     jdmarker.obj
 0007:000000f4       __1FEB9909_corecrt_memcpy_s@h 00000001800cc0f4     jdmarker.obj
 0007:000000f5       __9200769A_corecrt_wstring@h 00000001800cc0f5     jdmarker.obj
 0007:000000f6       __32E5F013_string@h        00000001800cc0f6     jdmarker.obj
 0007:000000f7       __65470FD8_jdmarker@c      00000001800cc0f7     jdmarker.obj
 0007:000000f9       __A2143F22_corecrt_stdio_config@h 00000001800cc0f9     jdmaster.obj
 0007:000000fa       __829E1958_corecrt_wstdio@h 00000001800cc0fa     jdmaster.obj
 0007:000000fb       __6DFAE8B8_stdio@h         00000001800cc0fb     jdmaster.obj
 0007:000000fc       __1FEB9909_corecrt_memcpy_s@h 00000001800cc0fc     jdmaster.obj
 0007:000000fd       __9200769A_corecrt_wstring@h 00000001800cc0fd     jdmaster.obj
 0007:000000fe       __32E5F013_string@h        00000001800cc0fe     jdmaster.obj
 0007:000000ff       __4CABDC2E_jdmaster@c      00000001800cc0ff     jdmaster.obj
 0007:00000101       __A2143F22_corecrt_stdio_config@h 00000001800cc101     jdmerge.obj
 0007:00000102       __829E1958_corecrt_wstdio@h 00000001800cc102     jdmerge.obj
 0007:00000103       __6DFAE8B8_stdio@h         00000001800cc103     jdmerge.obj
 0007:00000104       __1FEB9909_corecrt_memcpy_s@h 00000001800cc104     jdmerge.obj
 0007:00000105       __9200769A_corecrt_wstring@h 00000001800cc105     jdmerge.obj
 0007:00000106       __32E5F013_string@h        00000001800cc106     jdmerge.obj
 0007:00000107       __38F2CCE0_jdmerge@c       00000001800cc107     jdmerge.obj
 0007:00000109       __A2143F22_corecrt_stdio_config@h 00000001800cc109     jdpostct.obj
 0007:0000010a       __829E1958_corecrt_wstdio@h 00000001800cc10a     jdpostct.obj
 0007:0000010b       __6DFAE8B8_stdio@h         00000001800cc10b     jdpostct.obj
 0007:0000010c       __1FEB9909_corecrt_memcpy_s@h 00000001800cc10c     jdpostct.obj
 0007:0000010d       __9200769A_corecrt_wstring@h 00000001800cc10d     jdpostct.obj
 0007:0000010e       __32E5F013_string@h        00000001800cc10e     jdpostct.obj
 0007:0000010f       __DACCA0E7_jdpostct@c      00000001800cc10f     jdpostct.obj
 0007:00000111       __A2143F22_corecrt_stdio_config@h 00000001800cc111     jdsample.obj
 0007:00000112       __829E1958_corecrt_wstdio@h 00000001800cc112     jdsample.obj
 0007:00000113       __6DFAE8B8_stdio@h         00000001800cc113     jdsample.obj
 0007:00000114       __1FEB9909_corecrt_memcpy_s@h 00000001800cc114     jdsample.obj
 0007:00000115       __9200769A_corecrt_wstring@h 00000001800cc115     jdsample.obj
 0007:00000116       __32E5F013_string@h        00000001800cc116     jdsample.obj
 0007:00000117       __8DA7C063_jdsample@c      00000001800cc117     jdsample.obj
 0007:00000119       __A2143F22_corecrt_stdio_config@h 00000001800cc119     jdtrans.obj
 0007:0000011a       __829E1958_corecrt_wstdio@h 00000001800cc11a     jdtrans.obj
 0007:0000011b       __6DFAE8B8_stdio@h         00000001800cc11b     jdtrans.obj
 0007:0000011c       __1FEB9909_corecrt_memcpy_s@h 00000001800cc11c     jdtrans.obj
 0007:0000011d       __9200769A_corecrt_wstring@h 00000001800cc11d     jdtrans.obj
 0007:0000011e       __32E5F013_string@h        00000001800cc11e     jdtrans.obj
 0007:0000011f       __96845AC4_jdtrans@c       00000001800cc11f     jdtrans.obj
 0007:00000121       __A2143F22_corecrt_stdio_config@h 00000001800cc121     jerror.obj
 0007:00000122       __829E1958_corecrt_wstdio@h 00000001800cc122     jerror.obj
 0007:00000123       __6DFAE8B8_stdio@h         00000001800cc123     jerror.obj
 0007:00000124       __1FEB9909_corecrt_memcpy_s@h 00000001800cc124     jerror.obj
 0007:00000125       __9200769A_corecrt_wstring@h 00000001800cc125     jerror.obj
 0007:00000126       __32E5F013_string@h        00000001800cc126     jerror.obj
 0007:00000127       __0F479193_jerror@c        00000001800cc127     jerror.obj
 0007:00000129       __A2143F22_corecrt_stdio_config@h 00000001800cc129     jfdctflt.obj
 0007:0000012a       __829E1958_corecrt_wstdio@h 00000001800cc12a     jfdctflt.obj
 0007:0000012b       __6DFAE8B8_stdio@h         00000001800cc12b     jfdctflt.obj
 0007:0000012c       __1FEB9909_corecrt_memcpy_s@h 00000001800cc12c     jfdctflt.obj
 0007:0000012d       __9200769A_corecrt_wstring@h 00000001800cc12d     jfdctflt.obj
 0007:0000012e       __32E5F013_string@h        00000001800cc12e     jfdctflt.obj
 0007:0000012f       __942D39C8_jfdctflt@c      00000001800cc12f     jfdctflt.obj
 0007:00000131       __A2143F22_corecrt_stdio_config@h 00000001800cc131     jfdctfst.obj
 0007:00000132       __829E1958_corecrt_wstdio@h 00000001800cc132     jfdctfst.obj
 0007:00000133       __6DFAE8B8_stdio@h         00000001800cc133     jfdctfst.obj
 0007:00000134       __1FEB9909_corecrt_memcpy_s@h 00000001800cc134     jfdctfst.obj
 0007:00000135       __9200769A_corecrt_wstring@h 00000001800cc135     jfdctfst.obj
 0007:00000136       __32E5F013_string@h        00000001800cc136     jfdctfst.obj
 0007:00000137       __9C577E01_jfdctfst@c      00000001800cc137     jfdctfst.obj
 0007:00000139       __A2143F22_corecrt_stdio_config@h 00000001800cc139     jfdctint.obj
 0007:0000013a       __829E1958_corecrt_wstdio@h 00000001800cc13a     jfdctint.obj
 0007:0000013b       __6DFAE8B8_stdio@h         00000001800cc13b     jfdctint.obj
 0007:0000013c       __1FEB9909_corecrt_memcpy_s@h 00000001800cc13c     jfdctint.obj
 0007:0000013d       __9200769A_corecrt_wstring@h 00000001800cc13d     jfdctint.obj
 0007:0000013e       __32E5F013_string@h        00000001800cc13e     jfdctint.obj
 0007:0000013f       __BC746692_jfdctint@c      00000001800cc13f     jfdctint.obj
 0007:00000141       __A2143F22_corecrt_stdio_config@h 00000001800cc141     jidctflt.obj
 0007:00000142       __829E1958_corecrt_wstdio@h 00000001800cc142     jidctflt.obj
 0007:00000143       __6DFAE8B8_stdio@h         00000001800cc143     jidctflt.obj
 0007:00000144       __1FEB9909_corecrt_memcpy_s@h 00000001800cc144     jidctflt.obj
 0007:00000145       __9200769A_corecrt_wstring@h 00000001800cc145     jidctflt.obj
 0007:00000146       __32E5F013_string@h        00000001800cc146     jidctflt.obj
 0007:00000147       __4B94F619_jidctflt@c      00000001800cc147     jidctflt.obj
 0007:00000149       __A2143F22_corecrt_stdio_config@h 00000001800cc149     jidctfst.obj
 0007:0000014a       __829E1958_corecrt_wstdio@h 00000001800cc14a     jidctfst.obj
 0007:0000014b       __6DFAE8B8_stdio@h         00000001800cc14b     jidctfst.obj
 0007:0000014c       __1FEB9909_corecrt_memcpy_s@h 00000001800cc14c     jidctfst.obj
 0007:0000014d       __9200769A_corecrt_wstring@h 00000001800cc14d     jidctfst.obj
 0007:0000014e       __32E5F013_string@h        00000001800cc14e     jidctfst.obj
 0007:0000014f       __43EEB1D0_jidctfst@c      00000001800cc14f     jidctfst.obj
 0007:00000151       __A2143F22_corecrt_stdio_config@h 00000001800cc151     jidctint.obj
 0007:00000152       __829E1958_corecrt_wstdio@h 00000001800cc152     jidctint.obj
 0007:00000153       __6DFAE8B8_stdio@h         00000001800cc153     jidctint.obj
 0007:00000154       __1FEB9909_corecrt_memcpy_s@h 00000001800cc154     jidctint.obj
 0007:00000155       __9200769A_corecrt_wstring@h 00000001800cc155     jidctint.obj
 0007:00000156       __32E5F013_string@h        00000001800cc156     jidctint.obj
 0007:00000157       __63CDA943_jidctint@c      00000001800cc157     jidctint.obj
 0007:00000159       __A2143F22_corecrt_stdio_config@h 00000001800cc159     jmemmgr.obj
 0007:0000015a       __829E1958_corecrt_wstdio@h 00000001800cc15a     jmemmgr.obj
 0007:0000015b       __6DFAE8B8_stdio@h         00000001800cc15b     jmemmgr.obj
 0007:0000015c       __1FEB9909_corecrt_memcpy_s@h 00000001800cc15c     jmemmgr.obj
 0007:0000015d       __9200769A_corecrt_wstring@h 00000001800cc15d     jmemmgr.obj
 0007:0000015e       __32E5F013_string@h        00000001800cc15e     jmemmgr.obj
 0007:0000015f       __03D8AE67_jmemmgr@c       00000001800cc15f     jmemmgr.obj
 0007:00000161       __A2143F22_corecrt_stdio_config@h 00000001800cc161     jmemnobs.obj
 0007:00000162       __829E1958_corecrt_wstdio@h 00000001800cc162     jmemnobs.obj
 0007:00000163       __6DFAE8B8_stdio@h         00000001800cc163     jmemnobs.obj
 0007:00000164       __1FEB9909_corecrt_memcpy_s@h 00000001800cc164     jmemnobs.obj
 0007:00000165       __9200769A_corecrt_wstring@h 00000001800cc165     jmemnobs.obj
 0007:00000166       __32E5F013_string@h        00000001800cc166     jmemnobs.obj
 0007:00000167       __C020FEEC_jmemnobs@c      00000001800cc167     jmemnobs.obj
 0007:00000169       __A2143F22_corecrt_stdio_config@h 00000001800cc169     jquant1.obj
 0007:0000016a       __829E1958_corecrt_wstdio@h 00000001800cc16a     jquant1.obj
 0007:0000016b       __6DFAE8B8_stdio@h         00000001800cc16b     jquant1.obj
 0007:0000016c       __1FEB9909_corecrt_memcpy_s@h 00000001800cc16c     jquant1.obj
 0007:0000016d       __9200769A_corecrt_wstring@h 00000001800cc16d     jquant1.obj
 0007:0000016e       __32E5F013_string@h        00000001800cc16e     jquant1.obj
 0007:0000016f       __4F00678E_jquant1@c       00000001800cc16f     jquant1.obj
 0007:00000171       __A2143F22_corecrt_stdio_config@h 00000001800cc171     jquant2.obj
 0007:00000172       __829E1958_corecrt_wstdio@h 00000001800cc172     jquant2.obj
 0007:00000173       __6DFAE8B8_stdio@h         00000001800cc173     jquant2.obj
 0007:00000174       __1FEB9909_corecrt_memcpy_s@h 00000001800cc174     jquant2.obj
 0007:00000175       __9200769A_corecrt_wstring@h 00000001800cc175     jquant2.obj
 0007:00000176       __32E5F013_string@h        00000001800cc176     jquant2.obj
 0007:00000177       __4D46D9D7_jquant2@c       00000001800cc177     jquant2.obj
 0007:00000179       __A2143F22_corecrt_stdio_config@h 00000001800cc179     jutils.obj
 0007:0000017a       __829E1958_corecrt_wstdio@h 00000001800cc17a     jutils.obj
 0007:0000017b       __6DFAE8B8_stdio@h         00000001800cc17b     jutils.obj
 0007:0000017c       __1FEB9909_corecrt_memcpy_s@h 00000001800cc17c     jutils.obj
 0007:0000017d       __9200769A_corecrt_wstring@h 00000001800cc17d     jutils.obj
 0007:0000017e       __32E5F013_string@h        00000001800cc17e     jutils.obj
 0007:0000017f       __BA878D0A_jutils@c        00000001800cc17f     jutils.obj
 0007:00000181       __7E3A7F9A_Jpeg9d@pch      00000001800cc181     pch.obj
 0007:00000182       __B2D2BA86_ctype@h         00000001800cc182     pch.obj
 0007:00000183       __79C7FC57_basetsd@h       00000001800cc183     pch.obj
 0007:00000184       __1FEB9909_corecrt_memcpy_s@h 00000001800cc184     pch.obj
 0007:00000185       __A751F051_corecrt_memory@h 00000001800cc185     pch.obj
 0007:00000186       __9200769A_corecrt_wstring@h 00000001800cc186     pch.obj
 0007:00000187       __32E5F013_string@h        00000001800cc187     pch.obj
 0007:00000188       __D545DD43_guiddef@h       00000001800cc188     pch.obj
 0007:00000189       __D5DDFBF3_winnt@h         00000001800cc189     pch.obj
 0007:0000018a       __439612F0_processthreadsapi@h 00000001800cc18a     pch.obj
 0007:0000018b       __5733279A_memoryapi@h     00000001800cc18b     pch.obj
 0007:0000018c       __D4435474_winerror@h      00000001800cc18c     pch.obj
 0007:0000018d       __B3ED30D4_winbase@h       00000001800cc18d     pch.obj
 0007:0000018e       __DB057BA3_winuser@h       00000001800cc18e     pch.obj
 0007:0000018f       __A118E6DC_stralign@h      00000001800cc18f     pch.obj
 0009:00000170       $R000000                   00000001800ce170     * linker generated manifest res *
